Archive member included to satisfy reference by file (symbol)

C:/Users/LABPC0~1/PICO-S~1/TOOLCH~1/14_2_R~1/bin/../lib/gcc/arm-none-eabi/14.2.1/thumb/v6-m/nofp\libgcc.a(_dvmd_tls.o)
                              ads1x115/CMakeFiles/ads1x15.dir/C_/Users/Lab_PC_02/.pico-sdk/sdk/2.1.1/src/rp2_common/pico_divider/divider_hardware.S.obj (__aeabi_idiv0)
C:/Users/LABPC0~1/PICO-S~1/TOOLCH~1/14_2_R~1/bin/../lib/gcc/arm-none-eabi/14.2.1/thumb/v6-m/nofp\libg.a(libc_a-calloc.o)
                              ads1x115/CMakeFiles/ads1x15.dir/C_/Users/Lab_PC_02/.pico-sdk/sdk/2.1.1/src/rp2_common/pico_malloc/malloc.c.obj (calloc)
C:/Users/LABPC0~1/PICO-S~1/TOOLCH~1/14_2_R~1/bin/../lib/gcc/arm-none-eabi/14.2.1/thumb/v6-m/nofp\libg.a(libc_a-callocr.o)
                              C:/Users/LABPC0~1/PICO-S~1/TOOLCH~1/14_2_R~1/bin/../lib/gcc/arm-none-eabi/14.2.1/thumb/v6-m/nofp\libg.a(libc_a-calloc.o) (_calloc_r)
C:/Users/LABPC0~1/PICO-S~1/TOOLCH~1/14_2_R~1/bin/../lib/gcc/arm-none-eabi/14.2.1/thumb/v6-m/nofp\libg.a(libc_a-malloc.o)
                              ads1x115/CMakeFiles/ads1x15.dir/C_/Users/Lab_PC_02/.pico-sdk/sdk/2.1.1/src/rp2_common/pico_malloc/malloc.c.obj (malloc)
C:/Users/LABPC0~1/PICO-S~1/TOOLCH~1/14_2_R~1/bin/../lib/gcc/arm-none-eabi/14.2.1/thumb/v6-m/nofp\libg.a(libc_a-mallocr.o)
                              C:/Users/LABPC0~1/PICO-S~1/TOOLCH~1/14_2_R~1/bin/../lib/gcc/arm-none-eabi/14.2.1/thumb/v6-m/nofp\libg.a(libc_a-callocr.o) (_malloc_r)
C:/Users/LABPC0~1/PICO-S~1/TOOLCH~1/14_2_R~1/bin/../lib/gcc/arm-none-eabi/14.2.1/thumb/v6-m/nofp\libg.a(libc_a-mlock.o)
                              C:/Users/LABPC0~1/PICO-S~1/TOOLCH~1/14_2_R~1/bin/../lib/gcc/arm-none-eabi/14.2.1/thumb/v6-m/nofp\libg.a(libc_a-mallocr.o) (__malloc_lock)
C:/Users/LABPC0~1/PICO-S~1/TOOLCH~1/14_2_R~1/bin/../lib/gcc/arm-none-eabi/14.2.1/thumb/v6-m/nofp\libg.a(libc_a-realloc.o)
                              ads1x115/CMakeFiles/ads1x15.dir/C_/Users/Lab_PC_02/.pico-sdk/sdk/2.1.1/src/rp2_common/pico_malloc/malloc.c.obj (realloc)
C:/Users/LABPC0~1/PICO-S~1/TOOLCH~1/14_2_R~1/bin/../lib/gcc/arm-none-eabi/14.2.1/thumb/v6-m/nofp\libg.a(libc_a-reallocr.o)
                              C:/Users/LABPC0~1/PICO-S~1/TOOLCH~1/14_2_R~1/bin/../lib/gcc/arm-none-eabi/14.2.1/thumb/v6-m/nofp\libg.a(libc_a-realloc.o) (_realloc_r)
C:/Users/LABPC0~1/PICO-S~1/TOOLCH~1/14_2_R~1/bin/../lib/gcc/arm-none-eabi/14.2.1/thumb/v6-m/nofp\libg.a(libc_a-ctype_.o)
                              ads1x115/CMakeFiles/ads1x15.dir/C_/Users/Lab_PC_02/.pico-sdk/sdk/2.1.1/lib/tinyusb/src/tusb.c.obj (_ctype_)
C:/Users/LABPC0~1/PICO-S~1/TOOLCH~1/14_2_R~1/bin/../lib/gcc/arm-none-eabi/14.2.1/thumb/v6-m/nofp\libg.a(libc_a-memcmp.o)
                              ads1x115/CMakeFiles/ads1x15.dir/C_/Users/Lab_PC_02/.pico-sdk/sdk/2.1.1/src/rp2_common/pico_atomic/atomic.c.obj (memcmp)
C:/Users/LABPC0~1/PICO-S~1/TOOLCH~1/14_2_R~1/bin/../lib/gcc/arm-none-eabi/14.2.1/thumb/v6-m/nofp\libg.a(libc_a-memmove.o)
                              C:/Users/LABPC0~1/PICO-S~1/TOOLCH~1/14_2_R~1/bin/../lib/gcc/arm-none-eabi/14.2.1/thumb/v6-m/nofp\libg.a(libc_a-reallocr.o) (memmove)
C:/Users/LABPC0~1/PICO-S~1/TOOLCH~1/14_2_R~1/bin/../lib/gcc/arm-none-eabi/14.2.1/thumb/v6-m/nofp\libg.a(libc_a-lcltime_r.o)
                              ads1x115/CMakeFiles/ads1x15.dir/C_/Users/Lab_PC_02/.pico-sdk/sdk/2.1.1/src/common/pico_util/datetime.c.obj (localtime_r)
C:/Users/LABPC0~1/PICO-S~1/TOOLCH~1/14_2_R~1/bin/../lib/gcc/arm-none-eabi/14.2.1/thumb/v6-m/nofp\libg.a(libc_a-mktime.o)
                              ads1x115/CMakeFiles/ads1x15.dir/C_/Users/Lab_PC_02/.pico-sdk/sdk/2.1.1/src/common/pico_util/datetime.c.obj (mktime)
C:/Users/LABPC0~1/PICO-S~1/TOOLCH~1/14_2_R~1/bin/../lib/gcc/arm-none-eabi/14.2.1/thumb/v6-m/nofp\libg.a(libc_a-month_lengths.o)
                              C:/Users/LABPC0~1/PICO-S~1/TOOLCH~1/14_2_R~1/bin/../lib/gcc/arm-none-eabi/14.2.1/thumb/v6-m/nofp\libg.a(libc_a-lcltime_r.o) (__month_lengths)
C:/Users/LABPC0~1/PICO-S~1/TOOLCH~1/14_2_R~1/bin/../lib/gcc/arm-none-eabi/14.2.1/thumb/v6-m/nofp\libg.a(libc_a-tzcalc_limits.o)
                              C:/Users/LABPC0~1/PICO-S~1/TOOLCH~1/14_2_R~1/bin/../lib/gcc/arm-none-eabi/14.2.1/thumb/v6-m/nofp\libg.a(libc_a-lcltime_r.o) (__tzcalc_limits)
C:/Users/LABPC0~1/PICO-S~1/TOOLCH~1/14_2_R~1/bin/../lib/gcc/arm-none-eabi/14.2.1/thumb/v6-m/nofp\libg.a(libc_a-tzlock.o)
                              C:/Users/LABPC0~1/PICO-S~1/TOOLCH~1/14_2_R~1/bin/../lib/gcc/arm-none-eabi/14.2.1/thumb/v6-m/nofp\libg.a(libc_a-lcltime_r.o) (__tz_lock)
C:/Users/LABPC0~1/PICO-S~1/TOOLCH~1/14_2_R~1/bin/../lib/gcc/arm-none-eabi/14.2.1/thumb/v6-m/nofp\libg.a(libc_a-tzset.o)
                              C:/Users/LABPC0~1/PICO-S~1/TOOLCH~1/14_2_R~1/bin/../lib/gcc/arm-none-eabi/14.2.1/thumb/v6-m/nofp\libg.a(libc_a-lcltime_r.o) (_tzset_unlocked)
C:/Users/LABPC0~1/PICO-S~1/TOOLCH~1/14_2_R~1/bin/../lib/gcc/arm-none-eabi/14.2.1/thumb/v6-m/nofp\libg.a(libc_a-tzset_r.o)
[...]
Memory Configuration

Name             Origin             Length             Attributes
FLASH            0x10000000         0x00200000         xr
RAM              0x20000000         0x00040000         xrw
SCRATCH_X        0x20040000         0x00001000         xrw
SCRATCH_Y        0x20041000         0x00001000         xrw
*default*        0x00000000         0xffffffff

Linker script and memory map

LOAD C:/Users/LABPC0~1/PICO-S~1/TOOLCH~1/14_2_R~1/bin/../lib/gcc/arm-none-eabi/14.2.1/thumb/v6-m/nofp/crti.o
LOAD C:/Users/LABPC0~1/PICO-S~1/TOOLCH~1/14_2_R~1/bin/../lib/gcc/arm-none-eabi/14.2.1/thumb/v6-m/nofp/crtbegin.o
LOAD C:/Users/LABPC0~1/PICO-S~1/TOOLCH~1/14_2_R~1/bin/../lib/gcc/arm-none-eabi/14.2.1/thumb/v6-m/nofp/crt0.o

.flash_begin    0x10000000        0x0
                0x10000000                        __flash_binary_start = .

.boot2          0x10000000      0x100
                0x10000000                        __boot2_start__ = .
 *(.boot2)
 .boot2         0x10000000      0x100 pico-sdk/src/rp2040/boot_stage2/CMakeFiles/bs2_default_library.dir/./bs2_default_padded_checksummed.S.obj
                0x10000100                        __boot2_end__ = .
                0x00000001                        ASSERT (((__boot2_end__ - __boot2_start__) == 0x100), ERROR: Pico second stage bootloader must be 256 bytes in size)

.text           0x10000100     0x6cc0
                0x10000100                        __logical_binary_start = .
 *(.vectors)
 .vectors       0x10000100       0xd4 ads1x115/CMakeFiles/ads1x15.dir/C_/Users/Lab_PC_02/.pico-sdk/sdk/2.1.1/src/rp2_common/pico_crt0/crt0.S.obj
                0x10000100                __VECTOR_TABLE
                0x10000100                __vectors
                0x100001c0                isr_invalid
                0x100001c0                __default_isrs_start
                0x100001c2                isr_nmi
                0x100001c4                isr_hardfault
                0x100001c6                isr_svcall
                0x100001c8                isr_pendsv
                0x100001ca                isr_systick
                0x100001cc                isr_irq23
                0x100001cc                isr_irq18
                0x100001cc                isr_irq11
                0x100001cc                isr_irq28
                0x100001cc                isr_irq19
                0x100001cc                isr_irq0
                0x100001cc                isr_irq6
                0x100001cc                isr_irq5
                0x100001cc                isr_irq12
                0x100001cc                isr_irq22
                0x100001cc                isr_irq31
                0x100001cc                isr_irq17
                0x100001cc                isr_irq27
                0x100001cc                isr_irq30
                0x100001cc                isr_irq2
                0x100001cc                isr_irq10
                0x100001cc                isr_irq8
                0x100001cc                isr_irq24
                0x100001cc                isr_irq1
                0x100001cc                isr_irq7
                0x100001cc                isr_irq21
                0x100001cc                isr_irq20
                0x100001cc                isr_irq15
                0x100001cc                isr_irq25
                0x100001cc                isr_irq13
                0x100001cc                __unhandled_user_irq
                0x100001cc                isr_irq4
                0x100001cc                isr_irq16
                0x100001cc                isr_irq29
                0x100001cc                isr_irq26
                0x100001cc                __default_isrs_end
                0x100001cc                isr_irq3
                0x100001cc                isr_irq14
                0x100001cc                isr_irq9
                0x100001d2                unhandled_user_irq_num_in_r0
 *(.binary_info_header)
 .binary_info_header
                0x100001d4       0x14 ads1x115/CMakeFiles/ads1x15.dir/C_/Users/Lab_PC_02/.pico-sdk/sdk/2.1.1/src/rp2_common/pico_crt0/crt0.S.obj
                0x100001e8                        __binary_info_header_end = .
 *(.embedded_block)
                0x100001e8                        __embedded_block_end = .
 *(.reset)
 .reset         0x100001e8       0x9c ads1x115/CMakeFiles/ads1x15.dir/C_/Users/Lab_PC_02/.pico-sdk/sdk/2.1.1/src/rp2_common/pico_crt0/crt0.S.obj
                0x100001e8                _entry_point
 *(.init)
 .init          0x10000284        0x4 C:/Users/LABPC0~1/PICO-S~1/TOOLCH~1/14_2_R~1/bin/../lib/gcc/arm-none-eabi/14.2.1/thumb/v6-m/nofp/crti.o
                0x10000284                _init
 *(EXCLUDE_FILE(*libm.a: *libc.a:*lib_a-mem*.o *libgcc.a:) .text*)
 .text.register_tm_clones
                0x10000288       0x28 C:/Users/LABPC0~1/PICO-S~1/TOOLCH~1/14_2_R~1/bin/../lib/gcc/arm-none-eabi/14.2.1/thumb/v6-m/nofp/crtbegin.o
 .text.frame_dummy
                0x100002b0       0x24 C:/Users/LABPC0~1/PICO-S~1/TOOLCH~1/14_2_R~1/bin/../lib/gcc/arm-none-eabi/14.2.1/thumb/v6-m/nofp/crtbegin.o
 .text._Z41__static_initialization_and_destruction_0v
                0x100002d4       0x10 ads1x115/CMakeFiles/ads1x15.dir/examples/single_ended/main.cpp.obj
 .text.main     0x100002e4      0x14c ads1x115/CMakeFiles/ads1x15.dir/examples/single_ended/main.cpp.obj
                0x100002e4                main
 .text._GLOBAL__sub_I_ads
                0x10000430        0x8 ads1x115/CMakeFiles/ads1x15.dir/examples/single_ended/main.cpp.obj
 .text.gpio_set_function
                0x10000438       0x34 ads1x115/CMakeFiles/ads1x15.dir/C_/Users/Lab_PC_02/.pico-sdk/sdk/2.1.1/src/rp2_common/hardware_gpio/gpio.c.obj
                0x10000438                gpio_set_function
 .text.gpio_set_pulls
                0x1000046c       0x38 ads1x115/CMakeFiles/ads1x15.dir/C_/Users/Lab_PC_02/.pico-sdk/sdk/2.1.1/src/rp2_common/hardware_gpio/gpio.c.obj
                0x1000046c                gpio_set_pulls
 .text.rp2040_chip_version
                0x100004a4       0x54 ads1x115/CMakeFiles/ads1x15.dir/C_/Users/Lab_PC_02/.pico-sdk/sdk/2.1.1/src/rp2040/pico_platform/platform.c.obj
                0x100004a4                rp2040_chip_version
 .text.panic    0x100004f8       0x30 ads1x115/CMakeFiles/ads1x15.dir/C_/Users/Lab_PC_02/.pico-sdk/sdk/2.1.1/src/rp2_common/pico_platform_panic/panic.c.obj
                0x100004f8                panic
 .text.hw_claim_lock
                0x10000528       0x18 ads1x115/CMakeFiles/ads1x15.dir/C_/Users/Lab_PC_02/.pico-sdk/sdk/2.1.1/src/common/hardware_claim/claim.c.obj
                0x10000528                hw_claim_lock
 .text.hw_claim_unlock
                0x10000540       0x14 ads1x115/CMakeFiles/ads1x15.dir/C_/Users/Lab_PC_02/.pico-sdk/sdk/2.1.1/src/common/hardware_claim/claim.c.obj
                0x10000540                hw_claim_unlock
 .text.hw_claim_or_assert
                0x10000554       0x32 ads1x115/CMakeFiles/ads1x15.dir/C_/Users/Lab_PC_02/.pico-sdk/sdk/2.1.1/src/common/hardware_claim/claim.c.obj
                0x10000554                hw_claim_or_assert
 .text.hw_claim_unused_from_range
                0x10000586       0x50 ads1x115/CMakeFiles/ads1x15.dir/C_/Users/Lab_PC_02/.pico-sdk/sdk/2.1.1/src/common/hardware_claim/claim.c.obj
                0x10000586                hw_claim_unused_from_range
 *fill*         0x100005d6        0x2 
 .text.next_striped_spin_lock_num
                0x100005d8       0x1c ads1x115/CMakeFiles/ads1x15.dir/C_/Users/Lab_PC_02/.pico-sdk/sdk/2.1.1/src/rp2_common/hardware_sync/sync.c.obj
                0x100005d8                next_striped_spin_lock_num
 .text.spin_lock_claim_unused
                0x100005f4       0x24 ads1x115/CMakeFiles/ads1x15.dir/C_/Users/Lab_PC_02/.pico-sdk/sdk/2.1.1/src/rp2_common/hardware_sync/sync.c.obj
                0x100005f4                spin_lock_claim_unused
 .text.spin_locks_reset
                0x10000618       0x20 ads1x115/CMakeFiles/ads1x15.dir/C_/Users/Lab_PC_02/.pico-sdk/sdk/2.1.1/src/rp2_common/hardware_sync_spin_lock/sync_spin_lock.c.obj
                0x10000618                spin_locks_reset
 .text.set_raw_irq_handler_and_unlock
                0x10000638       0x28 ads1x115/CMakeFiles/ads1x15.dir/C_/Users/Lab_PC_02/.pico-sdk/sdk/2.1.1/src/rp2_common/hardware_irq/irq.c.obj
 .text.nvic_ipr0
                0x10000660        0x8 ads1x115/CMakeFiles/ads1x15.dir/C_/Users/Lab_PC_02/.pico-sdk/sdk/2.1.1/src/rp2_common/hardware_irq/irq.c.obj
 .text.runtime_init_per_core_irq_priorities
                0x10000668       0x1c ads1x115/CMakeFiles/ads1x15.dir/C_/Users/Lab_PC_02/.pico-sdk/sdk/2.1.1/src/rp2_common/hardware_irq/irq.c.obj
                0x10000668                runtime_init_per_core_irq_priorities
 .text.resolve_j_16
                0x10000684       0x30 ads1x115/CMakeFiles/ads1x15.dir/C_/Users/Lab_PC_02/.pico-sdk/sdk/2.1.1/src/rp2_common/hardware_irq/irq.c.obj
 .text.make_j_16
                0x100006b4       0x48 ads1x115/CMakeFiles/ads1x15.dir/C_/Users/Lab_PC_02/.pico-sdk/sdk/2.1.1/src/rp2_common/hardware_irq/irq.c.obj
 .text.irq_is_enabled
                0x100006fc       0x18 ads1x115/CMakeFiles/ads1x15.dir/C_/Users/Lab_PC_02/.pico-sdk/sdk/2.1.1/src/rp2_common/hardware_irq/irq.c.obj
                0x100006fc                irq_is_enabled
 .text.irq_set_mask_n_enabled
                0x10000714       0x1c ads1x115/CMakeFiles/ads1x15.dir/C_/Users/Lab_PC_02/.pico-sdk/sdk/2.1.1/src/rp2_common/hardware_irq/irq.c.obj
                0x10000714                irq_set_mask_n_enabled
 .text.irq_set_enabled
                0x10000730       0x14 ads1x115/CMakeFiles/ads1x15.dir/C_/Users/Lab_PC_02/.pico-sdk/sdk/2.1.1/src/rp2_common/hardware_irq/irq.c.obj
                0x10000730                irq_set_enabled
 .text.irq_set_pending
                0x10000744       0x10 ads1x115/CMakeFiles/ads1x15.dir/C_/Users/Lab_PC_02/.pico-sdk/sdk/2.1.1/src/rp2_common/hardware_irq/irq.c.obj
                0x10000744                irq_set_pending
 .text.irq_get_vtable_handler
                0x10000754       0x10 ads1x115/CMakeFiles/ads1x15.dir/C_/Users/Lab_PC_02/.pico-sdk/sdk/2.1.1/src/rp2_common/hardware_irq/irq.c.obj
                0x10000754                irq_get_vtable_handler
 .text.irq_has_shared_handler
                0x10000764       0x1c ads1x115/CMakeFiles/ads1x15.dir/C_/Users/Lab_PC_02/.pico-sdk/sdk/2.1.1/src/rp2_common/hardware_irq/irq.c.obj
                0x10000764                irq_has_shared_handler
 .text.irq_set_exclusive_handler
                0x10000780       0x54 ads1x115/CMakeFiles/ads1x15.dir/C_/Users/Lab_PC_02/.pico-sdk/sdk/2.1.1/src/rp2_common/hardware_irq/irq.c.obj
                0x10000780                irq_set_exclusive_handler
 .text.irq_add_shared_handler
                0x100007d4      0x218 ads1x115/CMakeFiles/ads1x15.dir/C_/Users/Lab_PC_02/.pico-sdk/sdk/2.1.1/src/rp2_common/hardware_irq/irq.c.obj
                0x100007d4                irq_add_shared_handler
 .text.irq_add_tail_to_free_list
                0x100009ec       0xf0 ads1x115/CMakeFiles/ads1x15.dir/C_/Users/Lab_PC_02/.pico-sdk/sdk/2.1.1/src/rp2_common/hardware_irq/irq.c.obj
                0x100009ec                irq_add_tail_to_free_list
 .text.user_irq_claim_unused
                0x10000adc       0x2c ads1x115/CMakeFiles/ads1x15.dir/C_/Users/Lab_PC_02/.pico-sdk/sdk/2.1.1/src/rp2_common/hardware_irq/irq.c.obj
                0x10000adc                user_irq_claim_unused
 .text.lock_init
                0x10000b08       0x10 ads1x115/CMakeFiles/ads1x15.dir/C_/Users/Lab_PC_02/.pico-sdk/sdk/2.1.1/src/common/pico_sync/lock_core.c.obj
                0x10000b08                lock_init
 .text.mutex_init
                0x10000b18       0x1a ads1x115/CMakeFiles/ads1x15.dir/C_/Users/Lab_PC_02/.pico-sdk/sdk/2.1.1/src/common/pico_sync/mutex.c.obj
                0x10000b18                mutex_init
 .text.recursive_mutex_init
                0x10000b32       0x1e ads1x115/CMakeFiles/ads1x15.dir/C_/Users/Lab_PC_02/.pico-sdk/sdk/2.1.1/src/common/pico_sync/mutex.c.obj
                0x10000b32                recursive_mutex_init
 .text.runtime_init_mutex
                0x10000b50       0x4c ads1x115/CMakeFiles/ads1x15.dir/C_/Users/Lab_PC_02/.pico-sdk/sdk/2.1.1/src/common/pico_sync/mutex.c.obj
                0x10000b50                runtime_init_mutex
 .text.critical_section_init_with_lock_num
                0x10000b9c       0x14 ads1x115/CMakeFiles/ads1x15.dir/C_/Users/Lab_PC_02/.pico-sdk/sdk/2.1.1/src/common/pico_sync/critical_section.c.obj
                0x10000b9c                critical_section_init_with_lock_num
 .text.critical_section_init
                0x10000bb0       0x14 ads1x115/CMakeFiles/ads1x15.dir/C_/Users/Lab_PC_02/.pico-sdk/sdk/2.1.1/src/common/pico_sync/critical_section.c.obj
                0x10000bb0                critical_section_init
 .text.ta_set_timeout
                0x10000bc4       0x24 ads1x115/CMakeFiles/ads1x15.dir/C_/Users/Lab_PC_02/.pico-sdk/sdk/2.1.1/src/common/pico_time/time.c.obj
 .text.make_alarm_id
                0x10000be8        0x6 ads1x115/CMakeFiles/ads1x15.dir/C_/Users/Lab_PC_02/.pico-sdk/sdk/2.1.1/src/common/pico_time/time.c.obj
 *fill*         0x10000bee        0x2 
 .text.sleep_until_callback
                0x10000bf0       0x30 ads1x115/CMakeFiles/ads1x15.dir/C_/Users/Lab_PC_02/.pico-sdk/sdk/2.1.1/src/common/pico_time/time.c.obj
 .text.alarm_pool_irq_handler
                0x10000c20      0x2f0 ads1x115/CMakeFiles/ads1x15.dir/C_/Users/Lab_PC_02/.pico-sdk/sdk/2.1.1/src/common/pico_time/time.c.obj
 .text.ta_enable_irq_handler
                0x10000f10       0x2c ads1x115/CMakeFiles/ads1x15.dir/C_/Users/Lab_PC_02/.pico-sdk/sdk/2.1.1/src/common/pico_time/time.c.obj
 .text.alarm_pool_post_alloc_init
                0x10000f3c       0x78 ads1x115/CMakeFiles/ads1x15.dir/C_/Users/Lab_PC_02/.pico-sdk/sdk/2.1.1/src/common/pico_time/time.c.obj
 .text.alarm_pool_get_default
                0x10000fb4       0x2c ads1x115/CMakeFiles/ads1x15.dir/C_/Users/Lab_PC_02/.pico-sdk/sdk/2.1.1/src/common/pico_time/time.c.obj
                0x10000fb4                alarm_pool_get_default
 .text.alarm_pool_add_alarm_at_force_in_context
                0x10000fe0       0xa4 ads1x115/CMakeFiles/ads1x15.dir/C_/Users/Lab_PC_02/.pico-sdk/sdk/2.1.1/src/common/pico_time/time.c.obj
                0x10000fe0                alarm_pool_add_alarm_at_force_in_context
 .text.alarm_pool_add_alarm_at
                0x10001084       0x3c ads1x115/CMakeFiles/ads1x15.dir/C_/Users/Lab_PC_02/.pico-sdk/sdk/2.1.1/src/common/pico_time/time.c.obj
                0x10001084                alarm_pool_add_alarm_at
 .text.add_alarm_at
                0x100010c0       0x2e ads1x115/CMakeFiles/ads1x15.dir/C_/Users/Lab_PC_02/.pico-sdk/sdk/2.1.1/src/common/pico_time/time.c.obj
 *fill*         0x100010ee        0x2 
 .text.alarm_pool_cancel_alarm
                0x100010f0       0x78 ads1x115/CMakeFiles/ads1x15.dir/C_/Users/Lab_PC_02/.pico-sdk/sdk/2.1.1/src/common/pico_time/time.c.obj
                0x100010f0                alarm_pool_cancel_alarm
 .text.cancel_alarm
                0x10001168       0x10 ads1x115/CMakeFiles/ads1x15.dir/C_/Users/Lab_PC_02/.pico-sdk/sdk/2.1.1/src/common/pico_time/time.c.obj
 .text.alarm_pool_core_num
                0x10001178        0x4 ads1x115/CMakeFiles/ads1x15.dir/C_/Users/Lab_PC_02/.pico-sdk/sdk/2.1.1/src/common/pico_time/time.c.obj
                0x10001178                alarm_pool_core_num
 .text.best_effort_wfe_or_timeout
                0x1000117c      0x11c ads1x115/CMakeFiles/ads1x15.dir/C_/Users/Lab_PC_02/.pico-sdk/sdk/2.1.1/src/common/pico_time/time.c.obj
                0x1000117c                best_effort_wfe_or_timeout
 .text.alarm_pool_get_default_timer
                0x10001298        0x8 ads1x115/CMakeFiles/ads1x15.dir/C_/Users/Lab_PC_02/.pico-sdk/sdk/2.1.1/src/common/pico_time/time.c.obj
                0x10001298                alarm_pool_get_default_timer
 .text.runtime_init_default_alarm_pool
                0x100012a0       0x38 ads1x115/CMakeFiles/ads1x15.dir/C_/Users/Lab_PC_02/.pico-sdk/sdk/2.1.1/src/common/pico_time/time.c.obj
                0x100012a0                runtime_init_default_alarm_pool
 .text.check_single_timeout_us
                0x100012d8       0x2c ads1x115/CMakeFiles/ads1x15.dir/C_/Users/Lab_PC_02/.pico-sdk/sdk/2.1.1/src/common/pico_time/timeout_helper.c.obj
 .text.init_single_timeout_until
                0x10001304        0xc ads1x115/CMakeFiles/ads1x15.dir/C_/Users/Lab_PC_02/.pico-sdk/sdk/2.1.1/src/common/pico_time/timeout_helper.c.obj
                0x10001304                init_single_timeout_until
 .text.timer_hardware_alarm_claim
                0x10001310       0x14 ads1x115/CMakeFiles/ads1x15.dir/C_/Users/Lab_PC_02/.pico-sdk/sdk/2.1.1/src/rp2_common/hardware_timer/timer.c.obj
                0x10001310                timer_hardware_alarm_claim
 .text.timer_time_us_64
                0x10001324       0x10 ads1x115/CMakeFiles/ads1x15.dir/C_/Users/Lab_PC_02/.pico-sdk/sdk/2.1.1/src/rp2_common/hardware_timer/timer.c.obj
                0x10001324                timer_time_us_64
 .text.timer_busy_wait_until
                0x10001334       0x1a ads1x115/CMakeFiles/ads1x15.dir/C_/Users/Lab_PC_02/.pico-sdk/sdk/2.1.1/src/rp2_common/hardware_timer/timer.c.obj
                0x10001334                timer_busy_wait_until
 .text.timer_busy_wait_us
                0x1000134e       0x38 ads1x115/CMakeFiles/ads1x15.dir/C_/Users/Lab_PC_02/.pico-sdk/sdk/2.1.1/src/rp2_common/hardware_timer/timer.c.obj
                0x1000134e                timer_busy_wait_us
 *fill*         0x10001386        0x2 
 .text.time_us_64
                0x10001388       0x10 ads1x115/CMakeFiles/ads1x15.dir/C_/Users/Lab_PC_02/.pico-sdk/sdk/2.1.1/src/rp2_common/hardware_timer/timer.c.obj
                0x10001388                time_us_64
 .text.busy_wait_us
                0x10001398       0x14 ads1x115/CMakeFiles/ads1x15.dir/C_/Users/Lab_PC_02/.pico-sdk/sdk/2.1.1/src/rp2_common/hardware_timer/timer.c.obj
                0x10001398                busy_wait_us
 .text.timer_busy_wait_us_32
                0x100013ac       0x1c ads1x115/CMakeFiles/ads1x15.dir/C_/Users/Lab_PC_02/.pico-sdk/sdk/2.1.1/src/rp2_common/hardware_timer/timer.c.obj
                0x100013ac                timer_busy_wait_us_32
 .text.timer_busy_wait_ms
                0x100013c8       0x3c ads1x115/CMakeFiles/ads1x15.dir/C_/Users/Lab_PC_02/.pico-sdk/sdk/2.1.1/src/rp2_common/hardware_timer/timer.c.obj
                0x100013c8                timer_busy_wait_ms
 .text.busy_wait_ms
                0x10001404       0x10 ads1x115/CMakeFiles/ads1x15.dir/C_/Users/Lab_PC_02/.pico-sdk/sdk/2.1.1/src/rp2_common/hardware_timer/timer.c.obj
                0x10001404                busy_wait_ms
 .text.clock_configure_internal
                0x10001414       0xc4 ads1x115/CMakeFiles/ads1x15.dir/C_/Users/Lab_PC_02/.pico-sdk/sdk/2.1.1/src/rp2_common/hardware_clocks/clocks.c.obj
 .text.clock_configure_int_divider
                0x100014d8       0x28 ads1x115/CMakeFiles/ads1x15.dir/C_/Users/Lab_PC_02/.pico-sdk/sdk/2.1.1/src/rp2_common/hardware_clocks/clocks.c.obj
                0x100014d8                clock_configure_int_divider
 .text.clock_configure_undivided
                0x10001500       0x12 ads1x115/CMakeFiles/ads1x15.dir/C_/Users/Lab_PC_02/.pico-sdk/sdk/2.1.1/src/rp2_common/hardware_clocks/clocks.c.obj
                0x10001500                clock_configure_undivided
 *fill*         0x10001512        0x2 
 .text.clock_get_hz
                0x10001514        0xc ads1x115/CMakeFiles/ads1x15.dir/C_/Users/Lab_PC_02/.pico-sdk/sdk/2.1.1/src/rp2_common/hardware_clocks/clocks.c.obj
                0x10001514                clock_get_hz
 .text.pll_init
                0x10001520      0x124 ads1x115/CMakeFiles/ads1x15.dir/C_/Users/Lab_PC_02/.pico-sdk/sdk/2.1.1/src/rp2_common/hardware_pll/pll.c.obj
                0x10001520                pll_init
 .text.watchdog_update
                0x10001644       0x14 ads1x115/CMakeFiles/ads1x15.dir/C_/Users/Lab_PC_02/.pico-sdk/sdk/2.1.1/src/rp2_common/hardware_watchdog/watchdog.c.obj
                0x10001644                watchdog_update
 .text._watchdog_enable
                0x10001658       0x7c ads1x115/CMakeFiles/ads1x15.dir/C_/Users/Lab_PC_02/.pico-sdk/sdk/2.1.1/src/rp2_common/hardware_watchdog/watchdog.c.obj
                0x10001658                _watchdog_enable
 .text.watchdog_reboot
                0x100016d4       0x48 ads1x115/CMakeFiles/ads1x15.dir/C_/Users/Lab_PC_02/.pico-sdk/sdk/2.1.1/src/rp2_common/hardware_watchdog/watchdog.c.obj
                0x100016d4                watchdog_reboot
 .text.tick_start
                0x1000171c       0x10 ads1x115/CMakeFiles/ads1x15.dir/C_/Users/Lab_PC_02/.pico-sdk/sdk/2.1.1/src/rp2_common/hardware_ticks/ticks.c.obj
                0x1000171c                tick_start
 .text.rom_func_lookup
                0x1000172c       0x10 ads1x115/CMakeFiles/ads1x15.dir/C_/Users/Lab_PC_02/.pico-sdk/sdk/2.1.1/src/rp2_common/pico_bootrom/bootrom.c.obj
                0x1000172c                rom_func_lookup
 .text.rom_data_lookup
                0x1000173c       0x10 ads1x115/CMakeFiles/ads1x15.dir/C_/Users/Lab_PC_02/.pico-sdk/sdk/2.1.1/src/rp2_common/pico_bootrom/bootrom.c.obj
                0x1000173c                rom_data_lookup
 .text.rom_funcs_lookup
                0x1000174c       0x36 ads1x115/CMakeFiles/ads1x15.dir/C_/Users/Lab_PC_02/.pico-sdk/sdk/2.1.1/src/rp2_common/pico_bootrom/bootrom.c.obj
                0x1000174c                rom_funcs_lookup
 *fill*         0x10001782        0x2 
 .text.rom_reset_usb_boot_extra
                0x10001784       0x24 ads1x115/CMakeFiles/ads1x15.dir/C_/Users/Lab_PC_02/.pico-sdk/sdk/2.1.1/src/rp2_common/pico_bootrom/bootrom.c.obj
                0x10001784                rom_reset_usb_boot_extra
 .text.xosc_init
                0x100017a8       0x2c ads1x115/CMakeFiles/ads1x15.dir/C_/Users/Lab_PC_02/.pico-sdk/sdk/2.1.1/src/rp2_common/hardware_xosc/xosc.c.obj
                0x100017a8                xosc_init
 .text.runtime_run_initializers_from
                0x100017d4       0x18 ads1x115/CMakeFiles/ads1x15.dir/C_/Users/Lab_PC_02/.pico-sdk/sdk/2.1.1/src/rp2_common/pico_runtime/runtime.c.obj
 .text.first_per_core_initializer
                0x100017ec        0x2 ads1x115/CMakeFiles/ads1x15.dir/C_/Users/Lab_PC_02/.pico-sdk/sdk/2.1.1/src/rp2_common/pico_runtime/runtime.c.obj
 *fill*         0x100017ee        0x2 
 .text.runtime_run_initializers
                0x100017f0       0x10 ads1x115/CMakeFiles/ads1x15.dir/C_/Users/Lab_PC_02/.pico-sdk/sdk/2.1.1/src/rp2_common/pico_runtime/runtime.c.obj
                0x100017f0                runtime_run_initializers
 .text.runtime_init_early_resets
                0x10001800       0x2c ads1x115/CMakeFiles/ads1x15.dir/C_/Users/Lab_PC_02/.pico-sdk/sdk/2.1.1/src/rp2_common/pico_runtime_init/runtime_init.c.obj
                0x10001800                runtime_init_early_resets
 .text.runtime_init_usb_power_down
                0x1000182c       0x1c ads1x115/CMakeFiles/ads1x15.dir/C_/Users/Lab_PC_02/.pico-sdk/sdk/2.1.1/src/rp2_common/pico_runtime_init/runtime_init.c.obj
                0x1000182c                runtime_init_usb_power_down
 .text.runtime_init_post_clock_resets
                0x10001848       0x20 ads1x115/CMakeFiles/ads1x15.dir/C_/Users/Lab_PC_02/.pico-sdk/sdk/2.1.1/src/rp2_common/pico_runtime_init/runtime_init.c.obj
                0x10001848                runtime_init_post_clock_resets
 .text.runtime_init_rp2040_gpio_ie_disable
                0x10001868       0x14 ads1x115/CMakeFiles/ads1x15.dir/C_/Users/Lab_PC_02/.pico-sdk/sdk/2.1.1/src/rp2_common/pico_runtime_init/runtime_init.c.obj
                0x10001868                runtime_init_rp2040_gpio_ie_disable
 .text.runtime_init_spin_locks_reset
                0x1000187c        0x8 ads1x115/CMakeFiles/ads1x15.dir/C_/Users/Lab_PC_02/.pico-sdk/sdk/2.1.1/src/rp2_common/pico_runtime_init/runtime_init.c.obj
                0x1000187c                runtime_init_spin_locks_reset
 .text.runtime_init_install_ram_vector_table
                0x10001884       0x1c ads1x115/CMakeFiles/ads1x15.dir/C_/Users/Lab_PC_02/.pico-sdk/sdk/2.1.1/src/rp2_common/pico_runtime_init/runtime_init.c.obj
                0x10001884                runtime_init_install_ram_vector_table
 .text.start_all_ticks
                0x100018a0       0x28 ads1x115/CMakeFiles/ads1x15.dir/C_/Users/Lab_PC_02/.pico-sdk/sdk/2.1.1/src/rp2_common/pico_runtime_init/runtime_init_clocks.c.obj
 .text.runtime_init_clocks
                0x100018c8       0xcc ads1x115/CMakeFiles/ads1x15.dir/C_/Users/Lab_PC_02/.pico-sdk/sdk/2.1.1/src/rp2_common/pico_runtime_init/runtime_init_clocks.c.obj
                0x100018c8                runtime_init_clocks
 .text          0x10001994       0x10 ads1x115/CMakeFiles/ads1x15.dir/C_/Users/Lab_PC_02/.pico-sdk/sdk/2.1.1/src/rp2_common/pico_bit_ops/bit_ops_aeabi.S.obj
 .text.__wrap___aeabi_idiv
                0x100019a4       0x50 ads1x115/CMakeFiles/ads1x15.dir/C_/Users/Lab_PC_02/.pico-sdk/sdk/2.1.1/src/rp2_common/pico_divider/divider_hardware.S.obj
                0x100019a4                __wrap___aeabi_idivmod
                0x100019a4                divmod_s32s32
                0x100019a4                div_s32s32
                0x100019a4                __wrap___aeabi_idiv
                0x100019ac                divmod_s32s32_unsafe
                0x100019d8                divmod_s32s32_savestate
 .text.__wrap___aeabi_uidiv
                0x100019f4       0x4c ads1x115/CMakeFiles/ads1x15.dir/C_/Users/Lab_PC_02/.pico-sdk/sdk/2.1.1/src/rp2_common/pico_divider/divider_hardware.S.obj
                0x100019f4                __wrap___aeabi_uidiv
                0x100019f4                __wrap___aeabi_uidivmod
                0x100019f4                div_u32u32
                0x100019f4                divmod_u32u32
                0x100019fc                divmod_u32u32_unsafe
                0x10001a24                divmod_u32u32_savestate
 .text.__wrap___aeabi_ldiv
                0x10001a40      0x424 ads1x115/CMakeFiles/ads1x15.dir/C_/Users/Lab_PC_02/.pico-sdk/sdk/2.1.1/src/rp2_common/pico_divider/divider_hardware.S.obj
                0x10001a40                div_s64s64
                0x10001a40                divmod_s64s64
                0x10001a40                __wrap___aeabi_ldivmod
                0x10001a70                divmod_u64u64
                0x10001a70                div_u64u64
                0x10001a70                __wrap___aeabi_uldivmod
                0x10001a80                divmod_u64u64_savestate
                0x10001aa0                divmod_s64s64_unsafe
                0x10001b28                divmod_u64u64_unsafe
 .text.__wrap___aeabi_darithmetic
                0x10001e64       0x60 ads1x115/CMakeFiles/ads1x15.dir/C_/Users/Lab_PC_02/.pico-sdk/sdk/2.1.1/src/rp2_common/pico_double/double_aeabi_rp2040.S.obj
                0x10001e64                __wrap___aeabi_drsub
                0x10001e6a                __wrap___aeabi_dsub
                0x10001e74                __wrap___aeabi_dadd
                0x10001e7e                __wrap___aeabi_ddiv
                0x10001eb2                __wrap___aeabi_dmul
 .text.__wrap___aeabi_cdcmple
                0x10001ec4       0x6c ads1x115/CMakeFiles/ads1x15.dir/C_/Users/Lab_PC_02/.pico-sdk/sdk/2.1.1/src/rp2_common/pico_double/double_aeabi_rp2040.S.obj
                0x10001ec4                __wrap___aeabi_cdrcmple
                0x10001ed4                __wrap___aeabi_cdcmpeq
                0x10001ed4                __wrap___aeabi_cdcmple
 .text.__wrap___aeabi_dcmplt
                0x10001f30        0xc ads1x115/CMakeFiles/ads1x15.dir/C_/Users/Lab_PC_02/.pico-sdk/sdk/2.1.1/src/rp2_common/pico_double/double_aeabi_rp2040.S.obj
                0x10001f30                __wrap___aeabi_dcmplt
 .text.__wrap___aeabi_dcmple
                0x10001f3c       0x10 ads1x115/CMakeFiles/ads1x15.dir/C_/Users/Lab_PC_02/.pico-sdk/sdk/2.1.1/src/rp2_common/pico_double/double_aeabi_rp2040.S.obj
                0x10001f3c                __wrap___aeabi_dcmple
 .text.__wrap___aeabi_dcmpge
                0x10001f4c       0x10 ads1x115/CMakeFiles/ads1x15.dir/C_/Users/Lab_PC_02/.pico-sdk/sdk/2.1.1/src/rp2_common/pico_double/double_aeabi_rp2040.S.obj
                0x10001f4c                __wrap___aeabi_dcmpge
 .text.__wrap___aeabi_dcmpgt
                0x10001f5c        0xa ads1x115/CMakeFiles/ads1x15.dir/C_/Users/Lab_PC_02/.pico-sdk/sdk/2.1.1/src/rp2_common/pico_double/double_aeabi_rp2040.S.obj
                0x10001f5c                __wrap___aeabi_dcmpgt
 .text.__wrap___aeabi_dcmpun
                0x10001f66       0x18 ads1x115/CMakeFiles/ads1x15.dir/C_/Users/Lab_PC_02/.pico-sdk/sdk/2.1.1/src/rp2_common/pico_double/double_aeabi_rp2040.S.obj
                0x10001f66                __wrap___aeabi_dcmpun
 *fill*         0x10001f7e        0x2 
 .text.__wrap___aeabi_i2d
                0x10001f80       0x38 ads1x115/CMakeFiles/ads1x15.dir/C_/Users/Lab_PC_02/.pico-sdk/sdk/2.1.1/src/rp2_common/pico_double/double_aeabi_rp2040.S.obj
                0x10001f80                uint2double
                0x10001f80                __wrap___aeabi_ui2d
                0x10001f88                int2double
                0x10001f88                __wrap___aeabi_i2d
 .text.__wrap___aeabi_d2iz
                0x10001fb8       0x48 ads1x115/CMakeFiles/ads1x15.dir/C_/Users/Lab_PC_02/.pico-sdk/sdk/2.1.1/src/rp2_common/pico_double/double_aeabi_rp2040.S.obj
                0x10001fb8                double2int_z
                0x10001fb8                __wrap___aeabi_d2iz
 .text.__wrap___aeabi_d2uiz
                0x10002000       0x10 ads1x115/CMakeFiles/ads1x15.dir/C_/Users/Lab_PC_02/.pico-sdk/sdk/2.1.1/src/rp2_common/pico_double/double_aeabi_rp2040.S.obj
                0x10002000                double2uint
                0x10002000                __wrap___aeabi_d2uiz
                0x10002000                double2uint_z
 .text.missing_double_func_shim
                0x10002010        0xc ads1x115/CMakeFiles/ads1x15.dir/C_/Users/Lab_PC_02/.pico-sdk/sdk/2.1.1/src/rp2_common/pico_double/double_init_rom_rp2040.c.obj
 .text.__aeabi_double_init
                0x1000201c       0xd0 ads1x115/CMakeFiles/ads1x15.dir/C_/Users/Lab_PC_02/.pico-sdk/sdk/2.1.1/src/rp2_common/pico_double/double_init_rom_rp2040.c.obj
                0x1000201c                __aeabi_double_init
 .text.double_table_shim_on_use_helper
                0x100020ec       0x34 ads1x115/CMakeFiles/ads1x15.dir/C_/Users/Lab_PC_02/.pico-sdk/sdk/2.1.1/src/rp2_common/pico_double/double_v1_rom_shim_rp2040.S.obj
                0x100020ec                double_table_shim_on_use_helper
 .text.__aeabi_lmul
                0x10002120       0x32 ads1x115/CMakeFiles/ads1x15.dir/C_/Users/Lab_PC_02/.pico-sdk/sdk/2.1.1/src/rp2_common/pico_int64_ops/pico_int64_ops_aeabi.S.obj
                0x10002120                __wrap___aeabi_lmul
 *fill*         0x10002152        0x2 
 .text.__wrap___aeabi_farithmetic
                0x10002154       0x48 ads1x115/CMakeFiles/ads1x15.dir/C_/Users/Lab_PC_02/.pico-sdk/sdk/2.1.1/src/rp2_common/pico_float/float_aeabi_rp2040.S.obj
                0x10002154                __wrap___aeabi_frsub
                0x1000215a                __wrap___aeabi_fsub
                0x10002160                __wrap___aeabi_fadd
                0x10002166                __wrap___aeabi_fdiv
                0x1000218e                __wrap___aeabi_fmul
 .text.__wrap___aeabi_i2f
                0x1000219c       0x44 ads1x115/CMakeFiles/ads1x15.dir/C_/Users/Lab_PC_02/.pico-sdk/sdk/2.1.1/src/rp2_common/pico_float/float_aeabi_rp2040.S.obj
                0x1000219c                __wrap___aeabi_i2f
                0x1000219c                int2float
 .text.__wrap___aeabi_f2d
                0x100021e0        0xc ads1x115/CMakeFiles/ads1x15.dir/C_/Users/Lab_PC_02/.pico-sdk/sdk/2.1.1/src/rp2_common/pico_float/float_aeabi_rp2040.S.obj
                0x100021e0                __wrap___aeabi_f2d
 .text.missing_float_func_shim
                0x100021ec        0xc ads1x115/CMakeFiles/ads1x15.dir/C_/Users/Lab_PC_02/.pico-sdk/sdk/2.1.1/src/rp2_common/pico_float/float_init_rom_rp2040.c.obj
 .text.__aeabi_float_init
                0x100021f8       0x88 ads1x115/CMakeFiles/ads1x15.dir/C_/Users/Lab_PC_02/.pico-sdk/sdk/2.1.1/src/rp2_common/pico_float/float_init_rom_rp2040.c.obj
                0x100021f8                __aeabi_float_init
 .text          0x10002280       0x10 ads1x115/CMakeFiles/ads1x15.dir/C_/Users/Lab_PC_02/.pico-sdk/sdk/2.1.1/src/rp2_common/pico_mem_ops/mem_ops_aeabi.S.obj
                0x10002280                __aeabi_mem_init
 .text.memset   0x10002290        0xc ads1x115/CMakeFiles/ads1x15.dir/C_/Users/Lab_PC_02/.pico-sdk/sdk/2.1.1/src/rp2_common/pico_mem_ops/mem_ops_aeabi.S.obj
                0x10002290                __wrap_memset
 .text.memcpy   0x1000229c        0xc ads1x115/CMakeFiles/ads1x15.dir/C_/Users/Lab_PC_02/.pico-sdk/sdk/2.1.1/src/rp2_common/pico_mem_ops/mem_ops_aeabi.S.obj
                0x1000229c                __wrap_memcpy
                0x1000229c                __wrap___aeabi_memcpy
 .text._out_null
                0x100022a8        0x2 ads1x115/CMakeFiles/ads1x15.dir/C_/Users/Lab_PC_02/.pico-sdk/sdk/2.1.1/src/rp2_common/pico_printf/printf.c.obj
 .text._out_fct
                0x100022aa        0xe ads1x115/CMakeFiles/ads1x15.dir/C_/Users/Lab_PC_02/.pico-sdk/sdk/2.1.1/src/rp2_common/pico_printf/printf.c.obj
 .text._atoi    0x100022b8       0x24 ads1x115/CMakeFiles/ads1x15.dir/C_/Users/Lab_PC_02/.pico-sdk/sdk/2.1.1/src/rp2_common/pico_printf/printf.c.obj
 .text._out_rev
                0x100022dc       0xb0 ads1x115/CMakeFiles/ads1x15.dir/C_/Users/Lab_PC_02/.pico-sdk/sdk/2.1.1/src/rp2_common/pico_printf/printf.c.obj
 .text._ntoa_format
                0x1000238c      0x10e ads1x115/CMakeFiles/ads1x15.dir/C_/Users/Lab_PC_02/.pico-sdk/sdk/2.1.1/src/rp2_common/pico_printf/printf.c.obj
 .text._ntoa_long
                0x1000249a       0xbc ads1x115/CMakeFiles/ads1x15.dir/C_/Users/Lab_PC_02/.pico-sdk/sdk/2.1.1/src/rp2_common/pico_printf/printf.c.obj
 .text._ntoa_long_long
                0x10002556      0x10e ads1x115/CMakeFiles/ads1x15.dir/C_/Users/Lab_PC_02/.pico-sdk/sdk/2.1.1/src/rp2_common/pico_printf/printf.c.obj
 .text._etoa    0x10002664      0x424 ads1x115/CMakeFiles/ads1x15.dir/C_/Users/Lab_PC_02/.pico-sdk/sdk/2.1.1/src/rp2_common/pico_printf/printf.c.obj
 .text._ftoa    0x10002a88      0x348 ads1x115/CMakeFiles/ads1x15.dir/C_/Users/Lab_PC_02/.pico-sdk/sdk/2.1.1/src/rp2_common/pico_printf/printf.c.obj
 .text._vsnprintf
                0x10002dd0      0x6a4 ads1x115/CMakeFiles/ads1x15.dir/C_/Users/Lab_PC_02/.pico-sdk/sdk/2.1.1/src/rp2_common/pico_printf/printf.c.obj
 .text.vfctprintf
                0x10003474       0x24 ads1x115/CMakeFiles/ads1x15.dir/C_/Users/Lab_PC_02/.pico-sdk/sdk/2.1.1/src/rp2_common/pico_printf/printf.c.obj
                0x10003474                vfctprintf
 .text._exit    0x10003498        0x4 ads1x115/CMakeFiles/ads1x15.dir/C_/Users/Lab_PC_02/.pico-sdk/sdk/2.1.1/src/rp2_common/pico_clib_interface/newlib_interface.c.obj
                0x10003498                _exit
 .text.exit     0x1000349c        0x6 ads1x115/CMakeFiles/ads1x15.dir/C_/Users/Lab_PC_02/.pico-sdk/sdk/2.1.1/src/rp2_common/pico_clib_interface/newlib_interface.c.obj
                0x1000349c                exit
 *fill*         0x100034a2        0x2 
 .text.__assert_func
                0x100034a4       0x38 ads1x115/CMakeFiles/ads1x15.dir/C_/Users/Lab_PC_02/.pico-sdk/sdk/2.1.1/src/rp2_common/pico_clib_interface/newlib_interface.c.obj
                0x100034a4                __assert_func
 .text.runtime_init
                0x100034dc       0x28 ads1x115/CMakeFiles/ads1x15.dir/C_/Users/Lab_PC_02/.pico-sdk/sdk/2.1.1/src/rp2_common/pico_clib_interface/newlib_interface.c.obj
                0x100034dc                runtime_init
 .text.stdio_out_chars_no_crlf
                0x10003504        0xe ads1x115/CMakeFiles/ads1x15.dir/C_/Users/Lab_PC_02/.pico-sdk/sdk/2.1.1/src/rp2_common/pico_stdio/stdio.c.obj
 *fill*         0x10003512        0x2 
 .text.stdio_out_chars_crlf
                0x10003514       0x80 ads1x115/CMakeFiles/ads1x15.dir/C_/Users/Lab_PC_02/.pico-sdk/sdk/2.1.1/src/rp2_common/pico_stdio/stdio.c.obj
 .text.stdio_stack_buffer_flush
                0x10003594       0x44 ads1x115/CMakeFiles/ads1x15.dir/C_/Users/Lab_PC_02/.pico-sdk/sdk/2.1.1/src/rp2_common/pico_stdio/stdio.c.obj
 .text.stdio_buffered_printer
                0x100035d8       0x20 ads1x115/CMakeFiles/ads1x15.dir/C_/Users/Lab_PC_02/.pico-sdk/sdk/2.1.1/src/rp2_common/pico_stdio/stdio.c.obj
 .text.stdout_serialize_begin
                0x100035f8       0x30 ads1x115/CMakeFiles/ads1x15.dir/C_/Users/Lab_PC_02/.pico-sdk/sdk/2.1.1/src/rp2_common/pico_stdio/stdio.c.obj
                0x100035f8                stdout_serialize_begin
 .text.stdout_serialize_end
                0x10003628       0x10 ads1x115/CMakeFiles/ads1x15.dir/C_/Users/Lab_PC_02/.pico-sdk/sdk/2.1.1/src/rp2_common/pico_stdio/stdio.c.obj
                0x10003628                stdout_serialize_end
 .text.stdio_put_string
                0x10003638       0x94 ads1x115/CMakeFiles/ads1x15.dir/C_/Users/Lab_PC_02/.pico-sdk/sdk/2.1.1/src/rp2_common/pico_stdio/stdio.c.obj
                0x10003638                stdio_put_string
 .text.stdio_set_driver_enabled
                0x100036cc       0x30 ads1x115/CMakeFiles/ads1x15.dir/C_/Users/Lab_PC_02/.pico-sdk/sdk/2.1.1/src/rp2_common/pico_stdio/stdio.c.obj
                0x100036cc                stdio_set_driver_enabled
 .text.stdio_flush
                0x100036fc       0x20 ads1x115/CMakeFiles/ads1x15.dir/C_/Users/Lab_PC_02/.pico-sdk/sdk/2.1.1/src/rp2_common/pico_stdio/stdio.c.obj
                0x100036fc                stdio_flush
 .text.stdio_init_all
                0x1000371c        0x8 ads1x115/CMakeFiles/ads1x15.dir/C_/Users/Lab_PC_02/.pico-sdk/sdk/2.1.1/src/rp2_common/pico_stdio/stdio.c.obj
                0x1000371c                stdio_init_all
 .text.__wrap_puts
                0x10003724       0x1e ads1x115/CMakeFiles/ads1x15.dir/C_/Users/Lab_PC_02/.pico-sdk/sdk/2.1.1/src/rp2_common/pico_stdio/stdio.c.obj
                0x10003724                stdio_puts
                0x10003724                __wrap_puts
 *fill*         0x10003742        0x2 
 .text.__wrap_vprintf
                0x10003744       0x40 ads1x115/CMakeFiles/ads1x15.dir/C_/Users/Lab_PC_02/.pico-sdk/sdk/2.1.1/src/rp2_common/pico_stdio/stdio.c.obj
                0x10003744                stdio_vprintf
                0x10003744                __wrap_vprintf
 .text.__wrap_printf
                0x10003784       0x18 ads1x115/CMakeFiles/ads1x15.dir/C_/Users/Lab_PC_02/.pico-sdk/sdk/2.1.1/src/rp2_common/pico_stdio/stdio.c.obj
                0x10003784                __wrap_printf
                0x10003784                stdio_printf
 .text.resetd_init
                0x1000379c        0x2 ads1x115/CMakeFiles/ads1x15.dir/C_/Users/Lab_PC_02/.pico-sdk/sdk/2.1.1/src/rp2_common/pico_stdio_usb/reset_interface.c.obj
 *fill*         0x1000379e        0x2 
 .text.resetd_reset
                0x100037a0        0xc ads1x115/CMakeFiles/ads1x15.dir/C_/Users/Lab_PC_02/.pico-sdk/sdk/2.1.1/src/rp2_common/pico_stdio_usb/reset_interface.c.obj
 .text.resetd_open
                0x100037ac       0x34 ads1x115/CMakeFiles/ads1x15.dir/C_/Users/Lab_PC_02/.pico-sdk/sdk/2.1.1/src/rp2_common/pico_stdio_usb/reset_interface.c.obj
 .text.resetd_xfer_cb
                0x100037e0        0x4 ads1x115/CMakeFiles/ads1x15.dir/C_/Users/Lab_PC_02/.pico-sdk/sdk/2.1.1/src/rp2_common/pico_stdio_usb/reset_interface.c.obj
 .text.resetd_control_xfer_cb
                0x100037e4       0x60 ads1x115/CMakeFiles/ads1x15.dir/C_/Users/Lab_PC_02/.pico-sdk/sdk/2.1.1/src/rp2_common/pico_stdio_usb/reset_interface.c.obj
 .text.tud_descriptor_bos_cb
                0x10003844        0x8 ads1x115/CMakeFiles/ads1x15.dir/C_/Users/Lab_PC_02/.pico-sdk/sdk/2.1.1/src/rp2_common/pico_stdio_usb/reset_interface.c.obj
                0x10003844                tud_descriptor_bos_cb
 .text.tud_vendor_control_xfer_cb
                0x1000384c       0x38 ads1x115/CMakeFiles/ads1x15.dir/C_/Users/Lab_PC_02/.pico-sdk/sdk/2.1.1/src/rp2_common/pico_stdio_usb/reset_interface.c.obj
                0x1000384c                tud_vendor_control_xfer_cb
 .text.usbd_app_driver_get_cb
                0x10003884        0xc ads1x115/CMakeFiles/ads1x15.dir/C_/Users/Lab_PC_02/.pico-sdk/sdk/2.1.1/src/rp2_common/pico_stdio_usb/reset_interface.c.obj
                0x10003884                usbd_app_driver_get_cb
 .text.tud_cdc_line_coding_cb
                0x10003890       0x2c ads1x115/CMakeFiles/ads1x15.dir/C_/Users/Lab_PC_02/.pico-sdk/sdk/2.1.1/src/rp2_common/pico_stdio_usb/reset_interface.c.obj
                0x10003890                tud_cdc_line_coding_cb
 .text.stdio_usb_set_chars_available_callback
                0x100038bc       0x14 ads1x115/CMakeFiles/ads1x15.dir/C_/Users/Lab_PC_02/.pico-sdk/sdk/2.1.1/src/rp2_common/pico_stdio_usb/stdio_usb.c.obj
                0x100038bc                stdio_usb_set_chars_available_callback
 .text.stdio_usb_out_flush
                0x100038d0       0x4c ads1x115/CMakeFiles/ads1x15.dir/C_/Users/Lab_PC_02/.pico-sdk/sdk/2.1.1/src/rp2_common/pico_stdio_usb/stdio_usb.c.obj
 .text.usb_irq  0x1000391c       0x10 ads1x115/CMakeFiles/ads1x15.dir/C_/Users/Lab_PC_02/.pico-sdk/sdk/2.1.1/src/rp2_common/pico_stdio_usb/stdio_usb.c.obj
 .text.critical_section_enter_blocking
                0x1000392c       0x16 ads1x115/CMakeFiles/ads1x15.dir/C_/Users/Lab_PC_02/.pico-sdk/sdk/2.1.1/src/rp2_common/pico_stdio_usb/stdio_usb.c.obj
 *fill*         0x10003942        0x2 
 .text.timer_task
                0x10003944       0x60 ads1x115/CMakeFiles/ads1x15.dir/C_/Users/Lab_PC_02/.pico-sdk/sdk/2.1.1/src/rp2_common/pico_stdio_usb/stdio_usb.c.obj
 .text.alarm_pool_add_alarm_in_us
                0x100039a4       0x40 ads1x115/CMakeFiles/ads1x15.dir/C_/Users/Lab_PC_02/.pico-sdk/sdk/2.1.1/src/rp2_common/pico_stdio_usb/stdio_usb.c.obj
 .text.add_alarm_in_us
                0x100039e4       0x2e ads1x115/CMakeFiles/ads1x15.dir/C_/Users/Lab_PC_02/.pico-sdk/sdk/2.1.1/src/rp2_common/pico_stdio_usb/stdio_usb.c.obj
 *fill*         0x10003a12        0x2 
 .text.low_priority_worker_irq
                0x10003a14       0x9c ads1x115/CMakeFiles/ads1x15.dir/C_/Users/Lab_PC_02/.pico-sdk/sdk/2.1.1/src/rp2_common/pico_stdio_usb/stdio_usb.c.obj
 .text.stdio_usb_init
                0x10003ab0       0xe0 ads1x115/CMakeFiles/ads1x15.dir/C_/Users/Lab_PC_02/.pico-sdk/sdk/2.1.1/src/rp2_common/pico_stdio_usb/stdio_usb.c.obj
                0x10003ab0                stdio_usb_init
 .text.stdio_usb_connected
                0x10003b90        0xa ads1x115/CMakeFiles/ads1x15.dir/C_/Users/Lab_PC_02/.pico-sdk/sdk/2.1.1/src/rp2_common/pico_stdio_usb/stdio_usb.c.obj
                0x10003b90                stdio_usb_connected
 *fill*         0x10003b9a        0x2 
 .text.stdio_usb_in_chars
                0x10003b9c       0x98 ads1x115/CMakeFiles/ads1x15.dir/C_/Users/Lab_PC_02/.pico-sdk/sdk/2.1.1/src/rp2_common/pico_stdio_usb/stdio_usb.c.obj
                0x10003b9c                stdio_usb_in_chars
 .text.stdio_usb_out_chars
                0x10003c34       0xe8 ads1x115/CMakeFiles/ads1x15.dir/C_/Users/Lab_PC_02/.pico-sdk/sdk/2.1.1/src/rp2_common/pico_stdio_usb/stdio_usb.c.obj
 .text.tud_descriptor_device_cb
                0x10003d1c        0x8 ads1x115/CMakeFiles/ads1x15.dir/C_/Users/Lab_PC_02/.pico-sdk/sdk/2.1.1/src/rp2_common/pico_stdio_usb/stdio_usb_descriptors.c.obj
                0x10003d1c                tud_descriptor_device_cb
 .text.tud_descriptor_configuration_cb
                0x10003d24        0x8 ads1x115/CMakeFiles/ads1x15.dir/C_/Users/Lab_PC_02/.pico-sdk/sdk/2.1.1/src/rp2_common/pico_stdio_usb/stdio_usb_descriptors.c.obj
                0x10003d24                tud_descriptor_configuration_cb
 .text.tud_descriptor_string_cb
                0x10003d2c       0x6c ads1x115/CMakeFiles/ads1x15.dir/C_/Users/Lab_PC_02/.pico-sdk/sdk/2.1.1/src/rp2_common/pico_stdio_usb/stdio_usb_descriptors.c.obj
                0x10003d2c                tud_descriptor_string_cb
 .text._retrieve_unique_id_on_boot
                0x10003d98       0x10 ads1x115/CMakeFiles/ads1x15.dir/C_/Users/Lab_PC_02/.pico-sdk/sdk/2.1.1/src/rp2_common/pico_unique_id/unique_id.c.obj
 .text.pico_get_unique_board_id_string
                0x10003da8       0x58 ads1x115/CMakeFiles/ads1x15.dir/C_/Users/Lab_PC_02/.pico-sdk/sdk/2.1.1/src/rp2_common/pico_unique_id/unique_id.c.obj
                0x10003da8                pico_get_unique_board_id_string
 .text.flash_get_unique_id
                0x10003e00       0x40 ads1x115/CMakeFiles/ads1x15.dir/C_/Users/Lab_PC_02/.pico-sdk/sdk/2.1.1/src/rp2_common/hardware_flash/flash.c.obj
                0x10003e00                flash_get_unique_id
 .text.hw_endpoint_init
                0x10003e40       0xc0 ads1x115/CMakeFiles/ads1x15.dir/C_/Users/Lab_PC_02/.pico-sdk/sdk/2.1.1/lib/tinyusb/src/portable/raspberrypi/rp2040/dcd_rp2040.c.obj
 .text.hw_endpoint_alloc
                0x10003f00       0x48 ads1x115/CMakeFiles/ads1x15.dir/C_/Users/Lab_PC_02/.pico-sdk/sdk/2.1.1/lib/tinyusb/src/portable/raspberrypi/rp2040/dcd_rp2040.c.obj
 .text.hw_endpoint_open
                0x10003f48       0x50 ads1x115/CMakeFiles/ads1x15.dir/C_/Users/Lab_PC_02/.pico-sdk/sdk/2.1.1/lib/tinyusb/src/portable/raspberrypi/rp2040/dcd_rp2040.c.obj
 .text.hw_endpoint_xfer
                0x10003f98       0x20 ads1x115/CMakeFiles/ads1x15.dir/C_/Users/Lab_PC_02/.pico-sdk/sdk/2.1.1/lib/tinyusb/src/portable/raspberrypi/rp2040/dcd_rp2040.c.obj
 .text.dcd_int_enable
                0x10003fb8       0x2c ads1x115/CMakeFiles/ads1x15.dir/C_/Users/Lab_PC_02/.pico-sdk/sdk/2.1.1/lib/tinyusb/src/portable/raspberrypi/rp2040/dcd_rp2040.c.obj
                0x10003fb8                dcd_int_enable
 .text.dcd_set_address
                0x10003fe4       0x2c ads1x115/CMakeFiles/ads1x15.dir/C_/Users/Lab_PC_02/.pico-sdk/sdk/2.1.1/lib/tinyusb/src/portable/raspberrypi/rp2040/dcd_rp2040.c.obj
                0x10003fe4                dcd_set_address
 .text.dcd_connect
                0x10004010       0x10 ads1x115/CMakeFiles/ads1x15.dir/C_/Users/Lab_PC_02/.pico-sdk/sdk/2.1.1/lib/tinyusb/src/portable/raspberrypi/rp2040/dcd_rp2040.c.obj
                0x10004010                dcd_connect
 .text.dcd_init
                0x10004020       0x80 ads1x115/CMakeFiles/ads1x15.dir/C_/Users/Lab_PC_02/.pico-sdk/sdk/2.1.1/lib/tinyusb/src/portable/raspberrypi/rp2040/dcd_rp2040.c.obj
                0x10004020                dcd_init
 .text.dcd_sof_enable
                0x100040a0       0x1c ads1x115/CMakeFiles/ads1x15.dir/C_/Users/Lab_PC_02/.pico-sdk/sdk/2.1.1/lib/tinyusb/src/portable/raspberrypi/rp2040/dcd_rp2040.c.obj
                0x100040a0                dcd_sof_enable
 .text.dcd_edpt0_status_complete
                0x100040bc       0x1c ads1x115/CMakeFiles/ads1x15.dir/C_/Users/Lab_PC_02/.pico-sdk/sdk/2.1.1/lib/tinyusb/src/portable/raspberrypi/rp2040/dcd_rp2040.c.obj
                0x100040bc                dcd_edpt0_status_complete
 .text.dcd_edpt_open
                0x100040d8       0x26 ads1x115/CMakeFiles/ads1x15.dir/C_/Users/Lab_PC_02/.pico-sdk/sdk/2.1.1/lib/tinyusb/src/portable/raspberrypi/rp2040/dcd_rp2040.c.obj
                0x100040d8                dcd_edpt_open
 .text.dcd_edpt_close_all
                0x100040fe        0x8 ads1x115/CMakeFiles/ads1x15.dir/C_/Users/Lab_PC_02/.pico-sdk/sdk/2.1.1/lib/tinyusb/src/portable/raspberrypi/rp2040/dcd_rp2040.c.obj
                0x100040fe                dcd_edpt_close_all
 *fill*         0x10004106        0x2 
 .text.dcd_edpt_xfer
                0x10004108       0x30 ads1x115/CMakeFiles/ads1x15.dir/C_/Users/Lab_PC_02/.pico-sdk/sdk/2.1.1/lib/tinyusb/src/portable/raspberrypi/rp2040/dcd_rp2040.c.obj
                0x10004108                dcd_edpt_xfer
 .text.dcd_edpt_stall
                0x10004138       0x3c ads1x115/CMakeFiles/ads1x15.dir/C_/Users/Lab_PC_02/.pico-sdk/sdk/2.1.1/lib/tinyusb/src/portable/raspberrypi/rp2040/dcd_rp2040.c.obj
                0x10004138                dcd_edpt_stall
 .text.dcd_edpt_clear_stall
                0x10004174       0x30 ads1x115/CMakeFiles/ads1x15.dir/C_/Users/Lab_PC_02/.pico-sdk/sdk/2.1.1/lib/tinyusb/src/portable/raspberrypi/rp2040/dcd_rp2040.c.obj
                0x10004174                dcd_edpt_clear_stall
 .text.unaligned_memcpy
                0x100041a4       0x14 ads1x115/CMakeFiles/ads1x15.dir/C_/Users/Lab_PC_02/.pico-sdk/sdk/2.1.1/lib/tinyusb/src/portable/raspberrypi/rp2040/rp2040_usb.c.obj
 .text.rp2040_usb_init
                0x100041b8       0x44 ads1x115/CMakeFiles/ads1x15.dir/C_/Users/Lab_PC_02/.pico-sdk/sdk/2.1.1/lib/tinyusb/src/portable/raspberrypi/rp2040/rp2040_usb.c.obj
                0x100041b8                rp2040_usb_init
 .text.hw_endpoint_xfer_start
                0x100041fc       0x60 ads1x115/CMakeFiles/ads1x15.dir/C_/Users/Lab_PC_02/.pico-sdk/sdk/2.1.1/lib/tinyusb/src/portable/raspberrypi/rp2040/rp2040_usb.c.obj
                0x100041fc                hw_endpoint_xfer_start
 .text.configuration_reset
                0x1000425c       0x84 ads1x115/CMakeFiles/ads1x15.dir/C_/Users/Lab_PC_02/.pico-sdk/sdk/2.1.1/lib/tinyusb/src/device/usbd.c.obj
 .text.critical_section_enter_blocking
                0x100042e0       0x16 ads1x115/CMakeFiles/ads1x15.dir/C_/Users/Lab_PC_02/.pico-sdk/sdk/2.1.1/lib/tinyusb/src/device/usbd.c.obj
 .text.usbd_reset
                0x100042f6        0xc ads1x115/CMakeFiles/ads1x15.dir/C_/Users/Lab_PC_02/.pico-sdk/sdk/2.1.1/lib/tinyusb/src/device/usbd.c.obj
 .text.invoke_class_control
                0x10004302       0x1a ads1x115/CMakeFiles/ads1x15.dir/C_/Users/Lab_PC_02/.pico-sdk/sdk/2.1.1/lib/tinyusb/src/device/usbd.c.obj
 .text.process_set_config
                0x1000431c      0x1b0 ads1x115/CMakeFiles/ads1x15.dir/C_/Users/Lab_PC_02/.pico-sdk/sdk/2.1.1/lib/tinyusb/src/device/usbd.c.obj
 .text.tud_event_hook_cb
                0x100044cc        0x2 ads1x115/CMakeFiles/ads1x15.dir/C_/Users/Lab_PC_02/.pico-sdk/sdk/2.1.1/lib/tinyusb/src/device/usbd.c.obj
                0x100044cc                tud_event_hook_cb
 .text.tud_sof_cb
                0x100044ce        0x2 ads1x115/CMakeFiles/ads1x15.dir/C_/Users/Lab_PC_02/.pico-sdk/sdk/2.1.1/lib/tinyusb/src/device/usbd.c.obj
                0x100044ce                tud_sof_cb
 .text.tud_descriptor_device_qualifier_cb
                0x100044d0        0x4 ads1x115/CMakeFiles/ads1x15.dir/C_/Users/Lab_PC_02/.pico-sdk/sdk/2.1.1/lib/tinyusb/src/device/usbd.c.obj
                0x100044d0                tud_descriptor_device_qualifier_cb
 .text.tud_descriptor_other_speed_configuration_cb
                0x100044d4        0x4 ads1x115/CMakeFiles/ads1x15.dir/C_/Users/Lab_PC_02/.pico-sdk/sdk/2.1.1/lib/tinyusb/src/device/usbd.c.obj
                0x100044d4                tud_descriptor_other_speed_configuration_cb
 .text.process_get_descriptor
                0x100044d8       0xe0 ads1x115/CMakeFiles/ads1x15.dir/C_/Users/Lab_PC_02/.pico-sdk/sdk/2.1.1/lib/tinyusb/src/device/usbd.c.obj
 .text.tud_mount_cb
                0x100045b8        0x2 ads1x115/CMakeFiles/ads1x15.dir/C_/Users/Lab_PC_02/.pico-sdk/sdk/2.1.1/lib/tinyusb/src/device/usbd.c.obj
                0x100045b8                tud_mount_cb
 .text.tud_umount_cb
                0x100045ba        0x2 ads1x115/CMakeFiles/ads1x15.dir/C_/Users/Lab_PC_02/.pico-sdk/sdk/2.1.1/lib/tinyusb/src/device/usbd.c.obj
                0x100045ba                tud_umount_cb
 .text.tud_suspend_cb
                0x100045bc        0x2 ads1x115/CMakeFiles/ads1x15.dir/C_/Users/Lab_PC_02/.pico-sdk/sdk/2.1.1/lib/tinyusb/src/device/usbd.c.obj
                0x100045bc                tud_suspend_cb
 .text.tud_resume_cb
                0x100045be        0x2 ads1x115/CMakeFiles/ads1x15.dir/C_/Users/Lab_PC_02/.pico-sdk/sdk/2.1.1/lib/tinyusb/src/device/usbd.c.obj
                0x100045be                tud_resume_cb
 .text.tud_mounted
                0x100045c0       0x10 ads1x115/CMakeFiles/ads1x15.dir/C_/Users/Lab_PC_02/.pico-sdk/sdk/2.1.1/lib/tinyusb/src/device/usbd.c.obj
                0x100045c0                tud_mounted
 .text.tud_suspended
                0x100045d0       0x10 ads1x115/CMakeFiles/ads1x15.dir/C_/Users/Lab_PC_02/.pico-sdk/sdk/2.1.1/lib/tinyusb/src/device/usbd.c.obj
                0x100045d0                tud_suspended
 .text.tud_inited
                0x100045e0       0x14 ads1x115/CMakeFiles/ads1x15.dir/C_/Users/Lab_PC_02/.pico-sdk/sdk/2.1.1/lib/tinyusb/src/device/usbd.c.obj
                0x100045e0                tud_inited
 .text.tud_rhport_init
                0x100045f4      0x100 ads1x115/CMakeFiles/ads1x15.dir/C_/Users/Lab_PC_02/.pico-sdk/sdk/2.1.1/lib/tinyusb/src/device/usbd.c.obj
                0x100045f4                tud_rhport_init
 .text.usbd_edpt_open
                0x100046f4       0x60 ads1x115/CMakeFiles/ads1x15.dir/C_/Users/Lab_PC_02/.pico-sdk/sdk/2.1.1/lib/tinyusb/src/device/usbd.c.obj
                0x100046f4                usbd_edpt_open
 .text.usbd_open_edpt_pair
                0x10004754       0x88 ads1x115/CMakeFiles/ads1x15.dir/C_/Users/Lab_PC_02/.pico-sdk/sdk/2.1.1/lib/tinyusb/src/device/usbd.c.obj
                0x10004754                usbd_open_edpt_pair
 .text.usbd_edpt_claim
                0x100047dc       0x28 ads1x115/CMakeFiles/ads1x15.dir/C_/Users/Lab_PC_02/.pico-sdk/sdk/2.1.1/lib/tinyusb/src/device/usbd.c.obj
                0x100047dc                usbd_edpt_claim
 .text.usbd_edpt_release
                0x10004804       0x28 ads1x115/CMakeFiles/ads1x15.dir/C_/Users/Lab_PC_02/.pico-sdk/sdk/2.1.1/lib/tinyusb/src/device/usbd.c.obj
                0x10004804                usbd_edpt_release
 .text.usbd_edpt_xfer
                0x1000482c       0x88 ads1x115/CMakeFiles/ads1x15.dir/C_/Users/Lab_PC_02/.pico-sdk/sdk/2.1.1/lib/tinyusb/src/device/usbd.c.obj
                0x1000482c                usbd_edpt_xfer
 .text.usbd_edpt_stall
                0x100048b4       0x34 ads1x115/CMakeFiles/ads1x15.dir/C_/Users/Lab_PC_02/.pico-sdk/sdk/2.1.1/lib/tinyusb/src/device/usbd.c.obj
                0x100048b4                usbd_edpt_stall
 .text.usbd_edpt_clear_stall
                0x100048e8       0x34 ads1x115/CMakeFiles/ads1x15.dir/C_/Users/Lab_PC_02/.pico-sdk/sdk/2.1.1/lib/tinyusb/src/device/usbd.c.obj
                0x100048e8                usbd_edpt_clear_stall
 .text.usbd_edpt_stalled
                0x1000491c       0x1c ads1x115/CMakeFiles/ads1x15.dir/C_/Users/Lab_PC_02/.pico-sdk/sdk/2.1.1/lib/tinyusb/src/device/usbd.c.obj
                0x1000491c                usbd_edpt_stalled
 .text.process_control_request
                0x10004938      0x384 ads1x115/CMakeFiles/ads1x15.dir/C_/Users/Lab_PC_02/.pico-sdk/sdk/2.1.1/lib/tinyusb/src/device/usbd.c.obj
 .text.tud_task_ext
                0x10004cbc      0x1c4 ads1x115/CMakeFiles/ads1x15.dir/C_/Users/Lab_PC_02/.pico-sdk/sdk/2.1.1/lib/tinyusb/src/device/usbd.c.obj
                0x10004cbc                tud_task_ext
 .text.status_stage_xact
                0x10004e80       0x1a ads1x115/CMakeFiles/ads1x15.dir/C_/Users/Lab_PC_02/.pico-sdk/sdk/2.1.1/lib/tinyusb/src/device/usbd_control.c.obj
 *fill*         0x10004e9a        0x2 
 .text.data_stage_xact
                0x10004e9c       0x60 ads1x115/CMakeFiles/ads1x15.dir/C_/Users/Lab_PC_02/.pico-sdk/sdk/2.1.1/lib/tinyusb/src/device/usbd_control.c.obj
 .text.tud_control_status
                0x10004efc       0x28 ads1x115/CMakeFiles/ads1x15.dir/C_/Users/Lab_PC_02/.pico-sdk/sdk/2.1.1/lib/tinyusb/src/device/usbd_control.c.obj
                0x10004efc                tud_control_status
 .text.tud_control_xfer
                0x10004f24       0x98 ads1x115/CMakeFiles/ads1x15.dir/C_/Users/Lab_PC_02/.pico-sdk/sdk/2.1.1/lib/tinyusb/src/device/usbd_control.c.obj
                0x10004f24                tud_control_xfer
 .text.usbd_control_reset
                0x10004fbc       0x14 ads1x115/CMakeFiles/ads1x15.dir/C_/Users/Lab_PC_02/.pico-sdk/sdk/2.1.1/lib/tinyusb/src/device/usbd_control.c.obj
                0x10004fbc                usbd_control_reset
 .text.usbd_control_set_complete_callback
                0x10004fd0        0xc ads1x115/CMakeFiles/ads1x15.dir/C_/Users/Lab_PC_02/.pico-sdk/sdk/2.1.1/lib/tinyusb/src/device/usbd_control.c.obj
                0x10004fd0                usbd_control_set_complete_callback
 .text.usbd_control_set_request
                0x10004fdc       0x1c ads1x115/CMakeFiles/ads1x15.dir/C_/Users/Lab_PC_02/.pico-sdk/sdk/2.1.1/lib/tinyusb/src/device/usbd_control.c.obj
                0x10004fdc                usbd_control_set_request
 .text.usbd_control_xfer_cb
                0x10004ff8       0xe0 ads1x115/CMakeFiles/ads1x15.dir/C_/Users/Lab_PC_02/.pico-sdk/sdk/2.1.1/lib/tinyusb/src/device/usbd_control.c.obj
                0x10004ff8                usbd_control_xfer_cb
 .text._prep_out_transaction
                0x100050d8       0x94 ads1x115/CMakeFiles/ads1x15.dir/C_/Users/Lab_PC_02/.pico-sdk/sdk/2.1.1/lib/tinyusb/src/class/cdc/cdc_device.c.obj
 .text.tud_cdc_n_connected
                0x1000516c       0x38 ads1x115/CMakeFiles/ads1x15.dir/C_/Users/Lab_PC_02/.pico-sdk/sdk/2.1.1/lib/tinyusb/src/class/cdc/cdc_device.c.obj
                0x1000516c                tud_cdc_n_connected
 .text.tud_cdc_n_available
                0x100051a4       0x18 ads1x115/CMakeFiles/ads1x15.dir/C_/Users/Lab_PC_02/.pico-sdk/sdk/2.1.1/lib/tinyusb/src/class/cdc/cdc_device.c.obj
                0x100051a4                tud_cdc_n_available
 .text.tud_cdc_n_read
                0x100051bc       0x38 ads1x115/CMakeFiles/ads1x15.dir/C_/Users/Lab_PC_02/.pico-sdk/sdk/2.1.1/lib/tinyusb/src/class/cdc/cdc_device.c.obj
                0x100051bc                tud_cdc_n_read
 .text.tud_cdc_n_write_flush
                0x100051f4       0xb0 ads1x115/CMakeFiles/ads1x15.dir/C_/Users/Lab_PC_02/.pico-sdk/sdk/2.1.1/lib/tinyusb/src/class/cdc/cdc_device.c.obj
                0x100051f4                tud_cdc_n_write_flush
 .text.tud_cdc_n_write
                0x100052a4       0x48 ads1x115/CMakeFiles/ads1x15.dir/C_/Users/Lab_PC_02/.pico-sdk/sdk/2.1.1/lib/tinyusb/src/class/cdc/cdc_device.c.obj
                0x100052a4                tud_cdc_n_write
 .text.tud_cdc_n_write_available
                0x100052ec       0x18 ads1x115/CMakeFiles/ads1x15.dir/C_/Users/Lab_PC_02/.pico-sdk/sdk/2.1.1/lib/tinyusb/src/class/cdc/cdc_device.c.obj
                0x100052ec                tud_cdc_n_write_available
 .text.cdcd_init
                0x10005304       0xac ads1x115/CMakeFiles/ads1x15.dir/C_/Users/Lab_PC_02/.pico-sdk/sdk/2.1.1/lib/tinyusb/src/class/cdc/cdc_device.c.obj
                0x10005304                cdcd_init
 .text.cdcd_deinit
                0x100053b0       0x48 ads1x115/CMakeFiles/ads1x15.dir/C_/Users/Lab_PC_02/.pico-sdk/sdk/2.1.1/lib/tinyusb/src/class/cdc/cdc_device.c.obj
                0x100053b0                cdcd_deinit
 .text.cdcd_reset
                0x100053f8       0x70 ads1x115/CMakeFiles/ads1x15.dir/C_/Users/Lab_PC_02/.pico-sdk/sdk/2.1.1/lib/tinyusb/src/class/cdc/cdc_device.c.obj
                0x100053f8                cdcd_reset
 .text.cdcd_open
                0x10005468       0xec ads1x115/CMakeFiles/ads1x15.dir/C_/Users/Lab_PC_02/.pico-sdk/sdk/2.1.1/lib/tinyusb/src/class/cdc/cdc_device.c.obj
                0x10005468                cdcd_open
 .text.cdcd_control_xfer_cb
                0x10005554      0x13c ads1x115/CMakeFiles/ads1x15.dir/C_/Users/Lab_PC_02/.pico-sdk/sdk/2.1.1/lib/tinyusb/src/class/cdc/cdc_device.c.obj
                0x10005554                cdcd_control_xfer_cb
 .text.cdcd_xfer_cb
                0x10005690      0x148 ads1x115/CMakeFiles/ads1x15.dir/C_/Users/Lab_PC_02/.pico-sdk/sdk/2.1.1/lib/tinyusb/src/class/cdc/cdc_device.c.obj
                0x10005690                cdcd_xfer_cb
 .text.tud_vendor_n_mounted
                0x100057d8       0x3c ads1x115/CMakeFiles/ads1x15.dir/C_/Users/Lab_PC_02/.pico-sdk/sdk/2.1.1/lib/tinyusb/src/class/vendor/vendor_device.c.obj
                0x100057d8                tud_vendor_n_mounted
 .text.tud_vendor_n_write_flush
                0x10005814       0x20 ads1x115/CMakeFiles/ads1x15.dir/C_/Users/Lab_PC_02/.pico-sdk/sdk/2.1.1/lib/tinyusb/src/class/vendor/vendor_device.c.obj
                0x10005814                tud_vendor_n_write_flush
 .text.vendord_init
                0x10005834       0x9c ads1x115/CMakeFiles/ads1x15.dir/C_/Users/Lab_PC_02/.pico-sdk/sdk/2.1.1/lib/tinyusb/src/class/vendor/vendor_device.c.obj
                0x10005834                vendord_init
 .text.vendord_deinit
                0x100058d0       0x34 ads1x115/CMakeFiles/ads1x15.dir/C_/Users/Lab_PC_02/.pico-sdk/sdk/2.1.1/lib/tinyusb/src/class/vendor/vendor_device.c.obj
                0x100058d0                vendord_deinit
 .text.vendord_reset
                0x10005904       0x50 ads1x115/CMakeFiles/ads1x15.dir/C_/Users/Lab_PC_02/.pico-sdk/sdk/2.1.1/lib/tinyusb/src/class/vendor/vendor_device.c.obj
                0x10005904                vendord_reset
 .text.vendord_open
                0x10005954      0x14c ads1x115/CMakeFiles/ads1x15.dir/C_/Users/Lab_PC_02/.pico-sdk/sdk/2.1.1/lib/tinyusb/src/class/vendor/vendor_device.c.obj
                0x10005954                vendord_open
 .text.vendord_xfer_cb
                0x10005aa0       0xd8 ads1x115/CMakeFiles/ads1x15.dir/C_/Users/Lab_PC_02/.pico-sdk/sdk/2.1.1/lib/tinyusb/src/class/vendor/vendor_device.c.obj
                0x10005aa0                vendord_xfer_cb
 .text.tusb_rhport_init
                0x10005b78       0x78 ads1x115/CMakeFiles/ads1x15.dir/C_/Users/Lab_PC_02/.pico-sdk/sdk/2.1.1/lib/tinyusb/src/tusb.c.obj
                0x10005b78                tusb_rhport_init
 .text.tu_edpt_claim
                0x10005bf0       0x50 ads1x115/CMakeFiles/ads1x15.dir/C_/Users/Lab_PC_02/.pico-sdk/sdk/2.1.1/lib/tinyusb/src/tusb.c.obj
                0x10005bf0                tu_edpt_claim
 .text.tu_edpt_release
                0x10005c40       0x38 ads1x115/CMakeFiles/ads1x15.dir/C_/Users/Lab_PC_02/.pico-sdk/sdk/2.1.1/lib/tinyusb/src/tusb.c.obj
                0x10005c40                tu_edpt_release
 .text.tu_edpt_validate
                0x10005c78       0xac ads1x115/CMakeFiles/ads1x15.dir/C_/Users/Lab_PC_02/.pico-sdk/sdk/2.1.1/lib/tinyusb/src/tusb.c.obj
                0x10005c78                tu_edpt_validate
 .text.tu_edpt_bind_driver
                0x10005d24       0x26 ads1x115/CMakeFiles/ads1x15.dir/C_/Users/Lab_PC_02/.pico-sdk/sdk/2.1.1/lib/tinyusb/src/tusb.c.obj
                0x10005d24                tu_edpt_bind_driver
 .text.tu_edpt_stream_init
                0x10005d4a       0x62 ads1x115/CMakeFiles/ads1x15.dir/C_/Users/Lab_PC_02/.pico-sdk/sdk/2.1.1/lib/tinyusb/src/tusb.c.obj
                0x10005d4a                tu_edpt_stream_init
 .text.tu_edpt_stream_deinit
                0x10005dac        0x4 ads1x115/CMakeFiles/ads1x15.dir/C_/Users/Lab_PC_02/.pico-sdk/sdk/2.1.1/lib/tinyusb/src/tusb.c.obj
                0x10005dac                tu_edpt_stream_deinit
 .text.tu_edpt_stream_write_zlp_if_needed
                0x10005db0       0x80 ads1x115/CMakeFiles/ads1x15.dir/C_/Users/Lab_PC_02/.pico-sdk/sdk/2.1.1/lib/tinyusb/src/tusb.c.obj
                0x10005db0                tu_edpt_stream_write_zlp_if_needed
 .text.tu_edpt_stream_write_xfer
                0x10005e30       0x84 ads1x115/CMakeFiles/ads1x15.dir/C_/Users/Lab_PC_02/.pico-sdk/sdk/2.1.1/lib/tinyusb/src/tusb.c.obj
                0x10005e30                tu_edpt_stream_write_xfer
 .text.tu_edpt_stream_read_xfer
                0x10005eb4       0xf4 ads1x115/CMakeFiles/ads1x15.dir/C_/Users/Lab_PC_02/.pico-sdk/sdk/2.1.1/lib/tinyusb/src/tusb.c.obj
                0x10005eb4                tu_edpt_stream_read_xfer
 .text.advance_index
                0x10005fa8       0x1a ads1x115/CMakeFiles/ads1x15.dir/C_/Users/Lab_PC_02/.pico-sdk/sdk/2.1.1/lib/tinyusb/src/common/tusb_fifo.c.obj
 .text._tu_fifo_peek
                0x10005fc2       0x56 ads1x115/CMakeFiles/ads1x15.dir/C_/Users/Lab_PC_02/.pico-sdk/sdk/2.1.1/lib/tinyusb/src/common/tusb_fifo.c.obj
 .text._ff_pull_n
                0x10006018       0x68 ads1x115/CMakeFiles/ads1x15.dir/C_/Users/Lab_PC_02/.pico-sdk/sdk/2.1.1/lib/tinyusb/src/common/tusb_fifo.c.obj
 .text._tu_fifo_peek_n
                0x10006080       0x6a ads1x115/CMakeFiles/ads1x15.dir/C_/Users/Lab_PC_02/.pico-sdk/sdk/2.1.1/lib/tinyusb/src/common/tusb_fifo.c.obj
 .text._tu_fifo_read_n
                0x100060ea       0x4e ads1x115/CMakeFiles/ads1x15.dir/C_/Users/Lab_PC_02/.pico-sdk/sdk/2.1.1/lib/tinyusb/src/common/tusb_fifo.c.obj
 .text._ff_push_n
                0x10006138       0x68 ads1x115/CMakeFiles/ads1x15.dir/C_/Users/Lab_PC_02/.pico-sdk/sdk/2.1.1/lib/tinyusb/src/common/tusb_fifo.c.obj
 .text._tu_fifo_write_n
                0x100061a0       0xf0 ads1x115/CMakeFiles/ads1x15.dir/C_/Users/Lab_PC_02/.pico-sdk/sdk/2.1.1/lib/tinyusb/src/common/tusb_fifo.c.obj
 .text.tu_fifo_config
                0x10006290       0x7c ads1x115/CMakeFiles/ads1x15.dir/C_/Users/Lab_PC_02/.pico-sdk/sdk/2.1.1/lib/tinyusb/src/common/tusb_fifo.c.obj
                0x10006290                tu_fifo_config
 .text.tu_fifo_count
                0x1000630c       0x2c ads1x115/CMakeFiles/ads1x15.dir/C_/Users/Lab_PC_02/.pico-sdk/sdk/2.1.1/lib/tinyusb/src/common/tusb_fifo.c.obj
                0x1000630c                tu_fifo_count
 .text.tu_fifo_empty
                0x10006338        0xe ads1x115/CMakeFiles/ads1x15.dir/C_/Users/Lab_PC_02/.pico-sdk/sdk/2.1.1/lib/tinyusb/src/common/tusb_fifo.c.obj
                0x10006338                tu_fifo_empty
 .text.tu_fifo_full
                0x10006346       0x2a ads1x115/CMakeFiles/ads1x15.dir/C_/Users/Lab_PC_02/.pico-sdk/sdk/2.1.1/lib/tinyusb/src/common/tusb_fifo.c.obj
                0x10006346                tu_fifo_full
 .text.tu_fifo_remaining
                0x10006370       0x2e ads1x115/CMakeFiles/ads1x15.dir/C_/Users/Lab_PC_02/.pico-sdk/sdk/2.1.1/lib/tinyusb/src/common/tusb_fifo.c.obj
                0x10006370                tu_fifo_remaining
 .text.tu_fifo_read
                0x1000639e       0x42 ads1x115/CMakeFiles/ads1x15.dir/C_/Users/Lab_PC_02/.pico-sdk/sdk/2.1.1/lib/tinyusb/src/common/tusb_fifo.c.obj
                0x1000639e                tu_fifo_read
 .text.tu_fifo_read_n
                0x100063e0        0xa ads1x115/CMakeFiles/ads1x15.dir/C_/Users/Lab_PC_02/.pico-sdk/sdk/2.1.1/lib/tinyusb/src/common/tusb_fifo.c.obj
                0x100063e0                tu_fifo_read_n
 .text.tu_fifo_write
                0x100063ea       0x64 ads1x115/CMakeFiles/ads1x15.dir/C_/Users/Lab_PC_02/.pico-sdk/sdk/2.1.1/lib/tinyusb/src/common/tusb_fifo.c.obj
                0x100063ea                tu_fifo_write
 .text.tu_fifo_write_n
                0x1000644e        0xa ads1x115/CMakeFiles/ads1x15.dir/C_/Users/Lab_PC_02/.pico-sdk/sdk/2.1.1/lib/tinyusb/src/common/tusb_fifo.c.obj
                0x1000644e                tu_fifo_write_n
 .text.tu_fifo_clear
                0x10006458       0x3e ads1x115/CMakeFiles/ads1x15.dir/C_/Users/Lab_PC_02/.pico-sdk/sdk/2.1.1/lib/tinyusb/src/common/tusb_fifo.c.obj
                0x10006458                tu_fifo_clear
 .text.tu_fifo_set_overwritable
                0x10006496       0x46 ads1x115/CMakeFiles/ads1x15.dir/C_/Users/Lab_PC_02/.pico-sdk/sdk/2.1.1/lib/tinyusb/src/common/tusb_fifo.c.obj
                0x10006496                tu_fifo_set_overwritable
 .text.i2c_unreset
                0x100064dc       0x2c ads1x115/CMakeFiles/ads1x15.dir/C_/Users/Lab_PC_02/.pico-sdk/sdk/2.1.1/src/rp2_common/hardware_i2c/i2c.c.obj
 .text.i2c_write_blocking_internal
                0x10006508      0x158 ads1x115/CMakeFiles/ads1x15.dir/C_/Users/Lab_PC_02/.pico-sdk/sdk/2.1.1/src/rp2_common/hardware_i2c/i2c.c.obj
 .text.i2c_read_blocking_internal
                0x10006660      0x102 ads1x115/CMakeFiles/ads1x15.dir/C_/Users/Lab_PC_02/.pico-sdk/sdk/2.1.1/src/rp2_common/hardware_i2c/i2c.c.obj
 *fill*         0x10006762        0x2 
 .text.i2c_set_baudrate
                0x10006764       0xf0 ads1x115/CMakeFiles/ads1x15.dir/C_/Users/Lab_PC_02/.pico-sdk/sdk/2.1.1/src/rp2_common/hardware_i2c/i2c.c.obj
                0x10006764                i2c_set_baudrate
 .text.i2c_init
                0x10006854       0x54 ads1x115/CMakeFiles/ads1x15.dir/C_/Users/Lab_PC_02/.pico-sdk/sdk/2.1.1/src/rp2_common/hardware_i2c/i2c.c.obj
                0x10006854                i2c_init
 .text.i2c_write_blocking_until
                0x100068a8       0x3e ads1x115/CMakeFiles/ads1x15.dir/C_/Users/Lab_PC_02/.pico-sdk/sdk/2.1.1/src/rp2_common/hardware_i2c/i2c.c.obj
                0x100068a8                i2c_write_blocking_until
 .text.i2c_read_blocking_until
                0x100068e6       0x3e ads1x115/CMakeFiles/ads1x15.dir/C_/Users/Lab_PC_02/.pico-sdk/sdk/2.1.1/src/rp2_common/hardware_i2c/i2c.c.obj
                0x100068e6                i2c_read_blocking_until
 .text.i2c_read_timeout_us
                0x10006924       0x54 ads1x115/CMakeFiles/ads1x15.dir/src/ads1x15/ads1x15.cpp.obj
 .text.i2c_write_timeout_us
                0x10006978       0x54 ads1x115/CMakeFiles/ads1x15.dir/src/ads1x15/ads1x15.cpp.obj
 .text._ZN12PICO_ADS1015C2Ev
                0x100069cc       0x20 ads1x115/CMakeFiles/ads1x15.dir/src/ads1x15/ads1x15.cpp.obj
                0x100069cc                PICO_ADS1015::PICO_ADS1015()
                0x100069cc                PICO_ADS1015::PICO_ADS1015()
 .text._ZN12PICO_ADS1X159beginADSXENS_16ADSXAddressI2C_eEP8i2c_instthhm
                0x100069ec       0x78 ads1x115/CMakeFiles/ads1x15.dir/src/ads1x15/ads1x15.cpp.obj
                0x100069ec                PICO_ADS1X15::beginADSX(PICO_ADS1X15::ADSXAddressI2C_e, i2c_inst*, unsigned short, unsigned char, unsigned char, unsigned long)
 .text._ZN12PICO_ADS1X157setGainENS_10ADSXGain_eE
                0x10006a64        0x4 ads1x115/CMakeFiles/ads1x15.dir/src/ads1x15/ads1x15.cpp.obj
                0x10006a64                PICO_ADS1X15::setGain(PICO_ADS1X15::ADSXGain_e)
 .text._ZN12PICO_ADS1X1512computeVoltsEs
                0x10006a68       0x90 ads1x115/CMakeFiles/ads1x15.dir/src/ads1x15/ads1x15.cpp.obj
                0x10006a68                PICO_ADS1X15::computeVolts(short)
 .text._ZN12PICO_ADS1X1513writeRegisterEht
                0x10006af8       0x26 ads1x115/CMakeFiles/ads1x15.dir/src/ads1x15/ads1x15.cpp.obj
                0x10006af8                PICO_ADS1X15::writeRegister(unsigned char, unsigned short)
 *fill*         0x10006b1e        0x2 
 .text._ZN12PICO_ADS1X1515startADCReadingENS_15ADSXRegConfig_eENS_16ADSXConfigMode_eE
                0x10006b20       0x48 ads1x115/CMakeFiles/ads1x15.dir/src/ads1x15/ads1x15.cpp.obj
                0x10006b20                PICO_ADS1X15::startADCReading(PICO_ADS1X15::ADSXRegConfig_e, PICO_ADS1X15::ADSXConfigMode_e)
 .text._ZN12PICO_ADS1X1512readRegisterEh
                0x10006b68       0x3e ads1x115/CMakeFiles/ads1x15.dir/src/ads1x15/ads1x15.cpp.obj
                0x10006b68                PICO_ADS1X15::readRegister(unsigned char)
 *fill*         0x10006ba6        0x2 
 .text._ZN12PICO_ADS1X1524getLastConversionResultsEv
                0x10006ba8       0x30 ads1x115/CMakeFiles/ads1x15.dir/src/ads1x15/ads1x15.cpp.obj
                0x10006ba8                PICO_ADS1X15::getLastConversionResults()
 .text._ZN12PICO_ADS1X1518conversionCompleteEv
                0x10006bd8        0xe ads1x115/CMakeFiles/ads1x15.dir/src/ads1x15/ads1x15.cpp.obj
                0x10006bd8                PICO_ADS1X15::conversionComplete()
 .text._ZN12PICO_ADS1X1519readADC_SingleEndedENS_11ADSX_AINX_eE
                0x10006be6       0x5e ads1x115/CMakeFiles/ads1x15.dir/src/ads1x15/ads1x15.cpp.obj
                0x10006be6                PICO_ADS1X15::readADC_SingleEnded(PICO_ADS1X15::ADSX_AINX_e)
 .text.strlen   0x10006c44       0x5c C:/Users/LABPC0~1/PICO-S~1/TOOLCH~1/14_2_R~1/bin/../lib/gcc/arm-none-eabi/14.2.1/thumb/v6-m/nofp\libg.a(libc_a-strlen-stub.o)
                0x10006c44                strlen
 *(.fini)
 .fini          0x10006ca0        0x4 C:/Users/LABPC0~1/PICO-S~1/TOOLCH~1/14_2_R~1/bin/../lib/gcc/arm-none-eabi/14.2.1/thumb/v6-m/nofp/crti.o
                0x10006ca0                _fini
 *fill*         0x10006ca4        0x4 
 .fini.__stub   0x10006ca8       0xd0 linker stubs
 *crtbegin.o(.ctors)
 *crtbegin?.o(.ctors)
 *(EXCLUDE_FILE(*crtend.o *crtend?.o) .ctors)
 *(SORT_BY_NAME(.ctors.*))
 *(.ctors)
 *crtbegin.o(.dtors)
 *crtbegin?.o(.dtors)
 *(EXCLUDE_FILE(*crtend.o *crtend?.o) .dtors)
 *(SORT_BY_NAME(.dtors.*))
 *(.dtors)
                0x10006d78                        . = ALIGN (0x4)
                0x10006d78                        PROVIDE (__preinit_array_start = .)
 *(SORT_BY_NAME(.preinit_array.*))
 .preinit_array.00100
                0x10006d78        0x4 ads1x115/CMakeFiles/ads1x15.dir/C_/Users/Lab_PC_02/.pico-sdk/sdk/2.1.1/src/rp2_common/pico_runtime_init/runtime_init.c.obj
                0x10006d78                __pre_init_runtime_init_early_resets
 .preinit_array.00101
                0x10006d7c        0x4 ads1x115/CMakeFiles/ads1x15.dir/C_/Users/Lab_PC_02/.pico-sdk/sdk/2.1.1/src/rp2_common/pico_runtime_init/runtime_init.c.obj
                0x10006d7c                __pre_init_runtime_init_usb_power_down
 .preinit_array.00275
                0x10006d80        0x4 ads1x115/CMakeFiles/ads1x15.dir/C_/Users/Lab_PC_02/.pico-sdk/sdk/2.1.1/src/rp2_common/pico_bit_ops/bit_ops_aeabi.S.obj
 .preinit_array.00300
                0x10006d84        0x4 ads1x115/CMakeFiles/ads1x15.dir/C_/Users/Lab_PC_02/.pico-sdk/sdk/2.1.1/src/rp2_common/pico_mem_ops/mem_ops_aeabi.S.obj
 .preinit_array.00350
                0x10006d88        0x4 ads1x115/CMakeFiles/ads1x15.dir/C_/Users/Lab_PC_02/.pico-sdk/sdk/2.1.1/src/rp2_common/pico_double/double_aeabi_rp2040.S.obj
 .preinit_array.00350
                0x10006d8c        0x4 ads1x115/CMakeFiles/ads1x15.dir/C_/Users/Lab_PC_02/.pico-sdk/sdk/2.1.1/src/rp2_common/pico_float/float_aeabi_rp2040.S.obj
 .preinit_array.00500
                0x10006d90        0x4 ads1x115/CMakeFiles/ads1x15.dir/C_/Users/Lab_PC_02/.pico-sdk/sdk/2.1.1/src/rp2_common/pico_runtime_init/runtime_init.c.obj
                0x10006d90                __pre_init_runtime_init_clocks
 .preinit_array.00600
                0x10006d94        0x4 ads1x115/CMakeFiles/ads1x15.dir/C_/Users/Lab_PC_02/.pico-sdk/sdk/2.1.1/src/rp2_common/pico_runtime_init/runtime_init.c.obj
                0x10006d94                __pre_init_runtime_init_post_clock_resets
 .preinit_array.00700
                0x10006d98        0x4 ads1x115/CMakeFiles/ads1x15.dir/C_/Users/Lab_PC_02/.pico-sdk/sdk/2.1.1/src/rp2_common/pico_runtime_init/runtime_init.c.obj
                0x10006d98                __pre_init_runtime_init_rp2040_gpio_ie_disable
 .preinit_array.01000
                0x10006d9c        0x4 ads1x115/CMakeFiles/ads1x15.dir/C_/Users/Lab_PC_02/.pico-sdk/sdk/2.1.1/src/rp2_common/pico_runtime_init/runtime_init.c.obj
                0x10006d9c                __pre_init_runtime_init_spin_locks_reset
 .preinit_array.01100
                0x10006da0        0x4 ads1x115/CMakeFiles/ads1x15.dir/C_/Users/Lab_PC_02/.pico-sdk/sdk/2.1.1/src/common/pico_sync/mutex.c.obj
                0x10006da0                __pre_init_runtime_init_mutex
 .preinit_array.10080
                0x10006da4        0x4 ads1x115/CMakeFiles/ads1x15.dir/C_/Users/Lab_PC_02/.pico-sdk/sdk/2.1.1/src/rp2_common/pico_runtime_init/runtime_init.c.obj
                0x10006da4                __pre_init_runtime_init_install_ram_vector_table
 .preinit_array.11000
                0x10006da8        0x4 ads1x115/CMakeFiles/ads1x15.dir/C_/Users/Lab_PC_02/.pico-sdk/sdk/2.1.1/src/common/pico_time/time.c.obj
                0x10006da8                __pre_init_runtime_init_default_alarm_pool
 .preinit_array.YYYYY
                0x10006dac        0x4 ads1x115/CMakeFiles/ads1x15.dir/C_/Users/Lab_PC_02/.pico-sdk/sdk/2.1.1/src/rp2_common/pico_runtime/runtime.c.obj
                0x10006dac                __pre_init_first_per_core_initializer
 .preinit_array.ZZZZZ.01200
                0x10006db0        0x4 ads1x115/CMakeFiles/ads1x15.dir/C_/Users/Lab_PC_02/.pico-sdk/sdk/2.1.1/src/rp2_common/hardware_irq/irq.c.obj
                0x10006db0                __pre_init_runtime_init_per_core_irq_priorities
 *(.preinit_array)
                0x10006db4                        PROVIDE (__preinit_array_end = .)
                0x10006db4                        . = ALIGN (0x4)
                0x10006db4                        PROVIDE (__init_array_start = .)
 *(SORT_BY_NAME(.init_array.*))
 *(.init_array)
 .init_array    0x10006db4        0x4 C:/Users/LABPC0~1/PICO-S~1/TOOLCH~1/14_2_R~1/bin/../lib/gcc/arm-none-eabi/14.2.1/thumb/v6-m/nofp/crtbegin.o
 .init_array    0x10006db8        0x4 ads1x115/CMakeFiles/ads1x15.dir/examples/single_ended/main.cpp.obj
 .init_array    0x10006dbc        0x4 ads1x115/CMakeFiles/ads1x15.dir/C_/Users/Lab_PC_02/.pico-sdk/sdk/2.1.1/src/rp2_common/pico_unique_id/unique_id.c.obj
                0x10006dc0                        PROVIDE (__init_array_end = .)
                0x10006dc0                        . = ALIGN (0x4)
                [!provide]                        PROVIDE (__fini_array_start = .)
 *(SORT_BY_NAME(.fini_array.*))
 *(.fini_array)
                [!provide]                        PROVIDE (__fini_array_end = .)
 *(.eh_frame*)
 .eh_frame      0x10006dc0        0x0 C:/Users/LABPC0~1/PICO-S~1/TOOLCH~1/14_2_R~1/bin/../lib/gcc/arm-none-eabi/14.2.1/thumb/v6-m/nofp/crtbegin.o
                0x10006dc0                        . = ALIGN (0x4)

.glue_7         0x10006dc0        0x0
 .glue_7        0x10006dc0        0x0 linker stubs

.glue_7t        0x10006dc0        0x0
 .glue_7t       0x10006dc0        0x0 linker stubs

.vfp11_veneer   0x10006dc0        0x0
 .vfp11_veneer  0x10006dc0        0x0 linker stubs

.v4_bx          0x10006dc0        0x0
 .v4_bx         0x10006dc0        0x0 linker stubs

.iplt           0x10006dc0        0x0
 .iplt          0x10006dc0        0x0 C:/Users/LABPC0~1/PICO-S~1/TOOLCH~1/14_2_R~1/bin/../lib/gcc/arm-none-eabi/14.2.1/thumb/v6-m/nofp/crtbegin.o

.rodata         0x10006dc0     0x151c
 *(EXCLUDE_FILE(*libm.a: *libc.a:*lib_a-mem*.o *libgcc.a:) .rodata*)
 .rodata.main.str1.4
                0x10006dc0      0xcf9 ads1x115/CMakeFiles/ads1x15.dir/examples/single_ended/main.cpp.obj
                                 0xe6 (size before relaxing)
 .rodata.rp2040_chip_version.str1.4
                0x10007ab9       0x81 ads1x115/CMakeFiles/ads1x15.dir/C_/Users/Lab_PC_02/.pico-sdk/sdk/2.1.1/src/rp2040/pico_platform/platform.c.obj
 *fill*         0x10007ab9        0x3 
 .rodata.__func__.0
                0x10007abc       0x14 ads1x115/CMakeFiles/ads1x15.dir/C_/Users/Lab_PC_02/.pico-sdk/sdk/2.1.1/src/rp2040/pico_platform/platform.c.obj
 .rodata.panic.str1.4
                0x10007ad0       0x12 ads1x115/CMakeFiles/ads1x15.dir/C_/Users/Lab_PC_02/.pico-sdk/sdk/2.1.1/src/rp2_common/pico_platform_panic/panic.c.obj
 .rodata.spin_lock_claim_unused.str1.4
                0x10007ad0       0x1b ads1x115/CMakeFiles/ads1x15.dir/C_/Users/Lab_PC_02/.pico-sdk/sdk/2.1.1/src/rp2_common/hardware_sync/sync.c.obj
 .rodata.resolve_j_16.str1.4
                0x10007ad0       0x61 ads1x115/CMakeFiles/ads1x15.dir/C_/Users/Lab_PC_02/.pico-sdk/sdk/2.1.1/src/rp2_common/hardware_irq/irq.c.obj
 .rodata.make_j_16.str1.4
                0x10007ad0       0x30 ads1x115/CMakeFiles/ads1x15.dir/C_/Users/Lab_PC_02/.pico-sdk/sdk/2.1.1/src/rp2_common/hardware_irq/irq.c.obj
 .rodata.irq_set_exclusive_handler.str1.4
                0x10007ad0       0x36 ads1x115/CMakeFiles/ads1x15.dir/C_/Users/Lab_PC_02/.pico-sdk/sdk/2.1.1/src/rp2_common/hardware_irq/irq.c.obj
 .rodata.irq_add_shared_handler.str1.4
                0x10007ad0       0xd2 ads1x115/CMakeFiles/ads1x15.dir/C_/Users/Lab_PC_02/.pico-sdk/sdk/2.1.1/src/rp2_common/hardware_irq/irq.c.obj
 .rodata.irq_add_tail_to_free_list.str1.4
                0x10007ad0       0x3a ads1x115/CMakeFiles/ads1x15.dir/C_/Users/Lab_PC_02/.pico-sdk/sdk/2.1.1/src/rp2_common/hardware_irq/irq.c.obj
 .rodata.user_irq_claim_unused.str1.4
                0x10007ad0       0x1b ads1x115/CMakeFiles/ads1x15.dir/C_/Users/Lab_PC_02/.pico-sdk/sdk/2.1.1/src/rp2_common/hardware_irq/irq.c.obj
 .rodata.__func__.0
                0x10007ad0       0x1a ads1x115/CMakeFiles/ads1x15.dir/C_/Users/Lab_PC_02/.pico-sdk/sdk/2.1.1/src/rp2_common/hardware_irq/irq.c.obj
 *fill*         0x10007aea        0x2 
 .rodata.__func__.3
                0x10007aec        0xa ads1x115/CMakeFiles/ads1x15.dir/C_/Users/Lab_PC_02/.pico-sdk/sdk/2.1.1/src/rp2_common/hardware_irq/irq.c.obj
 *fill*         0x10007af6        0x2 
 .rodata.__func__.4
                0x10007af8        0xd ads1x115/CMakeFiles/ads1x15.dir/C_/Users/Lab_PC_02/.pico-sdk/sdk/2.1.1/src/rp2_common/hardware_irq/irq.c.obj
 *fill*         0x10007b05        0x3 
 .rodata.__func__.5
                0x10007b08       0x17 ads1x115/CMakeFiles/ads1x15.dir/C_/Users/Lab_PC_02/.pico-sdk/sdk/2.1.1/src/rp2_common/hardware_irq/irq.c.obj
 *fill*         0x10007b1f        0x1 
 .rodata.__func__.6
                0x10007b20       0x1a ads1x115/CMakeFiles/ads1x15.dir/C_/Users/Lab_PC_02/.pico-sdk/sdk/2.1.1/src/rp2_common/hardware_irq/irq.c.obj
 .rodata.runtime_init_mutex.str1.4
                0x10007b3a       0x64 ads1x115/CMakeFiles/ads1x15.dir/C_/Users/Lab_PC_02/.pico-sdk/sdk/2.1.1/src/common/pico_sync/mutex.c.obj
 .rodata.str1.4
                0x10007b3a       0x51 ads1x115/CMakeFiles/ads1x15.dir/C_/Users/Lab_PC_02/.pico-sdk/sdk/2.1.1/src/common/pico_sync/mutex.c.obj
 *fill*         0x10007b3a        0x2 
 .rodata.__func__.1
                0x10007b3c        0xb ads1x115/CMakeFiles/ads1x15.dir/C_/Users/Lab_PC_02/.pico-sdk/sdk/2.1.1/src/common/pico_sync/mutex.c.obj
 *fill*         0x10007b47        0x1 
 .rodata.__func__.3
                0x10007b48       0x18 ads1x115/CMakeFiles/ads1x15.dir/C_/Users/Lab_PC_02/.pico-sdk/sdk/2.1.1/src/common/pico_sync/mutex.c.obj
 .rodata.__func__.6
                0x10007b60       0x13 ads1x115/CMakeFiles/ads1x15.dir/C_/Users/Lab_PC_02/.pico-sdk/sdk/2.1.1/src/common/pico_sync/mutex.c.obj
 .rodata.alarm_pool_irq_handler.str1.4
                0x10007b73       0x6f ads1x115/CMakeFiles/ads1x15.dir/C_/Users/Lab_PC_02/.pico-sdk/sdk/2.1.1/src/common/pico_time/time.c.obj
 .rodata.alarm_pool_get_default.str1.4
                0x10007b73       0x21 ads1x115/CMakeFiles/ads1x15.dir/C_/Users/Lab_PC_02/.pico-sdk/sdk/2.1.1/src/common/pico_time/time.c.obj
 *fill*         0x10007b73        0x1 
 .rodata.__func__.1
                0x10007b74       0x17 ads1x115/CMakeFiles/ads1x15.dir/C_/Users/Lab_PC_02/.pico-sdk/sdk/2.1.1/src/common/pico_time/time.c.obj
 *fill*         0x10007b8b        0x1 
 .rodata.__func__.2
                0x10007b8c       0x17 ads1x115/CMakeFiles/ads1x15.dir/C_/Users/Lab_PC_02/.pico-sdk/sdk/2.1.1/src/common/pico_time/time.c.obj
 .rodata.timer_hardware_alarm_claim.str1.4
                0x10007ba3       0x22 ads1x115/CMakeFiles/ads1x15.dir/C_/Users/Lab_PC_02/.pico-sdk/sdk/2.1.1/src/rp2_common/hardware_timer/timer.c.obj
 .rodata.pll_init.str1.4
                0x10007ba3      0x120 ads1x115/CMakeFiles/ads1x15.dir/C_/Users/Lab_PC_02/.pico-sdk/sdk/2.1.1/src/rp2_common/hardware_pll/pll.c.obj
 *fill*         0x10007ba3        0x1 
 .rodata.__func__.0
                0x10007ba4        0x9 ads1x115/CMakeFiles/ads1x15.dir/C_/Users/Lab_PC_02/.pico-sdk/sdk/2.1.1/src/rp2_common/hardware_pll/pll.c.obj
 .rodata.missing_double_func_shim.str1.4
                0x10007bad       0x18 ads1x115/CMakeFiles/ads1x15.dir/C_/Users/Lab_PC_02/.pico-sdk/sdk/2.1.1/src/rp2_common/pico_double/double_init_rom_rp2040.c.obj
 .rodata.__aeabi_double_init.str1.4
                0x10007bad       0x9f ads1x115/CMakeFiles/ads1x15.dir/C_/Users/Lab_PC_02/.pico-sdk/sdk/2.1.1/src/rp2_common/pico_double/double_init_rom_rp2040.c.obj
 *fill*         0x10007bad        0x3 
 .rodata.__func__.0
                0x10007bb0       0x14 ads1x115/CMakeFiles/ads1x15.dir/C_/Users/Lab_PC_02/.pico-sdk/sdk/2.1.1/src/rp2_common/pico_double/double_init_rom_rp2040.c.obj
 .rodata.missing_float_func_shim.str1.4
                0x10007bc4        0x1 ads1x115/CMakeFiles/ads1x15.dir/C_/Users/Lab_PC_02/.pico-sdk/sdk/2.1.1/src/rp2_common/pico_float/float_init_rom_rp2040.c.obj
 .rodata.__aeabi_float_init.str1.4
                0x10007bc4       0x8d ads1x115/CMakeFiles/ads1x15.dir/C_/Users/Lab_PC_02/.pico-sdk/sdk/2.1.1/src/rp2_common/pico_float/float_init_rom_rp2040.c.obj
 .rodata.__func__.0
                0x10007bc4       0x13 ads1x115/CMakeFiles/ads1x15.dir/C_/Users/Lab_PC_02/.pico-sdk/sdk/2.1.1/src/rp2_common/pico_float/float_init_rom_rp2040.c.obj
 .rodata.str1.4
                0x10007bd7       0x3c ads1x115/CMakeFiles/ads1x15.dir/C_/Users/Lab_PC_02/.pico-sdk/sdk/2.1.1/src/rp2_common/pico_standard_binary_info/standard_binary_info.c.obj
 *fill*         0x10007bd7        0x1 
 .rodata.__bi_84
                0x10007bd8        0xc ads1x115/CMakeFiles/ads1x15.dir/C_/Users/Lab_PC_02/.pico-sdk/sdk/2.1.1/src/rp2_common/pico_standard_binary_info/standard_binary_info.c.obj
 .rodata.__bi_78
                0x10007be4        0xc ads1x115/CMakeFiles/ads1x15.dir/C_/Users/Lab_PC_02/.pico-sdk/sdk/2.1.1/src/rp2_common/pico_standard_binary_info/standard_binary_info.c.obj
 .rodata.__bi_54
                0x10007bf0        0xc ads1x115/CMakeFiles/ads1x15.dir/C_/Users/Lab_PC_02/.pico-sdk/sdk/2.1.1/src/rp2_common/pico_standard_binary_info/standard_binary_info.c.obj
 .rodata.__bi_48
                0x10007bfc        0xc ads1x115/CMakeFiles/ads1x15.dir/C_/Users/Lab_PC_02/.pico-sdk/sdk/2.1.1/src/rp2_common/pico_standard_binary_info/standard_binary_info.c.obj
 .rodata.__bi_42
                0x10007c08        0xc ads1x115/CMakeFiles/ads1x15.dir/C_/Users/Lab_PC_02/.pico-sdk/sdk/2.1.1/src/rp2_common/pico_standard_binary_info/standard_binary_info.c.obj
 .rodata.__bi_34
                0x10007c14        0xc ads1x115/CMakeFiles/ads1x15.dir/C_/Users/Lab_PC_02/.pico-sdk/sdk/2.1.1/src/rp2_common/pico_standard_binary_info/standard_binary_info.c.obj
 .rodata.__bi_26
                0x10007c20        0xc ads1x115/CMakeFiles/ads1x15.dir/C_/Users/Lab_PC_02/.pico-sdk/sdk/2.1.1/src/rp2_common/pico_standard_binary_info/standard_binary_info.c.obj
 .rodata._ftoa.str1.4
                0x10007c2c       0x15 ads1x115/CMakeFiles/ads1x15.dir/C_/Users/Lab_PC_02/.pico-sdk/sdk/2.1.1/src/rp2_common/pico_printf/printf.c.obj
 .rodata._vsnprintf
                0x10007c2c      0x19c ads1x115/CMakeFiles/ads1x15.dir/C_/Users/Lab_PC_02/.pico-sdk/sdk/2.1.1/src/rp2_common/pico_printf/printf.c.obj
 .rodata.pow10.0
                0x10007dc8       0x50 ads1x115/CMakeFiles/ads1x15.dir/C_/Users/Lab_PC_02/.pico-sdk/sdk/2.1.1/src/rp2_common/pico_printf/printf.c.obj
 .rodata.__assert_func.str1.4
                0x10007e18       0x43 ads1x115/CMakeFiles/ads1x15.dir/C_/Users/Lab_PC_02/.pico-sdk/sdk/2.1.1/src/rp2_common/pico_clib_interface/newlib_interface.c.obj
 .rodata.crlf_str.0
                0x10007e18        0x2 ads1x115/CMakeFiles/ads1x15.dir/C_/Users/Lab_PC_02/.pico-sdk/sdk/2.1.1/src/rp2_common/pico_stdio/stdio.c.obj
 *fill*         0x10007e1a        0x2 
 .rodata._resetd_driver
                0x10007e1c       0x20 ads1x115/CMakeFiles/ads1x15.dir/C_/Users/Lab_PC_02/.pico-sdk/sdk/2.1.1/src/rp2_common/pico_stdio_usb/reset_interface.c.obj
 .rodata.desc_ms_os_20
                0x10007e3c       0xa6 ads1x115/CMakeFiles/ads1x15.dir/C_/Users/Lab_PC_02/.pico-sdk/sdk/2.1.1/src/rp2_common/pico_stdio_usb/reset_interface.c.obj
 *fill*         0x10007ee2        0x2 
 .rodata.desc_bos
                0x10007ee4       0x21 ads1x115/CMakeFiles/ads1x15.dir/C_/Users/Lab_PC_02/.pico-sdk/sdk/2.1.1/src/rp2_common/pico_stdio_usb/reset_interface.c.obj
                0x10007ee4                desc_bos
 .rodata.stdio_usb_init.str1.4
                0x10007f05       0x59 ads1x115/CMakeFiles/ads1x15.dir/C_/Users/Lab_PC_02/.pico-sdk/sdk/2.1.1/src/rp2_common/pico_stdio_usb/stdio_usb.c.obj
 .rodata.str1.4
                0x10007f05       0x13 ads1x115/CMakeFiles/ads1x15.dir/C_/Users/Lab_PC_02/.pico-sdk/sdk/2.1.1/src/rp2_common/pico_stdio_usb/stdio_usb.c.obj
 *fill*         0x10007f05        0x3 
 .rodata.__bi_197.1
                0x10007f08        0xc ads1x115/CMakeFiles/ads1x15.dir/C_/Users/Lab_PC_02/.pico-sdk/sdk/2.1.1/src/rp2_common/pico_stdio_usb/stdio_usb.c.obj
 .rodata.__func__.2
                0x10007f14        0xf ads1x115/CMakeFiles/ads1x15.dir/C_/Users/Lab_PC_02/.pico-sdk/sdk/2.1.1/src/rp2_common/pico_stdio_usb/stdio_usb.c.obj
 .rodata.str1.4
                0x10007f23       0x2a ads1x115/CMakeFiles/ads1x15.dir/C_/Users/Lab_PC_02/.pico-sdk/sdk/2.1.1/src/rp2_common/pico_stdio_usb/stdio_usb_descriptors.c.obj
 *fill*         0x10007f23        0x1 
 .rodata.usbd_desc_str
                0x10007f24       0x18 ads1x115/CMakeFiles/ads1x15.dir/C_/Users/Lab_PC_02/.pico-sdk/sdk/2.1.1/src/rp2_common/pico_stdio_usb/stdio_usb_descriptors.c.obj
 .rodata.usbd_desc_cfg
                0x10007f3c       0x54 ads1x115/CMakeFiles/ads1x15.dir/C_/Users/Lab_PC_02/.pico-sdk/sdk/2.1.1/src/rp2_common/pico_stdio_usb/stdio_usb_descriptors.c.obj
 .rodata.usbd_desc_device
                0x10007f90       0x12 ads1x115/CMakeFiles/ads1x15.dir/C_/Users/Lab_PC_02/.pico-sdk/sdk/2.1.1/src/rp2_common/pico_stdio_usb/stdio_usb_descriptors.c.obj
 .rodata.pico_get_unique_board_id_string.str1.4
                0x10007fa2       0x59 ads1x115/CMakeFiles/ads1x15.dir/C_/Users/Lab_PC_02/.pico-sdk/sdk/2.1.1/src/rp2_common/pico_unique_id/unique_id.c.obj
 *fill*         0x10007fa2        0x2 
 .rodata.__func__.0
                0x10007fa4       0x20 ads1x115/CMakeFiles/ads1x15.dir/C_/Users/Lab_PC_02/.pico-sdk/sdk/2.1.1/src/rp2_common/pico_unique_id/unique_id.c.obj
 .rodata.str1.4
                0x10007fc4      0x19d ads1x115/CMakeFiles/ads1x15.dir/C_/Users/Lab_PC_02/.pico-sdk/sdk/2.1.1/src/rp2_common/hardware_flash/flash.c.obj
 .rodata.__func__.0
                0x10007fc4        0xd ads1x115/CMakeFiles/ads1x15.dir/C_/Users/Lab_PC_02/.pico-sdk/sdk/2.1.1/src/rp2_common/hardware_flash/flash.c.obj
 .rodata.hw_endpoint_alloc.str1.4
                0x10007fd1       0xa4 ads1x115/CMakeFiles/ads1x15.dir/C_/Users/Lab_PC_02/.pico-sdk/sdk/2.1.1/lib/tinyusb/src/portable/raspberrypi/rp2040/dcd_rp2040.c.obj
 .rodata.str1.4
                0x10007fd1       0x14 ads1x115/CMakeFiles/ads1x15.dir/C_/Users/Lab_PC_02/.pico-sdk/sdk/2.1.1/lib/tinyusb/src/portable/raspberrypi/rp2040/dcd_rp2040.c.obj
 .rodata.dcd_int_enable.str1.4
                0x10007fd1        0xc ads1x115/CMakeFiles/ads1x15.dir/C_/Users/Lab_PC_02/.pico-sdk/sdk/2.1.1/lib/tinyusb/src/portable/raspberrypi/rp2040/dcd_rp2040.c.obj
 *fill*         0x10007fd1        0x3 
 .rodata.__func__.0
                0x10007fd4        0xe ads1x115/CMakeFiles/ads1x15.dir/C_/Users/Lab_PC_02/.pico-sdk/sdk/2.1.1/lib/tinyusb/src/portable/raspberrypi/rp2040/dcd_rp2040.c.obj
 *fill*         0x10007fe2        0x2 
 .rodata.__func__.3
                0x10007fe4       0x10 ads1x115/CMakeFiles/ads1x15.dir/C_/Users/Lab_PC_02/.pico-sdk/sdk/2.1.1/lib/tinyusb/src/portable/raspberrypi/rp2040/dcd_rp2040.c.obj
 .rodata.__func__.5
                0x10007ff4        0xf ads1x115/CMakeFiles/ads1x15.dir/C_/Users/Lab_PC_02/.pico-sdk/sdk/2.1.1/lib/tinyusb/src/portable/raspberrypi/rp2040/dcd_rp2040.c.obj
 *fill*         0x10008003        0x1 
 .rodata.__func__.6
                0x10008004       0x12 ads1x115/CMakeFiles/ads1x15.dir/C_/Users/Lab_PC_02/.pico-sdk/sdk/2.1.1/lib/tinyusb/src/portable/raspberrypi/rp2040/dcd_rp2040.c.obj
 *fill*         0x10008016        0x2 
 .rodata.__func__.7
                0x10008018        0x9 ads1x115/CMakeFiles/ads1x15.dir/C_/Users/Lab_PC_02/.pico-sdk/sdk/2.1.1/lib/tinyusb/src/portable/raspberrypi/rp2040/dcd_rp2040.c.obj
 .rodata.str1.4
                0x10008021       0xe8 ads1x115/CMakeFiles/ads1x15.dir/C_/Users/Lab_PC_02/.pico-sdk/sdk/2.1.1/lib/tinyusb/src/portable/raspberrypi/rp2040/rp2040_usb.c.obj
 .rodata.hw_endpoint_xfer_start.str1.4
                0x10008021       0x38 ads1x115/CMakeFiles/ads1x15.dir/C_/Users/Lab_PC_02/.pico-sdk/sdk/2.1.1/lib/tinyusb/src/portable/raspberrypi/rp2040/rp2040_usb.c.obj
 *fill*         0x10008021        0x3 
 .rodata.__func__.0
                0x10008024        0xf ads1x115/CMakeFiles/ads1x15.dir/C_/Users/Lab_PC_02/.pico-sdk/sdk/2.1.1/lib/tinyusb/src/portable/raspberrypi/rp2040/rp2040_usb.c.obj
 .rodata.configuration_reset.str1.4
                0x10008033       0x17 ads1x115/CMakeFiles/ads1x15.dir/C_/Users/Lab_PC_02/.pico-sdk/sdk/2.1.1/lib/tinyusb/src/device/usbd.c.obj
 *fill*         0x10008033        0x1 
 .rodata.process_get_descriptor
                0x10008034       0x40 ads1x115/CMakeFiles/ads1x15.dir/C_/Users/Lab_PC_02/.pico-sdk/sdk/2.1.1/lib/tinyusb/src/device/usbd.c.obj
 .rodata        0x10008074       0x1c ads1x115/CMakeFiles/ads1x15.dir/C_/Users/Lab_PC_02/.pico-sdk/sdk/2.1.1/lib/tinyusb/src/device/usbd.c.obj
 .rodata.process_control_request
                0x10008090       0x28 ads1x115/CMakeFiles/ads1x15.dir/C_/Users/Lab_PC_02/.pico-sdk/sdk/2.1.1/lib/tinyusb/src/device/usbd.c.obj
 .rodata.tud_task_ext
                0x100080b8       0x24 ads1x115/CMakeFiles/ads1x15.dir/C_/Users/Lab_PC_02/.pico-sdk/sdk/2.1.1/lib/tinyusb/src/device/usbd.c.obj
 .rodata.__func__.3
                0x100080dc        0xf ads1x115/CMakeFiles/ads1x15.dir/C_/Users/Lab_PC_02/.pico-sdk/sdk/2.1.1/lib/tinyusb/src/device/usbd.c.obj
 *fill*         0x100080eb        0x1 
 .rodata.__func__.4
                0x100080ec        0xf ads1x115/CMakeFiles/ads1x15.dir/C_/Users/Lab_PC_02/.pico-sdk/sdk/2.1.1/lib/tinyusb/src/device/usbd.c.obj
 *fill*         0x100080fb        0x1 
 .rodata.__func__.5
                0x100080fc       0x14 ads1x115/CMakeFiles/ads1x15.dir/C_/Users/Lab_PC_02/.pico-sdk/sdk/2.1.1/lib/tinyusb/src/device/usbd.c.obj
 .rodata.__func__.6
                0x10008110        0xc ads1x115/CMakeFiles/ads1x15.dir/C_/Users/Lab_PC_02/.pico-sdk/sdk/2.1.1/lib/tinyusb/src/device/usbd.c.obj
 .rodata.__func__.7