Archive member included to satisfy reference by file (symbol)

C:/Users/LABPC0~1/PICO-S~1/TOOLCH~1/14_2_R~1/bin/../lib/gcc/arm-none-eabi/14.2.1/thumb/v6-m/nofp\libgcc.a(_dvmd_tls.o)
                              CMakeFiles/OMNICLIMB.dir/C_/Users/Lab_PC_02/.pico-sdk/sdk/2.1.1/src/rp2_common/pico_divider/divider_hardware.S.obj (__aeabi_idiv0)
C:/Users/LABPC0~1/PICO-S~1/TOOLCH~1/14_2_R~1/bin/../lib/gcc/arm-none-eabi/14.2.1/thumb/v6-m/nofp\libg.a(libc_a-calloc.o)
                              CMakeFiles/OMNICLIMB.dir/C_/Users/Lab_PC_02/.pico-sdk/sdk/2.1.1/src/rp2_common/pico_malloc/malloc.c.obj (calloc)
C:/Users/LABPC0~1/PICO-S~1/TOOLCH~1/14_2_R~1/bin/../lib/gcc/arm-none-eabi/14.2.1/thumb/v6-m/nofp\libg.a(libc_a-callocr.o)
                              C:/Users/LABPC0~1/PICO-S~1/TOOLCH~1/14_2_R~1/bin/../lib/gcc/arm-none-eabi/14.2.1/thumb/v6-m/nofp\libg.a(libc_a-calloc.o) (_calloc_r)
C:/Users/LABPC0~1/PICO-S~1/TOOLCH~1/14_2_R~1/bin/../lib/gcc/arm-none-eabi/14.2.1/thumb/v6-m/nofp\libg.a(libc_a-malloc.o)
                              CMakeFiles/OMNICLIMB.dir/C_/Users/Lab_PC_02/.pico-sdk/sdk/2.1.1/src/rp2_common/pico_malloc/malloc.c.obj (malloc)
C:/Users/LABPC0~1/PICO-S~1/TOOLCH~1/14_2_R~1/bin/../lib/gcc/arm-none-eabi/14.2.1/thumb/v6-m/nofp\libg.a(libc_a-mallocr.o)
                              C:/Users/LABPC0~1/PICO-S~1/TOOLCH~1/14_2_R~1/bin/../lib/gcc/arm-none-eabi/14.2.1/thumb/v6-m/nofp\libg.a(libc_a-callocr.o) (_malloc_r)
C:/Users/LABPC0~1/PICO-S~1/TOOLCH~1/14_2_R~1/bin/../lib/gcc/arm-none-eabi/14.2.1/thumb/v6-m/nofp\libg.a(libc_a-mlock.o)
                              C:/Users/LABPC0~1/PICO-S~1/TOOLCH~1/14_2_R~1/bin/../lib/gcc/arm-none-eabi/14.2.1/thumb/v6-m/nofp\libg.a(libc_a-mallocr.o) (__malloc_lock)
C:/Users/LABPC0~1/PICO-S~1/TOOLCH~1/14_2_R~1/bin/../lib/gcc/arm-none-eabi/14.2.1/thumb/v6-m/nofp\libg.a(libc_a-realloc.o)
                              CMakeFiles/OMNICLIMB.dir/C_/Users/Lab_PC_02/.pico-sdk/sdk/2.1.1/src/rp2_common/pico_malloc/malloc.c.obj (realloc)
C:/Users/LABPC0~1/PICO-S~1/TOOLCH~1/14_2_R~1/bin/../lib/gcc/arm-none-eabi/14.2.1/thumb/v6-m/nofp\libg.a(libc_a-reallocr.o)
                              C:/Users/LABPC0~1/PICO-S~1/TOOLCH~1/14_2_R~1/bin/../lib/gcc/arm-none-eabi/14.2.1/thumb/v6-m/nofp\libg.a(libc_a-realloc.o) (_realloc_r)
C:/Users/LABPC0~1/PICO-S~1/TOOLCH~1/14_2_R~1/bin/../lib/gcc/arm-none-eabi/14.2.1/thumb/v6-m/nofp\libg.a(libc_a-ctype_.o)
                              CMakeFiles/OMNICLIMB.dir/C_/Users/Lab_PC_02/.pico-sdk/sdk/2.1.1/lib/tinyusb/src/tusb.c.obj (_ctype_)
C:/Users/LABPC0~1/PICO-S~1/TOOLCH~1/14_2_R~1/bin/../lib/gcc/arm-none-eabi/14.2.1/thumb/v6-m/nofp\libg.a(libc_a-memcmp.o)
                              CMakeFiles/OMNICLIMB.dir/C_/Users/Lab_PC_02/.pico-sdk/sdk/2.1.1/src/rp2_common/pico_atomic/atomic.c.obj (memcmp)
C:/Users/LABPC0~1/PICO-S~1/TOOLCH~1/14_2_R~1/bin/../lib/gcc/arm-none-eabi/14.2.1/thumb/v6-m/nofp\libg.a(libc_a-memmove.o)
                              C:/Users/LABPC0~1/PICO-S~1/TOOLCH~1/14_2_R~1/bin/../lib/gcc/arm-none-eabi/14.2.1/thumb/v6-m/nofp\libg.a(libc_a-reallocr.o) (memmove)
C:/Users/LABPC0~1/PICO-S~1/TOOLCH~1/14_2_R~1/bin/../lib/gcc/arm-none-eabi/14.2.1/thumb/v6-m/nofp\libg.a(libc_a-lcltime_r.o)
                              CMakeFiles/OMNICLIMB.dir/C_/Users/Lab_PC_02/.pico-sdk/sdk/2.1.1/src/common/pico_util/datetime.c.obj (localtime_r)
C:/Users/LABPC0~1/PICO-S~1/TOOLCH~1/14_2_R~1/bin/../lib/gcc/arm-none-eabi/14.2.1/thumb/v6-m/nofp\libg.a(libc_a-mktime.o)
                              CMakeFiles/OMNICLIMB.dir/C_/Users/Lab_PC_02/.pico-sdk/sdk/2.1.1/src/common/pico_util/datetime.c.obj (mktime)
C:/Users/LABPC0~1/PICO-S~1/TOOLCH~1/14_2_R~1/bin/../lib/gcc/arm-none-eabi/14.2.1/thumb/v6-m/nofp\libg.a(libc_a-month_lengths.o)
                              C:/Users/LABPC0~1/PICO-S~1/TOOLCH~1/14_2_R~1/bin/../lib/gcc/arm-none-eabi/14.2.1/thumb/v6-m/nofp\libg.a(libc_a-lcltime_r.o) (__month_lengths)
C:/Users/LABPC0~1/PICO-S~1/TOOLCH~1/14_2_R~1/bin/../lib/gcc/arm-none-eabi/14.2.1/thumb/v6-m/nofp\libg.a(libc_a-tzcalc_limits.o)
                              C:/Users/LABPC0~1/PICO-S~1/TOOLCH~1/14_2_R~1/bin/../lib/gcc/arm-none-eabi/14.2.1/thumb/v6-m/nofp\libg.a(libc_a-lcltime_r.o) (__tzcalc_limits)
C:/Users/LABPC0~1/PICO-S~1/TOOLCH~1/14_2_R~1/bin/../lib/gcc/arm-none-eabi/14.2.1/thumb/v6-m/nofp\libg.a(libc_a-tzlock.o)
                              C:/Users/LABPC0~1/PICO-S~1/TOOLCH~1/14_2_R~1/bin/../lib/gcc/arm-none-eabi/14.2.1/thumb/v6-m/nofp\libg.a(libc_a-lcltime_r.o) (__tz_lock)
C:/Users/LABPC0~1/PICO-S~1/TOOLCH~1/14_2_R~1/bin/../lib/gcc/arm-none-eabi/14.2.1/thumb/v6-m/nofp\libg.a(libc_a-tzset.o)
                              C:/Users/LABPC0~1/PICO-S~1/TOOLCH~1/14_2_R~1/bin/../lib/gcc/arm-none-eabi/14.2.1/thumb/v6-m/nofp\libg.a(libc_a-lcltime_r.o) (_tzset_unlocked)
C:/Users/LABPC0~1/PICO-S~1/TOOLCH~1/14_2_R~1/bin/../lib/gcc/arm-none-eabi/14.2.1/thumb/v6-m/nofp\libg.a(libc_a-tzset_r.o)
[...]
Memory Configuration

Name             Origin             Length             Attributes
FLASH            0x10000000         0x00200000         xr
RAM              0x20000000         0x00040000         xrw
SCRATCH_X        0x20040000         0x00001000         xrw
SCRATCH_Y        0x20041000         0x00001000         xrw
*default*        0x00000000         0xffffffff

Linker script and memory map

LOAD C:/Users/LABPC0~1/PICO-S~1/TOOLCH~1/14_2_R~1/bin/../lib/gcc/arm-none-eabi/14.2.1/thumb/v6-m/nofp/crti.o
LOAD C:/Users/LABPC0~1/PICO-S~1/TOOLCH~1/14_2_R~1/bin/../lib/gcc/arm-none-eabi/14.2.1/thumb/v6-m/nofp/crtbegin.o
LOAD C:/Users/LABPC0~1/PICO-S~1/TOOLCH~1/14_2_R~1/bin/../lib/gcc/arm-none-eabi/14.2.1/thumb/v6-m/nofp/crt0.o

.flash_begin    0x10000000        0x0
                0x10000000                        __flash_binary_start = .

.boot2          0x10000000      0x100
                0x10000000                        __boot2_start__ = .
 *(.boot2)
 .boot2         0x10000000      0x100 pico-sdk/src/rp2040/boot_stage2/CMakeFiles/bs2_default_library.dir/./bs2_default_padded_checksummed.S.obj
                0x10000100                        __boot2_end__ = .
                0x00000001                        ASSERT (((__boot2_end__ - __boot2_start__) == 0x100), ERROR: Pico second stage bootloader must be 256 bytes in size)

.text           0x10000100     0x6b58
                0x10000100                        __logical_binary_start = .
 *(.vectors)
 .vectors       0x10000100       0xd4 CMakeFiles/OMNICLIMB.dir/C_/Users/Lab_PC_02/.pico-sdk/sdk/2.1.1/src/rp2_common/pico_crt0/crt0.S.obj
                0x10000100                __VECTOR_TABLE
                0x10000100                __vectors
                0x100001c0                isr_invalid
                0x100001c0                __default_isrs_start
                0x100001c2                isr_nmi
                0x100001c4                isr_hardfault
                0x100001c6                isr_svcall
                0x100001c8                isr_pendsv
                0x100001ca                isr_systick
                0x100001cc                isr_irq23
                0x100001cc                isr_irq18
                0x100001cc                isr_irq11
                0x100001cc                isr_irq28
                0x100001cc                isr_irq19
                0x100001cc                isr_irq0
                0x100001cc                isr_irq6
                0x100001cc                isr_irq5
                0x100001cc                isr_irq12
                0x100001cc                isr_irq22
                0x100001cc                isr_irq31
                0x100001cc                isr_irq17
                0x100001cc                isr_irq27
                0x100001cc                isr_irq30
                0x100001cc                isr_irq2
                0x100001cc                isr_irq10
                0x100001cc                isr_irq8
                0x100001cc                isr_irq24
                0x100001cc                isr_irq1
                0x100001cc                isr_irq7
                0x100001cc                isr_irq21
                0x100001cc                isr_irq20
                0x100001cc                isr_irq15
                0x100001cc                isr_irq25
                0x100001cc                isr_irq13
                0x100001cc                __unhandled_user_irq
                0x100001cc                isr_irq4
                0x100001cc                isr_irq16
                0x100001cc                isr_irq29
                0x100001cc                isr_irq26
                0x100001cc                __default_isrs_end
                0x100001cc                isr_irq3
                0x100001cc                isr_irq14
                0x100001cc                isr_irq9
                0x100001d2                unhandled_user_irq_num_in_r0
 *(.binary_info_header)
 .binary_info_header
                0x100001d4       0x14 CMakeFiles/OMNICLIMB.dir/C_/Users/Lab_PC_02/.pico-sdk/sdk/2.1.1/src/rp2_common/pico_crt0/crt0.S.obj
                0x100001e8                        __binary_info_header_end = .
 *(.embedded_block)
                0x100001e8                        __embedded_block_end = .
 *(.reset)
 .reset         0x100001e8       0x9c CMakeFiles/OMNICLIMB.dir/C_/Users/Lab_PC_02/.pico-sdk/sdk/2.1.1/src/rp2_common/pico_crt0/crt0.S.obj
                0x100001e8                _entry_point
 *(.init)
 .init          0x10000284        0x4 C:/Users/LABPC0~1/PICO-S~1/TOOLCH~1/14_2_R~1/bin/../lib/gcc/arm-none-eabi/14.2.1/thumb/v6-m/nofp/crti.o
                0x10000284                _init
 *(EXCLUDE_FILE(*libm.a: *libc.a:*lib_a-mem*.o *libgcc.a:) .text*)
 .text.register_tm_clones
                0x10000288       0x28 C:/Users/LABPC0~1/PICO-S~1/TOOLCH~1/14_2_R~1/bin/../lib/gcc/arm-none-eabi/14.2.1/thumb/v6-m/nofp/crtbegin.o
 .text.frame_dummy
                0x100002b0       0x24 C:/Users/LABPC0~1/PICO-S~1/TOOLCH~1/14_2_R~1/bin/../lib/gcc/arm-none-eabi/14.2.1/thumb/v6-m/nofp/crtbegin.o
 .text.main     0x100002d4      0x190 CMakeFiles/OMNICLIMB.dir/adc_ads1115.c.obj
                0x100002d4                main
 .text._Z41__static_initialization_and_destruction_0v
                0x10000464       0x10 CMakeFiles/OMNICLIMB.dir/single_ended.cpp.obj
 .text._GLOBAL__sub_I_ads
                0x10000474        0x8 CMakeFiles/OMNICLIMB.dir/single_ended.cpp.obj
 .text.gpio_set_function
                0x1000047c       0x34 CMakeFiles/OMNICLIMB.dir/C_/Users/Lab_PC_02/.pico-sdk/sdk/2.1.1/src/rp2_common/hardware_gpio/gpio.c.obj
                0x1000047c                gpio_set_function
 .text.gpio_set_pulls
                0x100004b0       0x38 CMakeFiles/OMNICLIMB.dir/C_/Users/Lab_PC_02/.pico-sdk/sdk/2.1.1/src/rp2_common/hardware_gpio/gpio.c.obj
                0x100004b0                gpio_set_pulls
 .text.rp2040_chip_version
                0x100004e8       0x54 CMakeFiles/OMNICLIMB.dir/C_/Users/Lab_PC_02/.pico-sdk/sdk/2.1.1/src/rp2040/pico_platform/platform.c.obj
                0x100004e8                rp2040_chip_version
 .text.panic    0x1000053c       0x30 CMakeFiles/OMNICLIMB.dir/C_/Users/Lab_PC_02/.pico-sdk/sdk/2.1.1/src/rp2_common/pico_platform_panic/panic.c.obj
                0x1000053c                panic
 .text.hw_claim_lock
                0x1000056c       0x18 CMakeFiles/OMNICLIMB.dir/C_/Users/Lab_PC_02/.pico-sdk/sdk/2.1.1/src/common/hardware_claim/claim.c.obj
                0x1000056c                hw_claim_lock
 .text.hw_claim_unlock
                0x10000584       0x14 CMakeFiles/OMNICLIMB.dir/C_/Users/Lab_PC_02/.pico-sdk/sdk/2.1.1/src/common/hardware_claim/claim.c.obj
                0x10000584                hw_claim_unlock
 .text.hw_claim_or_assert
                0x10000598       0x32 CMakeFiles/OMNICLIMB.dir/C_/Users/Lab_PC_02/.pico-sdk/sdk/2.1.1/src/common/hardware_claim/claim.c.obj
                0x10000598                hw_claim_or_assert
 .text.hw_claim_unused_from_range
                0x100005ca       0x50 CMakeFiles/OMNICLIMB.dir/C_/Users/Lab_PC_02/.pico-sdk/sdk/2.1.1/src/common/hardware_claim/claim.c.obj
                0x100005ca                hw_claim_unused_from_range
 *fill*         0x1000061a        0x2 
 .text.next_striped_spin_lock_num
                0x1000061c       0x1c CMakeFiles/OMNICLIMB.dir/C_/Users/Lab_PC_02/.pico-sdk/sdk/2.1.1/src/rp2_common/hardware_sync/sync.c.obj
                0x1000061c                next_striped_spin_lock_num
 .text.spin_lock_claim_unused
                0x10000638       0x24 CMakeFiles/OMNICLIMB.dir/C_/Users/Lab_PC_02/.pico-sdk/sdk/2.1.1/src/rp2_common/hardware_sync/sync.c.obj
                0x10000638                spin_lock_claim_unused
 .text.spin_locks_reset
                0x1000065c       0x20 CMakeFiles/OMNICLIMB.dir/C_/Users/Lab_PC_02/.pico-sdk/sdk/2.1.1/src/rp2_common/hardware_sync_spin_lock/sync_spin_lock.c.obj
                0x1000065c                spin_locks_reset
 .text.set_raw_irq_handler_and_unlock
                0x1000067c       0x28 CMakeFiles/OMNICLIMB.dir/C_/Users/Lab_PC_02/.pico-sdk/sdk/2.1.1/src/rp2_common/hardware_irq/irq.c.obj
 .text.nvic_ipr0
                0x100006a4        0x8 CMakeFiles/OMNICLIMB.dir/C_/Users/Lab_PC_02/.pico-sdk/sdk/2.1.1/src/rp2_common/hardware_irq/irq.c.obj
 .text.runtime_init_per_core_irq_priorities
                0x100006ac       0x1c CMakeFiles/OMNICLIMB.dir/C_/Users/Lab_PC_02/.pico-sdk/sdk/2.1.1/src/rp2_common/hardware_irq/irq.c.obj
                0x100006ac                runtime_init_per_core_irq_priorities
 .text.resolve_j_16
                0x100006c8       0x30 CMakeFiles/OMNICLIMB.dir/C_/Users/Lab_PC_02/.pico-sdk/sdk/2.1.1/src/rp2_common/hardware_irq/irq.c.obj
 .text.make_j_16
                0x100006f8       0x48 CMakeFiles/OMNICLIMB.dir/C_/Users/Lab_PC_02/.pico-sdk/sdk/2.1.1/src/rp2_common/hardware_irq/irq.c.obj
 .text.irq_is_enabled
                0x10000740       0x18 CMakeFiles/OMNICLIMB.dir/C_/Users/Lab_PC_02/.pico-sdk/sdk/2.1.1/src/rp2_common/hardware_irq/irq.c.obj
                0x10000740                irq_is_enabled
 .text.irq_set_mask_n_enabled
                0x10000758       0x1c CMakeFiles/OMNICLIMB.dir/C_/Users/Lab_PC_02/.pico-sdk/sdk/2.1.1/src/rp2_common/hardware_irq/irq.c.obj
                0x10000758                irq_set_mask_n_enabled
 .text.irq_set_enabled
                0x10000774       0x14 CMakeFiles/OMNICLIMB.dir/C_/Users/Lab_PC_02/.pico-sdk/sdk/2.1.1/src/rp2_common/hardware_irq/irq.c.obj
                0x10000774                irq_set_enabled
 .text.irq_set_pending
                0x10000788       0x10 CMakeFiles/OMNICLIMB.dir/C_/Users/Lab_PC_02/.pico-sdk/sdk/2.1.1/src/rp2_common/hardware_irq/irq.c.obj
                0x10000788                irq_set_pending
 .text.irq_get_vtable_handler
                0x10000798       0x10 CMakeFiles/OMNICLIMB.dir/C_/Users/Lab_PC_02/.pico-sdk/sdk/2.1.1/src/rp2_common/hardware_irq/irq.c.obj
                0x10000798                irq_get_vtable_handler
 .text.irq_has_shared_handler
                0x100007a8       0x1c CMakeFiles/OMNICLIMB.dir/C_/Users/Lab_PC_02/.pico-sdk/sdk/2.1.1/src/rp2_common/hardware_irq/irq.c.obj
                0x100007a8                irq_has_shared_handler
 .text.irq_set_exclusive_handler
                0x100007c4       0x54 CMakeFiles/OMNICLIMB.dir/C_/Users/Lab_PC_02/.pico-sdk/sdk/2.1.1/src/rp2_common/hardware_irq/irq.c.obj
                0x100007c4                irq_set_exclusive_handler
 .text.irq_add_shared_handler
                0x10000818      0x218 CMakeFiles/OMNICLIMB.dir/C_/Users/Lab_PC_02/.pico-sdk/sdk/2.1.1/src/rp2_common/hardware_irq/irq.c.obj
                0x10000818                irq_add_shared_handler
 .text.irq_add_tail_to_free_list
                0x10000a30       0xf0 CMakeFiles/OMNICLIMB.dir/C_/Users/Lab_PC_02/.pico-sdk/sdk/2.1.1/src/rp2_common/hardware_irq/irq.c.obj
                0x10000a30                irq_add_tail_to_free_list
 .text.user_irq_claim_unused
                0x10000b20       0x2c CMakeFiles/OMNICLIMB.dir/C_/Users/Lab_PC_02/.pico-sdk/sdk/2.1.1/src/rp2_common/hardware_irq/irq.c.obj
                0x10000b20                user_irq_claim_unused
 .text.lock_init
                0x10000b4c       0x10 CMakeFiles/OMNICLIMB.dir/C_/Users/Lab_PC_02/.pico-sdk/sdk/2.1.1/src/common/pico_sync/lock_core.c.obj
                0x10000b4c                lock_init
 .text.mutex_init
                0x10000b5c       0x1a CMakeFiles/OMNICLIMB.dir/C_/Users/Lab_PC_02/.pico-sdk/sdk/2.1.1/src/common/pico_sync/mutex.c.obj
                0x10000b5c                mutex_init
 .text.recursive_mutex_init
                0x10000b76       0x1e CMakeFiles/OMNICLIMB.dir/C_/Users/Lab_PC_02/.pico-sdk/sdk/2.1.1/src/common/pico_sync/mutex.c.obj
                0x10000b76                recursive_mutex_init
 .text.runtime_init_mutex
                0x10000b94       0x4c CMakeFiles/OMNICLIMB.dir/C_/Users/Lab_PC_02/.pico-sdk/sdk/2.1.1/src/common/pico_sync/mutex.c.obj
                0x10000b94                runtime_init_mutex
 .text.critical_section_init_with_lock_num
                0x10000be0       0x14 CMakeFiles/OMNICLIMB.dir/C_/Users/Lab_PC_02/.pico-sdk/sdk/2.1.1/src/common/pico_sync/critical_section.c.obj
                0x10000be0                critical_section_init_with_lock_num
 .text.critical_section_init
                0x10000bf4       0x14 CMakeFiles/OMNICLIMB.dir/C_/Users/Lab_PC_02/.pico-sdk/sdk/2.1.1/src/common/pico_sync/critical_section.c.obj
                0x10000bf4                critical_section_init
 .text.ta_set_timeout
                0x10000c08       0x24 CMakeFiles/OMNICLIMB.dir/C_/Users/Lab_PC_02/.pico-sdk/sdk/2.1.1/src/common/pico_time/time.c.obj
 .text.make_alarm_id
                0x10000c2c        0x6 CMakeFiles/OMNICLIMB.dir/C_/Users/Lab_PC_02/.pico-sdk/sdk/2.1.1/src/common/pico_time/time.c.obj
 *fill*         0x10000c32        0x2 
 .text.sleep_until_callback
                0x10000c34       0x30 CMakeFiles/OMNICLIMB.dir/C_/Users/Lab_PC_02/.pico-sdk/sdk/2.1.1/src/common/pico_time/time.c.obj
 .text.alarm_pool_irq_handler
                0x10000c64      0x2f0 CMakeFiles/OMNICLIMB.dir/C_/Users/Lab_PC_02/.pico-sdk/sdk/2.1.1/src/common/pico_time/time.c.obj
 .text.ta_enable_irq_handler
                0x10000f54       0x2c CMakeFiles/OMNICLIMB.dir/C_/Users/Lab_PC_02/.pico-sdk/sdk/2.1.1/src/common/pico_time/time.c.obj
 .text.alarm_pool_post_alloc_init
                0x10000f80       0x78 CMakeFiles/OMNICLIMB.dir/C_/Users/Lab_PC_02/.pico-sdk/sdk/2.1.1/src/common/pico_time/time.c.obj
 .text.alarm_pool_get_default
                0x10000ff8       0x2c CMakeFiles/OMNICLIMB.dir/C_/Users/Lab_PC_02/.pico-sdk/sdk/2.1.1/src/common/pico_time/time.c.obj
                0x10000ff8                alarm_pool_get_default
 .text.alarm_pool_add_alarm_at_force_in_context
                0x10001024       0xa4 CMakeFiles/OMNICLIMB.dir/C_/Users/Lab_PC_02/.pico-sdk/sdk/2.1.1/src/common/pico_time/time.c.obj
                0x10001024                alarm_pool_add_alarm_at_force_in_context
 .text.alarm_pool_add_alarm_at
                0x100010c8       0x3c CMakeFiles/OMNICLIMB.dir/C_/Users/Lab_PC_02/.pico-sdk/sdk/2.1.1/src/common/pico_time/time.c.obj
                0x100010c8                alarm_pool_add_alarm_at
 .text.add_alarm_at
                0x10001104       0x2e CMakeFiles/OMNICLIMB.dir/C_/Users/Lab_PC_02/.pico-sdk/sdk/2.1.1/src/common/pico_time/time.c.obj
 *fill*         0x10001132        0x2 
 .text.alarm_pool_cancel_alarm
                0x10001134       0x78 CMakeFiles/OMNICLIMB.dir/C_/Users/Lab_PC_02/.pico-sdk/sdk/2.1.1/src/common/pico_time/time.c.obj
                0x10001134                alarm_pool_cancel_alarm
 .text.cancel_alarm
                0x100011ac       0x10 CMakeFiles/OMNICLIMB.dir/C_/Users/Lab_PC_02/.pico-sdk/sdk/2.1.1/src/common/pico_time/time.c.obj
 .text.alarm_pool_core_num
                0x100011bc        0x4 CMakeFiles/OMNICLIMB.dir/C_/Users/Lab_PC_02/.pico-sdk/sdk/2.1.1/src/common/pico_time/time.c.obj
                0x100011bc                alarm_pool_core_num
 .text.sleep_until
                0x100011c0       0xb0 CMakeFiles/OMNICLIMB.dir/C_/Users/Lab_PC_02/.pico-sdk/sdk/2.1.1/src/common/pico_time/time.c.obj
                0x100011c0                sleep_until
 .text.sleep_us
                0x10001270       0x24 CMakeFiles/OMNICLIMB.dir/C_/Users/Lab_PC_02/.pico-sdk/sdk/2.1.1/src/common/pico_time/time.c.obj
                0x10001270                sleep_us
 .text.best_effort_wfe_or_timeout
                0x10001294      0x11c CMakeFiles/OMNICLIMB.dir/C_/Users/Lab_PC_02/.pico-sdk/sdk/2.1.1/src/common/pico_time/time.c.obj
                0x10001294                best_effort_wfe_or_timeout
 .text.alarm_pool_get_default_timer
                0x100013b0        0x8 CMakeFiles/OMNICLIMB.dir/C_/Users/Lab_PC_02/.pico-sdk/sdk/2.1.1/src/common/pico_time/time.c.obj
                0x100013b0                alarm_pool_get_default_timer
 .text.runtime_init_default_alarm_pool
                0x100013b8       0x38 CMakeFiles/OMNICLIMB.dir/C_/Users/Lab_PC_02/.pico-sdk/sdk/2.1.1/src/common/pico_time/time.c.obj
                0x100013b8                runtime_init_default_alarm_pool
 .text.timer_hardware_alarm_claim
                0x100013f0       0x14 CMakeFiles/OMNICLIMB.dir/C_/Users/Lab_PC_02/.pico-sdk/sdk/2.1.1/src/rp2_common/hardware_timer/timer.c.obj
                0x100013f0                timer_hardware_alarm_claim
 .text.timer_time_us_64
                0x10001404       0x10 CMakeFiles/OMNICLIMB.dir/C_/Users/Lab_PC_02/.pico-sdk/sdk/2.1.1/src/rp2_common/hardware_timer/timer.c.obj
                0x10001404                timer_time_us_64
 .text.timer_busy_wait_until
                0x10001414       0x1a CMakeFiles/OMNICLIMB.dir/C_/Users/Lab_PC_02/.pico-sdk/sdk/2.1.1/src/rp2_common/hardware_timer/timer.c.obj
                0x10001414                timer_busy_wait_until
 *fill*         0x1000142e        0x2 
 .text.time_us_64
                0x10001430       0x10 CMakeFiles/OMNICLIMB.dir/C_/Users/Lab_PC_02/.pico-sdk/sdk/2.1.1/src/rp2_common/hardware_timer/timer.c.obj
                0x10001430                time_us_64
 .text.busy_wait_until
                0x10001440       0x14 CMakeFiles/OMNICLIMB.dir/C_/Users/Lab_PC_02/.pico-sdk/sdk/2.1.1/src/rp2_common/hardware_timer/timer.c.obj
                0x10001440                busy_wait_until
 .text.clock_configure_internal
                0x10001454       0xc4 CMakeFiles/OMNICLIMB.dir/C_/Users/Lab_PC_02/.pico-sdk/sdk/2.1.1/src/rp2_common/hardware_clocks/clocks.c.obj
 .text.clock_configure_int_divider
                0x10001518       0x28 CMakeFiles/OMNICLIMB.dir/C_/Users/Lab_PC_02/.pico-sdk/sdk/2.1.1/src/rp2_common/hardware_clocks/clocks.c.obj
                0x10001518                clock_configure_int_divider
 .text.clock_configure_undivided
                0x10001540       0x12 CMakeFiles/OMNICLIMB.dir/C_/Users/Lab_PC_02/.pico-sdk/sdk/2.1.1/src/rp2_common/hardware_clocks/clocks.c.obj
                0x10001540                clock_configure_undivided
 *fill*         0x10001552        0x2 
 .text.clock_get_hz
                0x10001554        0xc CMakeFiles/OMNICLIMB.dir/C_/Users/Lab_PC_02/.pico-sdk/sdk/2.1.1/src/rp2_common/hardware_clocks/clocks.c.obj
                0x10001554                clock_get_hz
 .text.pll_init
                0x10001560      0x124 CMakeFiles/OMNICLIMB.dir/C_/Users/Lab_PC_02/.pico-sdk/sdk/2.1.1/src/rp2_common/hardware_pll/pll.c.obj
                0x10001560                pll_init
 .text.watchdog_update
                0x10001684       0x14 CMakeFiles/OMNICLIMB.dir/C_/Users/Lab_PC_02/.pico-sdk/sdk/2.1.1/src/rp2_common/hardware_watchdog/watchdog.c.obj
                0x10001684                watchdog_update
 .text._watchdog_enable
                0x10001698       0x7c CMakeFiles/OMNICLIMB.dir/C_/Users/Lab_PC_02/.pico-sdk/sdk/2.1.1/src/rp2_common/hardware_watchdog/watchdog.c.obj
                0x10001698                _watchdog_enable
 .text.watchdog_reboot
                0x10001714       0x48 CMakeFiles/OMNICLIMB.dir/C_/Users/Lab_PC_02/.pico-sdk/sdk/2.1.1/src/rp2_common/hardware_watchdog/watchdog.c.obj
                0x10001714                watchdog_reboot
 .text.tick_start
                0x1000175c       0x10 CMakeFiles/OMNICLIMB.dir/C_/Users/Lab_PC_02/.pico-sdk/sdk/2.1.1/src/rp2_common/hardware_ticks/ticks.c.obj
                0x1000175c                tick_start
 .text.rom_func_lookup
                0x1000176c       0x10 CMakeFiles/OMNICLIMB.dir/C_/Users/Lab_PC_02/.pico-sdk/sdk/2.1.1/src/rp2_common/pico_bootrom/bootrom.c.obj
                0x1000176c                rom_func_lookup
 .text.rom_data_lookup
                0x1000177c       0x10 CMakeFiles/OMNICLIMB.dir/C_/Users/Lab_PC_02/.pico-sdk/sdk/2.1.1/src/rp2_common/pico_bootrom/bootrom.c.obj
                0x1000177c                rom_data_lookup
 .text.rom_funcs_lookup
                0x1000178c       0x36 CMakeFiles/OMNICLIMB.dir/C_/Users/Lab_PC_02/.pico-sdk/sdk/2.1.1/src/rp2_common/pico_bootrom/bootrom.c.obj
                0x1000178c                rom_funcs_lookup
 *fill*         0x100017c2        0x2 
 .text.rom_reset_usb_boot_extra
                0x100017c4       0x24 CMakeFiles/OMNICLIMB.dir/C_/Users/Lab_PC_02/.pico-sdk/sdk/2.1.1/src/rp2_common/pico_bootrom/bootrom.c.obj
                0x100017c4                rom_reset_usb_boot_extra
 .text.xosc_init
                0x100017e8       0x2c CMakeFiles/OMNICLIMB.dir/C_/Users/Lab_PC_02/.pico-sdk/sdk/2.1.1/src/rp2_common/hardware_xosc/xosc.c.obj
                0x100017e8                xosc_init
 .text.runtime_run_initializers_from
                0x10001814       0x18 CMakeFiles/OMNICLIMB.dir/C_/Users/Lab_PC_02/.pico-sdk/sdk/2.1.1/src/rp2_common/pico_runtime/runtime.c.obj
 .text.first_per_core_initializer
                0x1000182c        0x2 CMakeFiles/OMNICLIMB.dir/C_/Users/Lab_PC_02/.pico-sdk/sdk/2.1.1/src/rp2_common/pico_runtime/runtime.c.obj
 *fill*         0x1000182e        0x2 
 .text.runtime_run_initializers
                0x10001830       0x10 CMakeFiles/OMNICLIMB.dir/C_/Users/Lab_PC_02/.pico-sdk/sdk/2.1.1/src/rp2_common/pico_runtime/runtime.c.obj
                0x10001830                runtime_run_initializers
 .text.runtime_init_early_resets
                0x10001840       0x2c CMakeFiles/OMNICLIMB.dir/C_/Users/Lab_PC_02/.pico-sdk/sdk/2.1.1/src/rp2_common/pico_runtime_init/runtime_init.c.obj
                0x10001840                runtime_init_early_resets
 .text.runtime_init_usb_power_down
                0x1000186c       0x1c CMakeFiles/OMNICLIMB.dir/C_/Users/Lab_PC_02/.pico-sdk/sdk/2.1.1/src/rp2_common/pico_runtime_init/runtime_init.c.obj
                0x1000186c                runtime_init_usb_power_down
 .text.runtime_init_post_clock_resets
                0x10001888       0x20 CMakeFiles/OMNICLIMB.dir/C_/Users/Lab_PC_02/.pico-sdk/sdk/2.1.1/src/rp2_common/pico_runtime_init/runtime_init.c.obj
                0x10001888                runtime_init_post_clock_resets
 .text.runtime_init_rp2040_gpio_ie_disable
                0x100018a8       0x14 CMakeFiles/OMNICLIMB.dir/C_/Users/Lab_PC_02/.pico-sdk/sdk/2.1.1/src/rp2_common/pico_runtime_init/runtime_init.c.obj
                0x100018a8                runtime_init_rp2040_gpio_ie_disable
 .text.runtime_init_spin_locks_reset
                0x100018bc        0x8 CMakeFiles/OMNICLIMB.dir/C_/Users/Lab_PC_02/.pico-sdk/sdk/2.1.1/src/rp2_common/pico_runtime_init/runtime_init.c.obj
                0x100018bc                runtime_init_spin_locks_reset
 .text.runtime_init_install_ram_vector_table
                0x100018c4       0x1c CMakeFiles/OMNICLIMB.dir/C_/Users/Lab_PC_02/.pico-sdk/sdk/2.1.1/src/rp2_common/pico_runtime_init/runtime_init.c.obj
                0x100018c4                runtime_init_install_ram_vector_table
 .text.start_all_ticks
                0x100018e0       0x28 CMakeFiles/OMNICLIMB.dir/C_/Users/Lab_PC_02/.pico-sdk/sdk/2.1.1/src/rp2_common/pico_runtime_init/runtime_init_clocks.c.obj
 .text.runtime_init_clocks
                0x10001908       0xcc CMakeFiles/OMNICLIMB.dir/C_/Users/Lab_PC_02/.pico-sdk/sdk/2.1.1/src/rp2_common/pico_runtime_init/runtime_init_clocks.c.obj
                0x10001908                runtime_init_clocks
 .text          0x100019d4       0x10 CMakeFiles/OMNICLIMB.dir/C_/Users/Lab_PC_02/.pico-sdk/sdk/2.1.1/src/rp2_common/pico_bit_ops/bit_ops_aeabi.S.obj
 .text.__wrap___aeabi_idiv
                0x100019e4       0x50 CMakeFiles/OMNICLIMB.dir/C_/Users/Lab_PC_02/.pico-sdk/sdk/2.1.1/src/rp2_common/pico_divider/divider_hardware.S.obj
                0x100019e4                __wrap___aeabi_idivmod
                0x100019e4                divmod_s32s32
                0x100019e4                div_s32s32
                0x100019e4                __wrap___aeabi_idiv
                0x100019ec                divmod_s32s32_unsafe
                0x10001a18                divmod_s32s32_savestate
 .text.__wrap___aeabi_uidiv
                0x10001a34       0x4c CMakeFiles/OMNICLIMB.dir/C_/Users/Lab_PC_02/.pico-sdk/sdk/2.1.1/src/rp2_common/pico_divider/divider_hardware.S.obj
                0x10001a34                __wrap___aeabi_uidiv
                0x10001a34                __wrap___aeabi_uidivmod
                0x10001a34                div_u32u32
                0x10001a34                divmod_u32u32
                0x10001a3c                divmod_u32u32_unsafe
                0x10001a64                divmod_u32u32_savestate
 .text.__wrap___aeabi_ldiv
                0x10001a80      0x424 CMakeFiles/OMNICLIMB.dir/C_/Users/Lab_PC_02/.pico-sdk/sdk/2.1.1/src/rp2_common/pico_divider/divider_hardware.S.obj
                0x10001a80                div_s64s64
                0x10001a80                divmod_s64s64
                0x10001a80                __wrap___aeabi_ldivmod
                0x10001ab0                divmod_u64u64
                0x10001ab0                div_u64u64
                0x10001ab0                __wrap___aeabi_uldivmod
                0x10001ac0                divmod_u64u64_savestate
                0x10001ae0                divmod_s64s64_unsafe
                0x10001b68                divmod_u64u64_unsafe
 .text.__wrap___aeabi_darithmetic
                0x10001ea4       0x60 CMakeFiles/OMNICLIMB.dir/C_/Users/Lab_PC_02/.pico-sdk/sdk/2.1.1/src/rp2_common/pico_double/double_aeabi_rp2040.S.obj
                0x10001ea4                __wrap___aeabi_drsub
                0x10001eaa                __wrap___aeabi_dsub
                0x10001eb4                __wrap___aeabi_dadd
                0x10001ebe                __wrap___aeabi_ddiv
                0x10001ef2                __wrap___aeabi_dmul
 .text.__wrap___aeabi_cdcmple
                0x10001f04       0x6c CMakeFiles/OMNICLIMB.dir/C_/Users/Lab_PC_02/.pico-sdk/sdk/2.1.1/src/rp2_common/pico_double/double_aeabi_rp2040.S.obj
                0x10001f04                __wrap___aeabi_cdrcmple
                0x10001f14                __wrap___aeabi_cdcmpeq
                0x10001f14                __wrap___aeabi_cdcmple
 .text.__wrap___aeabi_dcmplt
                0x10001f70        0xc CMakeFiles/OMNICLIMB.dir/C_/Users/Lab_PC_02/.pico-sdk/sdk/2.1.1/src/rp2_common/pico_double/double_aeabi_rp2040.S.obj
                0x10001f70                __wrap___aeabi_dcmplt
 .text.__wrap___aeabi_dcmple
                0x10001f7c       0x10 CMakeFiles/OMNICLIMB.dir/C_/Users/Lab_PC_02/.pico-sdk/sdk/2.1.1/src/rp2_common/pico_double/double_aeabi_rp2040.S.obj
                0x10001f7c                __wrap___aeabi_dcmple
 .text.__wrap___aeabi_dcmpge
                0x10001f8c       0x10 CMakeFiles/OMNICLIMB.dir/C_/Users/Lab_PC_02/.pico-sdk/sdk/2.1.1/src/rp2_common/pico_double/double_aeabi_rp2040.S.obj
                0x10001f8c                __wrap___aeabi_dcmpge
 .text.__wrap___aeabi_dcmpgt
                0x10001f9c        0xa CMakeFiles/OMNICLIMB.dir/C_/Users/Lab_PC_02/.pico-sdk/sdk/2.1.1/src/rp2_common/pico_double/double_aeabi_rp2040.S.obj
                0x10001f9c                __wrap___aeabi_dcmpgt
 .text.__wrap___aeabi_dcmpun
                0x10001fa6       0x18 CMakeFiles/OMNICLIMB.dir/C_/Users/Lab_PC_02/.pico-sdk/sdk/2.1.1/src/rp2_common/pico_double/double_aeabi_rp2040.S.obj
                0x10001fa6                __wrap___aeabi_dcmpun
 *fill*         0x10001fbe        0x2 
 .text.__wrap___aeabi_i2d
                0x10001fc0       0x38 CMakeFiles/OMNICLIMB.dir/C_/Users/Lab_PC_02/.pico-sdk/sdk/2.1.1/src/rp2_common/pico_double/double_aeabi_rp2040.S.obj
                0x10001fc0                uint2double
                0x10001fc0                __wrap___aeabi_ui2d
                0x10001fc8                int2double
                0x10001fc8                __wrap___aeabi_i2d
 .text.__wrap___aeabi_d2iz
                0x10001ff8       0x48 CMakeFiles/OMNICLIMB.dir/C_/Users/Lab_PC_02/.pico-sdk/sdk/2.1.1/src/rp2_common/pico_double/double_aeabi_rp2040.S.obj
                0x10001ff8                double2int_z
                0x10001ff8                __wrap___aeabi_d2iz
 .text.__wrap___aeabi_d2uiz
                0x10002040       0x10 CMakeFiles/OMNICLIMB.dir/C_/Users/Lab_PC_02/.pico-sdk/sdk/2.1.1/src/rp2_common/pico_double/double_aeabi_rp2040.S.obj
                0x10002040                double2uint
                0x10002040                __wrap___aeabi_d2uiz
                0x10002040                double2uint_z
 .text.missing_double_func_shim
                0x10002050        0xc CMakeFiles/OMNICLIMB.dir/C_/Users/Lab_PC_02/.pico-sdk/sdk/2.1.1/src/rp2_common/pico_double/double_init_rom_rp2040.c.obj
 .text.__aeabi_double_init
                0x1000205c       0xd0 CMakeFiles/OMNICLIMB.dir/C_/Users/Lab_PC_02/.pico-sdk/sdk/2.1.1/src/rp2_common/pico_double/double_init_rom_rp2040.c.obj
                0x1000205c                __aeabi_double_init
 .text.double_table_shim_on_use_helper
                0x1000212c       0x34 CMakeFiles/OMNICLIMB.dir/C_/Users/Lab_PC_02/.pico-sdk/sdk/2.1.1/src/rp2_common/pico_double/double_v1_rom_shim_rp2040.S.obj
                0x1000212c                double_table_shim_on_use_helper
 .text.__aeabi_lmul
                0x10002160       0x32 CMakeFiles/OMNICLIMB.dir/C_/Users/Lab_PC_02/.pico-sdk/sdk/2.1.1/src/rp2_common/pico_int64_ops/pico_int64_ops_aeabi.S.obj
                0x10002160                __wrap___aeabi_lmul
 *fill*         0x10002192        0x2 
 .text.__wrap___aeabi_farithmetic
                0x10002194       0x48 CMakeFiles/OMNICLIMB.dir/C_/Users/Lab_PC_02/.pico-sdk/sdk/2.1.1/src/rp2_common/pico_float/float_aeabi_rp2040.S.obj
                0x10002194                __wrap___aeabi_frsub
                0x1000219a                __wrap___aeabi_fsub
                0x100021a0                __wrap___aeabi_fadd
                0x100021a6                __wrap___aeabi_fdiv
                0x100021ce                __wrap___aeabi_fmul
 .text.__wrap___aeabi_ui2f
                0x100021dc        0xa CMakeFiles/OMNICLIMB.dir/C_/Users/Lab_PC_02/.pico-sdk/sdk/2.1.1/src/rp2_common/pico_float/float_aeabi_rp2040.S.obj
                0x100021dc                __wrap___aeabi_ui2f
                0x100021dc                uint2float
 *fill*         0x100021e6        0x2 
 .text.__wrap___aeabi_i2f
                0x100021e8       0x44 CMakeFiles/OMNICLIMB.dir/C_/Users/Lab_PC_02/.pico-sdk/sdk/2.1.1/src/rp2_common/pico_float/float_aeabi_rp2040.S.obj
                0x100021e8                __wrap___aeabi_i2f
                0x100021e8                int2float
 .text.__wrap___aeabi_f2d
                0x1000222c        0xc CMakeFiles/OMNICLIMB.dir/C_/Users/Lab_PC_02/.pico-sdk/sdk/2.1.1/src/rp2_common/pico_float/float_aeabi_rp2040.S.obj
                0x1000222c                __wrap___aeabi_f2d
 .text.missing_float_func_shim
                0x10002238        0xc CMakeFiles/OMNICLIMB.dir/C_/Users/Lab_PC_02/.pico-sdk/sdk/2.1.1/src/rp2_common/pico_float/float_init_rom_rp2040.c.obj
 .text.__aeabi_float_init
                0x10002244       0x88 CMakeFiles/OMNICLIMB.dir/C_/Users/Lab_PC_02/.pico-sdk/sdk/2.1.1/src/rp2_common/pico_float/float_init_rom_rp2040.c.obj
                0x10002244                __aeabi_float_init
 .text          0x100022cc       0x10 CMakeFiles/OMNICLIMB.dir/C_/Users/Lab_PC_02/.pico-sdk/sdk/2.1.1/src/rp2_common/pico_mem_ops/mem_ops_aeabi.S.obj
                0x100022cc                __aeabi_mem_init
 .text.memset   0x100022dc        0xc CMakeFiles/OMNICLIMB.dir/C_/Users/Lab_PC_02/.pico-sdk/sdk/2.1.1/src/rp2_common/pico_mem_ops/mem_ops_aeabi.S.obj
                0x100022dc                __wrap_memset
 .text.memcpy   0x100022e8        0xc CMakeFiles/OMNICLIMB.dir/C_/Users/Lab_PC_02/.pico-sdk/sdk/2.1.1/src/rp2_common/pico_mem_ops/mem_ops_aeabi.S.obj
                0x100022e8                __wrap_memcpy
                0x100022e8                __wrap___aeabi_memcpy
 .text._out_null
                0x100022f4        0x2 CMakeFiles/OMNICLIMB.dir/C_/Users/Lab_PC_02/.pico-sdk/sdk/2.1.1/src/rp2_common/pico_printf/printf.c.obj
 .text._out_fct
                0x100022f6        0xe CMakeFiles/OMNICLIMB.dir/C_/Users/Lab_PC_02/.pico-sdk/sdk/2.1.1/src/rp2_common/pico_printf/printf.c.obj
 .text._atoi    0x10002304       0x24 CMakeFiles/OMNICLIMB.dir/C_/Users/Lab_PC_02/.pico-sdk/sdk/2.1.1/src/rp2_common/pico_printf/printf.c.obj
 .text._out_rev
                0x10002328       0xb0 CMakeFiles/OMNICLIMB.dir/C_/Users/Lab_PC_02/.pico-sdk/sdk/2.1.1/src/rp2_common/pico_printf/printf.c.obj
 .text._ntoa_format
                0x100023d8      0x10e CMakeFiles/OMNICLIMB.dir/C_/Users/Lab_PC_02/.pico-sdk/sdk/2.1.1/src/rp2_common/pico_printf/printf.c.obj
 .text._ntoa_long
                0x100024e6       0xbc CMakeFiles/OMNICLIMB.dir/C_/Users/Lab_PC_02/.pico-sdk/sdk/2.1.1/src/rp2_common/pico_printf/printf.c.obj
 .text._ntoa_long_long
                0x100025a2      0x10e CMakeFiles/OMNICLIMB.dir/C_/Users/Lab_PC_02/.pico-sdk/sdk/2.1.1/src/rp2_common/pico_printf/printf.c.obj
 .text._etoa    0x100026b0      0x424 CMakeFiles/OMNICLIMB.dir/C_/Users/Lab_PC_02/.pico-sdk/sdk/2.1.1/src/rp2_common/pico_printf/printf.c.obj
 .text._ftoa    0x10002ad4      0x348 CMakeFiles/OMNICLIMB.dir/C_/Users/Lab_PC_02/.pico-sdk/sdk/2.1.1/src/rp2_common/pico_printf/printf.c.obj
 .text._vsnprintf
                0x10002e1c      0x6a4 CMakeFiles/OMNICLIMB.dir/C_/Users/Lab_PC_02/.pico-sdk/sdk/2.1.1/src/rp2_common/pico_printf/printf.c.obj
 .text.vfctprintf
                0x100034c0       0x24 CMakeFiles/OMNICLIMB.dir/C_/Users/Lab_PC_02/.pico-sdk/sdk/2.1.1/src/rp2_common/pico_printf/printf.c.obj
                0x100034c0                vfctprintf
 .text._exit    0x100034e4        0x4 CMakeFiles/OMNICLIMB.dir/C_/Users/Lab_PC_02/.pico-sdk/sdk/2.1.1/src/rp2_common/pico_clib_interface/newlib_interface.c.obj
                0x100034e4                _exit
 .text.exit     0x100034e8        0x6 CMakeFiles/OMNICLIMB.dir/C_/Users/Lab_PC_02/.pico-sdk/sdk/2.1.1/src/rp2_common/pico_clib_interface/newlib_interface.c.obj
                0x100034e8                exit
 *fill*         0x100034ee        0x2 
 .text.__assert_func
                0x100034f0       0x38 CMakeFiles/OMNICLIMB.dir/C_/Users/Lab_PC_02/.pico-sdk/sdk/2.1.1/src/rp2_common/pico_clib_interface/newlib_interface.c.obj
                0x100034f0                __assert_func
 .text.runtime_init
                0x10003528       0x28 CMakeFiles/OMNICLIMB.dir/C_/Users/Lab_PC_02/.pico-sdk/sdk/2.1.1/src/rp2_common/pico_clib_interface/newlib_interface.c.obj
                0x10003528                runtime_init
 .text.stdio_out_chars_no_crlf
                0x10003550        0xe CMakeFiles/OMNICLIMB.dir/C_/Users/Lab_PC_02/.pico-sdk/sdk/2.1.1/src/rp2_common/pico_stdio/stdio.c.obj
 *fill*         0x1000355e        0x2 
 .text.stdio_out_chars_crlf
                0x10003560       0x80 CMakeFiles/OMNICLIMB.dir/C_/Users/Lab_PC_02/.pico-sdk/sdk/2.1.1/src/rp2_common/pico_stdio/stdio.c.obj
 .text.stdio_stack_buffer_flush
                0x100035e0       0x44 CMakeFiles/OMNICLIMB.dir/C_/Users/Lab_PC_02/.pico-sdk/sdk/2.1.1/src/rp2_common/pico_stdio/stdio.c.obj
 .text.stdio_buffered_printer
                0x10003624       0x20 CMakeFiles/OMNICLIMB.dir/C_/Users/Lab_PC_02/.pico-sdk/sdk/2.1.1/src/rp2_common/pico_stdio/stdio.c.obj
 .text.stdout_serialize_begin
                0x10003644       0x30 CMakeFiles/OMNICLIMB.dir/C_/Users/Lab_PC_02/.pico-sdk/sdk/2.1.1/src/rp2_common/pico_stdio/stdio.c.obj
                0x10003644                stdout_serialize_begin
 .text.stdout_serialize_end
                0x10003674       0x10 CMakeFiles/OMNICLIMB.dir/C_/Users/Lab_PC_02/.pico-sdk/sdk/2.1.1/src/rp2_common/pico_stdio/stdio.c.obj
                0x10003674                stdout_serialize_end
 .text.stdio_put_string
                0x10003684       0x94 CMakeFiles/OMNICLIMB.dir/C_/Users/Lab_PC_02/.pico-sdk/sdk/2.1.1/src/rp2_common/pico_stdio/stdio.c.obj
                0x10003684                stdio_put_string
 .text.stdio_set_driver_enabled
                0x10003718       0x30 CMakeFiles/OMNICLIMB.dir/C_/Users/Lab_PC_02/.pico-sdk/sdk/2.1.1/src/rp2_common/pico_stdio/stdio.c.obj
                0x10003718                stdio_set_driver_enabled
 .text.stdio_flush
                0x10003748       0x20 CMakeFiles/OMNICLIMB.dir/C_/Users/Lab_PC_02/.pico-sdk/sdk/2.1.1/src/rp2_common/pico_stdio/stdio.c.obj
                0x10003748                stdio_flush
 .text.stdio_init_all
                0x10003768        0x8 CMakeFiles/OMNICLIMB.dir/C_/Users/Lab_PC_02/.pico-sdk/sdk/2.1.1/src/rp2_common/pico_stdio/stdio.c.obj
                0x10003768                stdio_init_all
 .text.__wrap_puts
                0x10003770       0x1e CMakeFiles/OMNICLIMB.dir/C_/Users/Lab_PC_02/.pico-sdk/sdk/2.1.1/src/rp2_common/pico_stdio/stdio.c.obj
                0x10003770                stdio_puts
                0x10003770                __wrap_puts
 *fill*         0x1000378e        0x2 
 .text.__wrap_vprintf
                0x10003790       0x40 CMakeFiles/OMNICLIMB.dir/C_/Users/Lab_PC_02/.pico-sdk/sdk/2.1.1/src/rp2_common/pico_stdio/stdio.c.obj
                0x10003790                stdio_vprintf
                0x10003790                __wrap_vprintf
 .text.__wrap_printf
                0x100037d0       0x18 CMakeFiles/OMNICLIMB.dir/C_/Users/Lab_PC_02/.pico-sdk/sdk/2.1.1/src/rp2_common/pico_stdio/stdio.c.obj
                0x100037d0                __wrap_printf
                0x100037d0                stdio_printf
 .text.resetd_init
                0x100037e8        0x2 CMakeFiles/OMNICLIMB.dir/C_/Users/Lab_PC_02/.pico-sdk/sdk/2.1.1/src/rp2_common/pico_stdio_usb/reset_interface.c.obj
 *fill*         0x100037ea        0x2 
 .text.resetd_reset
                0x100037ec        0xc CMakeFiles/OMNICLIMB.dir/C_/Users/Lab_PC_02/.pico-sdk/sdk/2.1.1/src/rp2_common/pico_stdio_usb/reset_interface.c.obj
 .text.resetd_open
                0x100037f8       0x34 CMakeFiles/OMNICLIMB.dir/C_/Users/Lab_PC_02/.pico-sdk/sdk/2.1.1/src/rp2_common/pico_stdio_usb/reset_interface.c.obj
 .text.resetd_xfer_cb
                0x1000382c        0x4 CMakeFiles/OMNICLIMB.dir/C_/Users/Lab_PC_02/.pico-sdk/sdk/2.1.1/src/rp2_common/pico_stdio_usb/reset_interface.c.obj
 .text.resetd_control_xfer_cb
                0x10003830       0x60 CMakeFiles/OMNICLIMB.dir/C_/Users/Lab_PC_02/.pico-sdk/sdk/2.1.1/src/rp2_common/pico_stdio_usb/reset_interface.c.obj
 .text.tud_descriptor_bos_cb
                0x10003890        0x8 CMakeFiles/OMNICLIMB.dir/C_/Users/Lab_PC_02/.pico-sdk/sdk/2.1.1/src/rp2_common/pico_stdio_usb/reset_interface.c.obj
                0x10003890                tud_descriptor_bos_cb
 .text.tud_vendor_control_xfer_cb
                0x10003898       0x38 CMakeFiles/OMNICLIMB.dir/C_/Users/Lab_PC_02/.pico-sdk/sdk/2.1.1/src/rp2_common/pico_stdio_usb/reset_interface.c.obj
                0x10003898                tud_vendor_control_xfer_cb
 .text.usbd_app_driver_get_cb
                0x100038d0        0xc CMakeFiles/OMNICLIMB.dir/C_/Users/Lab_PC_02/.pico-sdk/sdk/2.1.1/src/rp2_common/pico_stdio_usb/reset_interface.c.obj
                0x100038d0                usbd_app_driver_get_cb
 .text.tud_cdc_line_coding_cb
                0x100038dc       0x2c CMakeFiles/OMNICLIMB.dir/C_/Users/Lab_PC_02/.pico-sdk/sdk/2.1.1/src/rp2_common/pico_stdio_usb/reset_interface.c.obj
                0x100038dc                tud_cdc_line_coding_cb
 .text.stdio_usb_set_chars_available_callback
                0x10003908       0x14 CMakeFiles/OMNICLIMB.dir/C_/Users/Lab_PC_02/.pico-sdk/sdk/2.1.1/src/rp2_common/pico_stdio_usb/stdio_usb.c.obj
                0x10003908                stdio_usb_set_chars_available_callback
 .text.stdio_usb_out_flush
                0x1000391c       0x4c CMakeFiles/OMNICLIMB.dir/C_/Users/Lab_PC_02/.pico-sdk/sdk/2.1.1/src/rp2_common/pico_stdio_usb/stdio_usb.c.obj
 .text.usb_irq  0x10003968       0x10 CMakeFiles/OMNICLIMB.dir/C_/Users/Lab_PC_02/.pico-sdk/sdk/2.1.1/src/rp2_common/pico_stdio_usb/stdio_usb.c.obj
 .text.critical_section_enter_blocking
                0x10003978       0x16 CMakeFiles/OMNICLIMB.dir/C_/Users/Lab_PC_02/.pico-sdk/sdk/2.1.1/src/rp2_common/pico_stdio_usb/stdio_usb.c.obj
 *fill*         0x1000398e        0x2 
 .text.timer_task
                0x10003990       0x60 CMakeFiles/OMNICLIMB.dir/C_/Users/Lab_PC_02/.pico-sdk/sdk/2.1.1/src/rp2_common/pico_stdio_usb/stdio_usb.c.obj
 .text.alarm_pool_add_alarm_in_us
                0x100039f0       0x40 CMakeFiles/OMNICLIMB.dir/C_/Users/Lab_PC_02/.pico-sdk/sdk/2.1.1/src/rp2_common/pico_stdio_usb/stdio_usb.c.obj
 .text.add_alarm_in_us
                0x10003a30       0x2e CMakeFiles/OMNICLIMB.dir/C_/Users/Lab_PC_02/.pico-sdk/sdk/2.1.1/src/rp2_common/pico_stdio_usb/stdio_usb.c.obj
 *fill*         0x10003a5e        0x2 
 .text.low_priority_worker_irq
                0x10003a60       0x9c CMakeFiles/OMNICLIMB.dir/C_/Users/Lab_PC_02/.pico-sdk/sdk/2.1.1/src/rp2_common/pico_stdio_usb/stdio_usb.c.obj
 .text.stdio_usb_init
                0x10003afc       0xe0 CMakeFiles/OMNICLIMB.dir/C_/Users/Lab_PC_02/.pico-sdk/sdk/2.1.1/src/rp2_common/pico_stdio_usb/stdio_usb.c.obj
                0x10003afc                stdio_usb_init
 .text.stdio_usb_connected
                0x10003bdc        0xa CMakeFiles/OMNICLIMB.dir/C_/Users/Lab_PC_02/.pico-sdk/sdk/2.1.1/src/rp2_common/pico_stdio_usb/stdio_usb.c.obj
                0x10003bdc                stdio_usb_connected
 *fill*         0x10003be6        0x2 
 .text.stdio_usb_in_chars
                0x10003be8       0x98 CMakeFiles/OMNICLIMB.dir/C_/Users/Lab_PC_02/.pico-sdk/sdk/2.1.1/src/rp2_common/pico_stdio_usb/stdio_usb.c.obj
                0x10003be8                stdio_usb_in_chars
 .text.stdio_usb_out_chars
                0x10003c80       0xe8 CMakeFiles/OMNICLIMB.dir/C_/Users/Lab_PC_02/.pico-sdk/sdk/2.1.1/src/rp2_common/pico_stdio_usb/stdio_usb.c.obj
 .text.tud_descriptor_device_cb
                0x10003d68        0x8 CMakeFiles/OMNICLIMB.dir/C_/Users/Lab_PC_02/.pico-sdk/sdk/2.1.1/src/rp2_common/pico_stdio_usb/stdio_usb_descriptors.c.obj
                0x10003d68                tud_descriptor_device_cb
 .text.tud_descriptor_configuration_cb
                0x10003d70        0x8 CMakeFiles/OMNICLIMB.dir/C_/Users/Lab_PC_02/.pico-sdk/sdk/2.1.1/src/rp2_common/pico_stdio_usb/stdio_usb_descriptors.c.obj
                0x10003d70                tud_descriptor_configuration_cb
 .text.tud_descriptor_string_cb
                0x10003d78       0x6c CMakeFiles/OMNICLIMB.dir/C_/Users/Lab_PC_02/.pico-sdk/sdk/2.1.1/src/rp2_common/pico_stdio_usb/stdio_usb_descriptors.c.obj
                0x10003d78                tud_descriptor_string_cb
 .text._retrieve_unique_id_on_boot
                0x10003de4       0x10 CMakeFiles/OMNICLIMB.dir/C_/Users/Lab_PC_02/.pico-sdk/sdk/2.1.1/src/rp2_common/pico_unique_id/unique_id.c.obj
 .text.pico_get_unique_board_id_string
                0x10003df4       0x58 CMakeFiles/OMNICLIMB.dir/C_/Users/Lab_PC_02/.pico-sdk/sdk/2.1.1/src/rp2_common/pico_unique_id/unique_id.c.obj
                0x10003df4                pico_get_unique_board_id_string
 .text.flash_get_unique_id
                0x10003e4c       0x40 CMakeFiles/OMNICLIMB.dir/C_/Users/Lab_PC_02/.pico-sdk/sdk/2.1.1/src/rp2_common/hardware_flash/flash.c.obj
                0x10003e4c                flash_get_unique_id
 .text.hw_endpoint_init
                0x10003e8c       0xc0 CMakeFiles/OMNICLIMB.dir/C_/Users/Lab_PC_02/.pico-sdk/sdk/2.1.1/lib/tinyusb/src/portable/raspberrypi/rp2040/dcd_rp2040.c.obj
 .text.hw_endpoint_alloc
                0x10003f4c       0x48 CMakeFiles/OMNICLIMB.dir/C_/Users/Lab_PC_02/.pico-sdk/sdk/2.1.1/lib/tinyusb/src/portable/raspberrypi/rp2040/dcd_rp2040.c.obj
 .text.hw_endpoint_open
                0x10003f94       0x50 CMakeFiles/OMNICLIMB.dir/C_/Users/Lab_PC_02/.pico-sdk/sdk/2.1.1/lib/tinyusb/src/portable/raspberrypi/rp2040/dcd_rp2040.c.obj
 .text.hw_endpoint_xfer
                0x10003fe4       0x20 CMakeFiles/OMNICLIMB.dir/C_/Users/Lab_PC_02/.pico-sdk/sdk/2.1.1/lib/tinyusb/src/portable/raspberrypi/rp2040/dcd_rp2040.c.obj
 .text.dcd_int_enable
                0x10004004       0x2c CMakeFiles/OMNICLIMB.dir/C_/Users/Lab_PC_02/.pico-sdk/sdk/2.1.1/lib/tinyusb/src/portable/raspberrypi/rp2040/dcd_rp2040.c.obj
                0x10004004                dcd_int_enable
 .text.dcd_set_address
                0x10004030       0x2c CMakeFiles/OMNICLIMB.dir/C_/Users/Lab_PC_02/.pico-sdk/sdk/2.1.1/lib/tinyusb/src/portable/raspberrypi/rp2040/dcd_rp2040.c.obj
                0x10004030                dcd_set_address
 .text.dcd_connect
                0x1000405c       0x10 CMakeFiles/OMNICLIMB.dir/C_/Users/Lab_PC_02/.pico-sdk/sdk/2.1.1/lib/tinyusb/src/portable/raspberrypi/rp2040/dcd_rp2040.c.obj
                0x1000405c                dcd_connect
 .text.dcd_init
                0x1000406c       0x80 CMakeFiles/OMNICLIMB.dir/C_/Users/Lab_PC_02/.pico-sdk/sdk/2.1.1/lib/tinyusb/src/portable/raspberrypi/rp2040/dcd_rp2040.c.obj
                0x1000406c                dcd_init
 .text.dcd_sof_enable
                0x100040ec       0x1c CMakeFiles/OMNICLIMB.dir/C_/Users/Lab_PC_02/.pico-sdk/sdk/2.1.1/lib/tinyusb/src/portable/raspberrypi/rp2040/dcd_rp2040.c.obj
                0x100040ec                dcd_sof_enable
 .text.dcd_edpt0_status_complete
                0x10004108       0x1c CMakeFiles/OMNICLIMB.dir/C_/Users/Lab_PC_02/.pico-sdk/sdk/2.1.1/lib/tinyusb/src/portable/raspberrypi/rp2040/dcd_rp2040.c.obj
                0x10004108                dcd_edpt0_status_complete
 .text.dcd_edpt_open
                0x10004124       0x26 CMakeFiles/OMNICLIMB.dir/C_/Users/Lab_PC_02/.pico-sdk/sdk/2.1.1/lib/tinyusb/src/portable/raspberrypi/rp2040/dcd_rp2040.c.obj
                0x10004124                dcd_edpt_open
 .text.dcd_edpt_close_all
                0x1000414a        0x8 CMakeFiles/OMNICLIMB.dir/C_/Users/Lab_PC_02/.pico-sdk/sdk/2.1.1/lib/tinyusb/src/portable/raspberrypi/rp2040/dcd_rp2040.c.obj
                0x1000414a                dcd_edpt_close_all
 *fill*         0x10004152        0x2 
 .text.dcd_edpt_xfer
                0x10004154       0x30 CMakeFiles/OMNICLIMB.dir/C_/Users/Lab_PC_02/.pico-sdk/sdk/2.1.1/lib/tinyusb/src/portable/raspberrypi/rp2040/dcd_rp2040.c.obj
                0x10004154                dcd_edpt_xfer
 .text.dcd_edpt_stall
                0x10004184       0x3c CMakeFiles/OMNICLIMB.dir/C_/Users/Lab_PC_02/.pico-sdk/sdk/2.1.1/lib/tinyusb/src/portable/raspberrypi/rp2040/dcd_rp2040.c.obj
                0x10004184                dcd_edpt_stall
 .text.dcd_edpt_clear_stall
                0x100041c0       0x30 CMakeFiles/OMNICLIMB.dir/C_/Users/Lab_PC_02/.pico-sdk/sdk/2.1.1/lib/tinyusb/src/portable/raspberrypi/rp2040/dcd_rp2040.c.obj
                0x100041c0                dcd_edpt_clear_stall
 .text.unaligned_memcpy
                0x100041f0       0x14 CMakeFiles/OMNICLIMB.dir/C_/Users/Lab_PC_02/.pico-sdk/sdk/2.1.1/lib/tinyusb/src/portable/raspberrypi/rp2040/rp2040_usb.c.obj
 .text.rp2040_usb_init
                0x10004204       0x44 CMakeFiles/OMNICLIMB.dir/C_/Users/Lab_PC_02/.pico-sdk/sdk/2.1.1/lib/tinyusb/src/portable/raspberrypi/rp2040/rp2040_usb.c.obj
                0x10004204                rp2040_usb_init
 .text.hw_endpoint_xfer_start
                0x10004248       0x60 CMakeFiles/OMNICLIMB.dir/C_/Users/Lab_PC_02/.pico-sdk/sdk/2.1.1/lib/tinyusb/src/portable/raspberrypi/rp2040/rp2040_usb.c.obj
                0x10004248                hw_endpoint_xfer_start
 .text.configuration_reset
                0x100042a8       0x84 CMakeFiles/OMNICLIMB.dir/C_/Users/Lab_PC_02/.pico-sdk/sdk/2.1.1/lib/tinyusb/src/device/usbd.c.obj
 .text.critical_section_enter_blocking
                0x1000432c       0x16 CMakeFiles/OMNICLIMB.dir/C_/Users/Lab_PC_02/.pico-sdk/sdk/2.1.1/lib/tinyusb/src/device/usbd.c.obj
 .text.usbd_reset
                0x10004342        0xc CMakeFiles/OMNICLIMB.dir/C_/Users/Lab_PC_02/.pico-sdk/sdk/2.1.1/lib/tinyusb/src/device/usbd.c.obj
 .text.invoke_class_control
                0x1000434e       0x1a CMakeFiles/OMNICLIMB.dir/C_/Users/Lab_PC_02/.pico-sdk/sdk/2.1.1/lib/tinyusb/src/device/usbd.c.obj
 .text.process_set_config
                0x10004368      0x1b0 CMakeFiles/OMNICLIMB.dir/C_/Users/Lab_PC_02/.pico-sdk/sdk/2.1.1/lib/tinyusb/src/device/usbd.c.obj
 .text.tud_event_hook_cb
                0x10004518        0x2 CMakeFiles/OMNICLIMB.dir/C_/Users/Lab_PC_02/.pico-sdk/sdk/2.1.1/lib/tinyusb/src/device/usbd.c.obj
                0x10004518                tud_event_hook_cb
 .text.tud_sof_cb
                0x1000451a        0x2 CMakeFiles/OMNICLIMB.dir/C_/Users/Lab_PC_02/.pico-sdk/sdk/2.1.1/lib/tinyusb/src/device/usbd.c.obj
                0x1000451a                tud_sof_cb
 .text.tud_descriptor_device_qualifier_cb
                0x1000451c        0x4 CMakeFiles/OMNICLIMB.dir/C_/Users/Lab_PC_02/.pico-sdk/sdk/2.1.1/lib/tinyusb/src/device/usbd.c.obj
                0x1000451c                tud_descriptor_device_qualifier_cb
 .text.tud_descriptor_other_speed_configuration_cb
                0x10004520        0x4 CMakeFiles/OMNICLIMB.dir/C_/Users/Lab_PC_02/.pico-sdk/sdk/2.1.1/lib/tinyusb/src/device/usbd.c.obj
                0x10004520                tud_descriptor_other_speed_configuration_cb
 .text.process_get_descriptor
                0x10004524       0xe0 CMakeFiles/OMNICLIMB.dir/C_/Users/Lab_PC_02/.pico-sdk/sdk/2.1.1/lib/tinyusb/src/device/usbd.c.obj
 .text.tud_mount_cb
                0x10004604        0x2 CMakeFiles/OMNICLIMB.dir/C_/Users/Lab_PC_02/.pico-sdk/sdk/2.1.1/lib/tinyusb/src/device/usbd.c.obj
                0x10004604                tud_mount_cb
 .text.tud_umount_cb
                0x10004606        0x2 CMakeFiles/OMNICLIMB.dir/C_/Users/Lab_PC_02/.pico-sdk/sdk/2.1.1/lib/tinyusb/src/device/usbd.c.obj
                0x10004606                tud_umount_cb
 .text.tud_suspend_cb
                0x10004608        0x2 CMakeFiles/OMNICLIMB.dir/C_/Users/Lab_PC_02/.pico-sdk/sdk/2.1.1/lib/tinyusb/src/device/usbd.c.obj
                0x10004608                tud_suspend_cb
 .text.tud_resume_cb
                0x1000460a        0x2 CMakeFiles/OMNICLIMB.dir/C_/Users/Lab_PC_02/.pico-sdk/sdk/2.1.1/lib/tinyusb/src/device/usbd.c.obj
                0x1000460a                tud_resume_cb
 .text.tud_mounted
                0x1000460c       0x10 CMakeFiles/OMNICLIMB.dir/C_/Users/Lab_PC_02/.pico-sdk/sdk/2.1.1/lib/tinyusb/src/device/usbd.c.obj
                0x1000460c                tud_mounted
 .text.tud_suspended
                0x1000461c       0x10 CMakeFiles/OMNICLIMB.dir/C_/Users/Lab_PC_02/.pico-sdk/sdk/2.1.1/lib/tinyusb/src/device/usbd.c.obj
                0x1000461c                tud_suspended
 .text.tud_inited
                0x1000462c       0x14 CMakeFiles/OMNICLIMB.dir/C_/Users/Lab_PC_02/.pico-sdk/sdk/2.1.1/lib/tinyusb/src/device/usbd.c.obj
                0x1000462c                tud_inited
 .text.tud_rhport_init
                0x10004640      0x100 CMakeFiles/OMNICLIMB.dir/C_/Users/Lab_PC_02/.pico-sdk/sdk/2.1.1/lib/tinyusb/src/device/usbd.c.obj
                0x10004640                tud_rhport_init
 .text.usbd_edpt_open
                0x10004740       0x60 CMakeFiles/OMNICLIMB.dir/C_/Users/Lab_PC_02/.pico-sdk/sdk/2.1.1/lib/tinyusb/src/device/usbd.c.obj
                0x10004740                usbd_edpt_open
 .text.usbd_open_edpt_pair
                0x100047a0       0x88 CMakeFiles/OMNICLIMB.dir/C_/Users/Lab_PC_02/.pico-sdk/sdk/2.1.1/lib/tinyusb/src/device/usbd.c.obj
                0x100047a0                usbd_open_edpt_pair
 .text.usbd_edpt_claim
                0x10004828       0x28 CMakeFiles/OMNICLIMB.dir/C_/Users/Lab_PC_02/.pico-sdk/sdk/2.1.1/lib/tinyusb/src/device/usbd.c.obj
                0x10004828                usbd_edpt_claim
 .text.usbd_edpt_release
                0x10004850       0x28 CMakeFiles/OMNICLIMB.dir/C_/Users/Lab_PC_02/.pico-sdk/sdk/2.1.1/lib/tinyusb/src/device/usbd.c.obj
                0x10004850                usbd_edpt_release
 .text.usbd_edpt_xfer
                0x10004878       0x88 CMakeFiles/OMNICLIMB.dir/C_/Users/Lab_PC_02/.pico-sdk/sdk/2.1.1/lib/tinyusb/src/device/usbd.c.obj
                0x10004878                usbd_edpt_xfer
 .text.usbd_edpt_stall
                0x10004900       0x34 CMakeFiles/OMNICLIMB.dir/C_/Users/Lab_PC_02/.pico-sdk/sdk/2.1.1/lib/tinyusb/src/device/usbd.c.obj
                0x10004900                usbd_edpt_stall
 .text.usbd_edpt_clear_stall
                0x10004934       0x34 CMakeFiles/OMNICLIMB.dir/C_/Users/Lab_PC_02/.pico-sdk/sdk/2.1.1/lib/tinyusb/src/device/usbd.c.obj
                0x10004934                usbd_edpt_clear_stall
 .text.usbd_edpt_stalled
                0x10004968       0x1c CMakeFiles/OMNICLIMB.dir/C_/Users/Lab_PC_02/.pico-sdk/sdk/2.1.1/lib/tinyusb/src/device/usbd.c.obj
                0x10004968                usbd_edpt_stalled
 .text.process_control_request
                0x10004984      0x384 CMakeFiles/OMNICLIMB.dir/C_/Users/Lab_PC_02/.pico-sdk/sdk/2.1.1/lib/tinyusb/src/device/usbd.c.obj
 .text.tud_task_ext
                0x10004d08      0x1c4 CMakeFiles/OMNICLIMB.dir/C_/Users/Lab_PC_02/.pico-sdk/sdk/2.1.1/lib/tinyusb/src/device/usbd.c.obj
                0x10004d08                tud_task_ext
 .text.status_stage_xact
                0x10004ecc       0x1a CMakeFiles/OMNICLIMB.dir/C_/Users/Lab_PC_02/.pico-sdk/sdk/2.1.1/lib/tinyusb/src/device/usbd_control.c.obj
 *fill*         0x10004ee6        0x2 
 .text.data_stage_xact
                0x10004ee8       0x60 CMakeFiles/OMNICLIMB.dir/C_/Users/Lab_PC_02/.pico-sdk/sdk/2.1.1/lib/tinyusb/src/device/usbd_control.c.obj
 .text.tud_control_status
                0x10004f48       0x28 CMakeFiles/OMNICLIMB.dir/C_/Users/Lab_PC_02/.pico-sdk/sdk/2.1.1/lib/tinyusb/src/device/usbd_control.c.obj
                0x10004f48                tud_control_status
 .text.tud_control_xfer
                0x10004f70       0x98 CMakeFiles/OMNICLIMB.dir/C_/Users/Lab_PC_02/.pico-sdk/sdk/2.1.1/lib/tinyusb/src/device/usbd_control.c.obj
                0x10004f70                tud_control_xfer
 .text.usbd_control_reset
                0x10005008       0x14 CMakeFiles/OMNICLIMB.dir/C_/Users/Lab_PC_02/.pico-sdk/sdk/2.1.1/lib/tinyusb/src/device/usbd_control.c.obj
                0x10005008                usbd_control_reset
 .text.usbd_control_set_complete_callback
                0x1000501c        0xc CMakeFiles/OMNICLIMB.dir/C_/Users/Lab_PC_02/.pico-sdk/sdk/2.1.1/lib/tinyusb/src/device/usbd_control.c.obj
                0x1000501c                usbd_control_set_complete_callback
 .text.usbd_control_set_request
                0x10005028       0x1c CMakeFiles/OMNICLIMB.dir/C_/Users/Lab_PC_02/.pico-sdk/sdk/2.1.1/lib/tinyusb/src/device/usbd_control.c.obj
                0x10005028                usbd_control_set_request
 .text.usbd_control_xfer_cb
                0x10005044       0xe0 CMakeFiles/OMNICLIMB.dir/C_/Users/Lab_PC_02/.pico-sdk/sdk/2.1.1/lib/tinyusb/src/device/usbd_control.c.obj
                0x10005044                usbd_control_xfer_cb
 .text._prep_out_transaction
                0x10005124       0x94 CMakeFiles/OMNICLIMB.dir/C_/Users/Lab_PC_02/.pico-sdk/sdk/2.1.1/lib/tinyusb/src/class/cdc/cdc_device.c.obj
 .text.tud_cdc_n_connected
                0x100051b8       0x38 CMakeFiles/OMNICLIMB.dir/C_/Users/Lab_PC_02/.pico-sdk/sdk/2.1.1/lib/tinyusb/src/class/cdc/cdc_device.c.obj
                0x100051b8                tud_cdc_n_connected
 .text.tud_cdc_n_available
                0x100051f0       0x18 CMakeFiles/OMNICLIMB.dir/C_/Users/Lab_PC_02/.pico-sdk/sdk/2.1.1/lib/tinyusb/src/class/cdc/cdc_device.c.obj
                0x100051f0                tud_cdc_n_available
 .text.tud_cdc_n_read
                0x10005208       0x38 CMakeFiles/OMNICLIMB.dir/C_/Users/Lab_PC_02/.pico-sdk/sdk/2.1.1/lib/tinyusb/src/class/cdc/cdc_device.c.obj
                0x10005208                tud_cdc_n_read
 .text.tud_cdc_n_write_flush
                0x10005240       0xb0 CMakeFiles/OMNICLIMB.dir/C_/Users/Lab_PC_02/.pico-sdk/sdk/2.1.1/lib/tinyusb/src/class/cdc/cdc_device.c.obj
                0x10005240                tud_cdc_n_write_flush
 .text.tud_cdc_n_write
                0x100052f0       0x48 CMakeFiles/OMNICLIMB.dir/C_/Users/Lab_PC_02/.pico-sdk/sdk/2.1.1/lib/tinyusb/src/class/cdc/cdc_device.c.obj
                0x100052f0                tud_cdc_n_write
 .text.tud_cdc_n_write_available
                0x10005338       0x18 CMakeFiles/OMNICLIMB.dir/C_/Users/Lab_PC_02/.pico-sdk/sdk/2.1.1/lib/tinyusb/src/class/cdc/cdc_device.c.obj
                0x10005338                tud_cdc_n_write_available
 .text.cdcd_init
                0x10005350       0xac CMakeFiles/OMNICLIMB.dir/C_/Users/Lab_PC_02/.pico-sdk/sdk/2.1.1/lib/tinyusb/src/class/cdc/cdc_device.c.obj
                0x10005350                cdcd_init
 .text.cdcd_deinit
                0x100053fc       0x48 CMakeFiles/OMNICLIMB.dir/C_/Users/Lab_PC_02/.pico-sdk/sdk/2.1.1/lib/tinyusb/src/class/cdc/cdc_device.c.obj
                0x100053fc                cdcd_deinit
 .text.cdcd_reset
                0x10005444       0x70 CMakeFiles/OMNICLIMB.dir/C_/Users/Lab_PC_02/.pico-sdk/sdk/2.1.1/lib/tinyusb/src/class/cdc/cdc_device.c.obj
                0x10005444                cdcd_reset
 .text.cdcd_open
                0x100054b4       0xec CMakeFiles/OMNICLIMB.dir/C_/Users/Lab_PC_02/.pico-sdk/sdk/2.1.1/lib/tinyusb/src/class/cdc/cdc_device.c.obj
                0x100054b4                cdcd_open
 .text.cdcd_control_xfer_cb
                0x100055a0      0x13c CMakeFiles/OMNICLIMB.dir/C_/Users/Lab_PC_02/.pico-sdk/sdk/2.1.1/lib/tinyusb/src/class/cdc/cdc_device.c.obj
                0x100055a0                cdcd_control_xfer_cb
 .text.cdcd_xfer_cb
                0x100056dc      0x148 CMakeFiles/OMNICLIMB.dir/C_/Users/Lab_PC_02/.pico-sdk/sdk/2.1.1/lib/tinyusb/src/class/cdc/cdc_device.c.obj
                0x100056dc                cdcd_xfer_cb
 .text.tud_vendor_n_mounted
                0x10005824       0x3c CMakeFiles/OMNICLIMB.dir/C_/Users/Lab_PC_02/.pico-sdk/sdk/2.1.1/lib/tinyusb/src/class/vendor/vendor_device.c.obj
                0x10005824                tud_vendor_n_mounted
 .text.tud_vendor_n_write_flush
                0x10005860       0x20 CMakeFiles/OMNICLIMB.dir/C_/Users/Lab_PC_02/.pico-sdk/sdk/2.1.1/lib/tinyusb/src/class/vendor/vendor_device.c.obj
                0x10005860                tud_vendor_n_write_flush
 .text.vendord_init
                0x10005880       0x9c CMakeFiles/OMNICLIMB.dir/C_/Users/Lab_PC_02/.pico-sdk/sdk/2.1.1/lib/tinyusb/src/class/vendor/vendor_device.c.obj
                0x10005880                vendord_init
 .text.vendord_deinit
                0x1000591c       0x34 CMakeFiles/OMNICLIMB.dir/C_/Users/Lab_PC_02/.pico-sdk/sdk/2.1.1/lib/tinyusb/src/class/vendor/vendor_device.c.obj
                0x1000591c                vendord_deinit
 .text.vendord_reset
                0x10005950       0x50 CMakeFiles/OMNICLIMB.dir/C_/Users/Lab_PC_02/.pico-sdk/sdk/2.1.1/lib/tinyusb/src/class/vendor/vendor_device.c.obj
                0x10005950                vendord_reset
 .text.vendord_open
                0x100059a0      0x14c CMakeFiles/OMNICLIMB.dir/C_/Users/Lab_PC_02/.pico-sdk/sdk/2.1.1/lib/tinyusb/src/class/vendor/vendor_device.c.obj
                0x100059a0                vendord_open
 .text.vendord_xfer_cb
                0x10005aec       0xd8 CMakeFiles/OMNICLIMB.dir/C_/Users/Lab_PC_02/.pico-sdk/sdk/2.1.1/lib/tinyusb/src/class/vendor/vendor_device.c.obj
                0x10005aec                vendord_xfer_cb
 .text.tusb_rhport_init
                0x10005bc4       0x78 CMakeFiles/OMNICLIMB.dir/C_/Users/Lab_PC_02/.pico-sdk/sdk/2.1.1/lib/tinyusb/src/tusb.c.obj
                0x10005bc4                tusb_rhport_init
 .text.tu_edpt_claim
                0x10005c3c       0x50 CMakeFiles/OMNICLIMB.dir/C_/Users/Lab_PC_02/.pico-sdk/sdk/2.1.1/lib/tinyusb/src/tusb.c.obj
                0x10005c3c                tu_edpt_claim
 .text.tu_edpt_release
                0x10005c8c       0x38 CMakeFiles/OMNICLIMB.dir/C_/Users/Lab_PC_02/.pico-sdk/sdk/2.1.1/lib/tinyusb/src/tusb.c.obj
                0x10005c8c                tu_edpt_release
 .text.tu_edpt_validate
                0x10005cc4       0xac CMakeFiles/OMNICLIMB.dir/C_/Users/Lab_PC_02/.pico-sdk/sdk/2.1.1/lib/tinyusb/src/tusb.c.obj
                0x10005cc4                tu_edpt_validate
 .text.tu_edpt_bind_driver
                0x10005d70       0x26 CMakeFiles/OMNICLIMB.dir/C_/Users/Lab_PC_02/.pico-sdk/sdk/2.1.1/lib/tinyusb/src/tusb.c.obj
                0x10005d70                tu_edpt_bind_driver
 .text.tu_edpt_stream_init
                0x10005d96       0x62 CMakeFiles/OMNICLIMB.dir/C_/Users/Lab_PC_02/.pico-sdk/sdk/2.1.1/lib/tinyusb/src/tusb.c.obj
                0x10005d96                tu_edpt_stream_init
 .text.tu_edpt_stream_deinit
                0x10005df8        0x4 CMakeFiles/OMNICLIMB.dir/C_/Users/Lab_PC_02/.pico-sdk/sdk/2.1.1/lib/tinyusb/src/tusb.c.obj
                0x10005df8                tu_edpt_stream_deinit
 .text.tu_edpt_stream_write_zlp_if_needed
                0x10005dfc       0x80 CMakeFiles/OMNICLIMB.dir/C_/Users/Lab_PC_02/.pico-sdk/sdk/2.1.1/lib/tinyusb/src/tusb.c.obj
                0x10005dfc                tu_edpt_stream_write_zlp_if_needed
 .text.tu_edpt_stream_write_xfer
                0x10005e7c       0x84 CMakeFiles/OMNICLIMB.dir/C_/Users/Lab_PC_02/.pico-sdk/sdk/2.1.1/lib/tinyusb/src/tusb.c.obj
                0x10005e7c                tu_edpt_stream_write_xfer
 .text.tu_edpt_stream_read_xfer
                0x10005f00       0xf4 CMakeFiles/OMNICLIMB.dir/C_/Users/Lab_PC_02/.pico-sdk/sdk/2.1.1/lib/tinyusb/src/tusb.c.obj
                0x10005f00                tu_edpt_stream_read_xfer
 .text.advance_index
                0x10005ff4       0x1a CMakeFiles/OMNICLIMB.dir/C_/Users/Lab_PC_02/.pico-sdk/sdk/2.1.1/lib/tinyusb/src/common/tusb_fifo.c.obj
 .text._tu_fifo_peek
                0x1000600e       0x56 CMakeFiles/OMNICLIMB.dir/C_/Users/Lab_PC_02/.pico-sdk/sdk/2.1.1/lib/tinyusb/src/common/tusb_fifo.c.obj
 .text._ff_pull_n
                0x10006064       0x68 CMakeFiles/OMNICLIMB.dir/C_/Users/Lab_PC_02/.pico-sdk/sdk/2.1.1/lib/tinyusb/src/common/tusb_fifo.c.obj
 .text._tu_fifo_peek_n
                0x100060cc       0x6a CMakeFiles/OMNICLIMB.dir/C_/Users/Lab_PC_02/.pico-sdk/sdk/2.1.1/lib/tinyusb/src/common/tusb_fifo.c.obj
 .text._tu_fifo_read_n
                0x10006136       0x4e CMakeFiles/OMNICLIMB.dir/C_/Users/Lab_PC_02/.pico-sdk/sdk/2.1.1/lib/tinyusb/src/common/tusb_fifo.c.obj
 .text._ff_push_n
                0x10006184       0x68 CMakeFiles/OMNICLIMB.dir/C_/Users/Lab_PC_02/.pico-sdk/sdk/2.1.1/lib/tinyusb/src/common/tusb_fifo.c.obj
 .text._tu_fifo_write_n
                0x100061ec       0xf0 CMakeFiles/OMNICLIMB.dir/C_/Users/Lab_PC_02/.pico-sdk/sdk/2.1.1/lib/tinyusb/src/common/tusb_fifo.c.obj
 .text.tu_fifo_config
                0x100062dc       0x7c CMakeFiles/OMNICLIMB.dir/C_/Users/Lab_PC_02/.pico-sdk/sdk/2.1.1/lib/tinyusb/src/common/tusb_fifo.c.obj
                0x100062dc                tu_fifo_config
 .text.tu_fifo_count
                0x10006358       0x2c CMakeFiles/OMNICLIMB.dir/C_/Users/Lab_PC_02/.pico-sdk/sdk/2.1.1/lib/tinyusb/src/common/tusb_fifo.c.obj
                0x10006358                tu_fifo_count
 .text.tu_fifo_empty
                0x10006384        0xe CMakeFiles/OMNICLIMB.dir/C_/Users/Lab_PC_02/.pico-sdk/sdk/2.1.1/lib/tinyusb/src/common/tusb_fifo.c.obj
                0x10006384                tu_fifo_empty
 .text.tu_fifo_full
                0x10006392       0x2a CMakeFiles/OMNICLIMB.dir/C_/Users/Lab_PC_02/.pico-sdk/sdk/2.1.1/lib/tinyusb/src/common/tusb_fifo.c.obj
                0x10006392                tu_fifo_full
 .text.tu_fifo_remaining
                0x100063bc       0x2e CMakeFiles/OMNICLIMB.dir/C_/Users/Lab_PC_02/.pico-sdk/sdk/2.1.1/lib/tinyusb/src/common/tusb_fifo.c.obj
                0x100063bc                tu_fifo_remaining
 .text.tu_fifo_read
                0x100063ea       0x42 CMakeFiles/OMNICLIMB.dir/C_/Users/Lab_PC_02/.pico-sdk/sdk/2.1.1/lib/tinyusb/src/common/tusb_fifo.c.obj
                0x100063ea                tu_fifo_read
 .text.tu_fifo_read_n
                0x1000642c        0xa CMakeFiles/OMNICLIMB.dir/C_/Users/Lab_PC_02/.pico-sdk/sdk/2.1.1/lib/tinyusb/src/common/tusb_fifo.c.obj
                0x1000642c                tu_fifo_read_n
 .text.tu_fifo_write
                0x10006436       0x64 CMakeFiles/OMNICLIMB.dir/C_/Users/Lab_PC_02/.pico-sdk/sdk/2.1.1/lib/tinyusb/src/common/tusb_fifo.c.obj
                0x10006436                tu_fifo_write
 .text.tu_fifo_write_n
                0x1000649a        0xa CMakeFiles/OMNICLIMB.dir/C_/Users/Lab_PC_02/.pico-sdk/sdk/2.1.1/lib/tinyusb/src/common/tusb_fifo.c.obj
                0x1000649a                tu_fifo_write_n
 .text.tu_fifo_clear
                0x100064a4       0x3e CMakeFiles/OMNICLIMB.dir/C_/Users/Lab_PC_02/.pico-sdk/sdk/2.1.1/lib/tinyusb/src/common/tusb_fifo.c.obj
                0x100064a4                tu_fifo_clear
 .text.tu_fifo_set_overwritable
                0x100064e2       0x46 CMakeFiles/OMNICLIMB.dir/C_/Users/Lab_PC_02/.pico-sdk/sdk/2.1.1/lib/tinyusb/src/common/tusb_fifo.c.obj
                0x100064e2                tu_fifo_set_overwritable
 .text.i2c_unreset
                0x10006528       0x2c CMakeFiles/OMNICLIMB.dir/C_/Users/Lab_PC_02/.pico-sdk/sdk/2.1.1/src/rp2_common/hardware_i2c/i2c.c.obj
 .text.i2c_write_blocking_internal
                0x10006554      0x158 CMakeFiles/OMNICLIMB.dir/C_/Users/Lab_PC_02/.pico-sdk/sdk/2.1.1/src/rp2_common/hardware_i2c/i2c.c.obj
 .text.i2c_read_blocking_internal
                0x100066ac      0x102 CMakeFiles/OMNICLIMB.dir/C_/Users/Lab_PC_02/.pico-sdk/sdk/2.1.1/src/rp2_common/hardware_i2c/i2c.c.obj
 *fill*         0x100067ae        0x2 
 .text.i2c_set_baudrate
                0x100067b0       0xf0 CMakeFiles/OMNICLIMB.dir/C_/Users/Lab_PC_02/.pico-sdk/sdk/2.1.1/src/rp2_common/hardware_i2c/i2c.c.obj
                0x100067b0                i2c_set_baudrate
 .text.i2c_init
                0x100068a0       0x54 CMakeFiles/OMNICLIMB.dir/C_/Users/Lab_PC_02/.pico-sdk/sdk/2.1.1/src/rp2_common/hardware_i2c/i2c.c.obj
                0x100068a0                i2c_init
 .text.i2c_write_blocking
                0x100068f4       0x18 CMakeFiles/OMNICLIMB.dir/C_/Users/Lab_PC_02/.pico-sdk/sdk/2.1.1/src/rp2_common/hardware_i2c/i2c.c.obj
                0x100068f4                i2c_write_blocking
 .text.i2c_read_blocking
                0x1000690c       0x18 CMakeFiles/OMNICLIMB.dir/C_/Users/Lab_PC_02/.pico-sdk/sdk/2.1.1/src/rp2_common/hardware_i2c/i2c.c.obj
                0x1000690c                i2c_read_blocking
 .text.ads1115_raw_to_volts
                0x10006924       0xa4 CMakeFiles/OMNICLIMB.dir/lib/pico-ads1115/lib/ads1115.c.obj
                0x10006924                ads1115_raw_to_volts
 .text.ads1115_read_config
                0x100069c8       0x38 CMakeFiles/OMNICLIMB.dir/lib/pico-ads1115/lib/ads1115.c.obj
                0x100069c8                ads1115_read_config
 .text.ads1115_init
                0x10006a00        0xe CMakeFiles/OMNICLIMB.dir/lib/pico-ads1115/lib/ads1115.c.obj
                0x10006a00                ads1115_init
 .text.ads1115_write_config
                0x10006a0e       0x24 CMakeFiles/OMNICLIMB.dir/lib/pico-ads1115/lib/ads1115.c.obj
                0x10006a0e                ads1115_write_config
 *fill*         0x10006a32        0x2 
 .text.ads1115_read_adc
                0x10006a34       0x58 CMakeFiles/OMNICLIMB.dir/lib/pico-ads1115/lib/ads1115.c.obj
                0x10006a34                ads1115_read_adc
 .text.ads1115_set_input_mux
                0x10006a8c       0x14 CMakeFiles/OMNICLIMB.dir/lib/pico-ads1115/lib/ads1115.c.obj
                0x10006a8c                ads1115_set_input_mux
 .text.ads1115_set_pga
                0x10006aa0       0x14 CMakeFiles/OMNICLIMB.dir/lib/pico-ads1115/lib/ads1115.c.obj
                0x10006aa0                ads1115_set_pga
 .text.ads1115_set_data_rate
                0x10006ab4        0xe CMakeFiles/OMNICLIMB.dir/lib/pico-ads1115/lib/ads1115.c.obj
                0x10006ab4                ads1115_set_data_rate
 *fill*         0x10006ac2        0x2 
 .text._ZN12PICO_ADS1115C2Ev
                0x10006ac4       0x1c CMakeFiles/OMNICLIMB.dir/lib/ADS1x15_PICO/src/ads1x15/ads1x15.cpp.obj
                0x10006ac4                PICO_ADS1115::PICO_ADS1115()
                0x10006ac4                PICO_ADS1115::PICO_ADS1115()
 .text.strlen   0x10006ae0       0x5c C:/Users/LABPC0~1/PICO-S~1/TOOLCH~1/14_2_R~1/bin/../lib/gcc/arm-none-eabi/14.2.1/thumb/v6-m/nofp\libg.a(libc_a-strlen-stub.o)
                0x10006ae0                strlen
 *(.fini)
 .fini          0x10006b3c        0x4 C:/Users/LABPC0~1/PICO-S~1/TOOLCH~1/14_2_R~1/bin/../lib/gcc/arm-none-eabi/14.2.1/thumb/v6-m/nofp/crti.o
                0x10006b3c                _fini
 .fini.__stub   0x10006b40       0xd0 linker stubs
 *crtbegin.o(.ctors)
 *crtbegin?.o(.ctors)
 *(EXCLUDE_FILE(*crtend.o *crtend?.o) .ctors)
 *(SORT_BY_NAME(.ctors.*))
 *(.ctors)
 *crtbegin.o(.dtors)
 *crtbegin?.o(.dtors)
 *(EXCLUDE_FILE(*crtend.o *crtend?.o) .dtors)
 *(SORT_BY_NAME(.dtors.*))
 *(.dtors)
                0x10006c10                        . = ALIGN (0x4)
                0x10006c10                        PROVIDE (__preinit_array_start = .)
 *(SORT_BY_NAME(.preinit_array.*))
 .preinit_array.00100
                0x10006c10        0x4 CMakeFiles/OMNICLIMB.dir/C_/Users/Lab_PC_02/.pico-sdk/sdk/2.1.1/src/rp2_common/pico_runtime_init/runtime_init.c.obj
                0x10006c10                __pre_init_runtime_init_early_resets
 .preinit_array.00101
                0x10006c14        0x4 CMakeFiles/OMNICLIMB.dir/C_/Users/Lab_PC_02/.pico-sdk/sdk/2.1.1/src/rp2_common/pico_runtime_init/runtime_init.c.obj
                0x10006c14                __pre_init_runtime_init_usb_power_down
 .preinit_array.00275
                0x10006c18        0x4 CMakeFiles/OMNICLIMB.dir/C_/Users/Lab_PC_02/.pico-sdk/sdk/2.1.1/src/rp2_common/pico_bit_ops/bit_ops_aeabi.S.obj
 .preinit_array.00300
                0x10006c1c        0x4 CMakeFiles/OMNICLIMB.dir/C_/Users/Lab_PC_02/.pico-sdk/sdk/2.1.1/src/rp2_common/pico_mem_ops/mem_ops_aeabi.S.obj
 .preinit_array.00350
                0x10006c20        0x4 CMakeFiles/OMNICLIMB.dir/C_/Users/Lab_PC_02/.pico-sdk/sdk/2.1.1/src/rp2_common/pico_double/double_aeabi_rp2040.S.obj
 .preinit_array.00350
                0x10006c24        0x4 CMakeFiles/OMNICLIMB.dir/C_/Users/Lab_PC_02/.pico-sdk/sdk/2.1.1/src/rp2_common/pico_float/float_aeabi_rp2040.S.obj
 .preinit_array.00500
                0x10006c28        0x4 CMakeFiles/OMNICLIMB.dir/C_/Users/Lab_PC_02/.pico-sdk/sdk/2.1.1/src/rp2_common/pico_runtime_init/runtime_init.c.obj
                0x10006c28                __pre_init_runtime_init_clocks
 .preinit_array.00600
                0x10006c2c        0x4 CMakeFiles/OMNICLIMB.dir/C_/Users/Lab_PC_02/.pico-sdk/sdk/2.1.1/src/rp2_common/pico_runtime_init/runtime_init.c.obj
                0x10006c2c                __pre_init_runtime_init_post_clock_resets
 .preinit_array.00700
                0x10006c30        0x4 CMakeFiles/OMNICLIMB.dir/C_/Users/Lab_PC_02/.pico-sdk/sdk/2.1.1/src/rp2_common/pico_runtime_init/runtime_init.c.obj
                0x10006c30                __pre_init_runtime_init_rp2040_gpio_ie_disable
 .preinit_array.01000
                0x10006c34        0x4 CMakeFiles/OMNICLIMB.dir/C_/Users/Lab_PC_02/.pico-sdk/sdk/2.1.1/src/rp2_common/pico_runtime_init/runtime_init.c.obj
                0x10006c34                __pre_init_runtime_init_spin_locks_reset
 .preinit_array.01100
                0x10006c38        0x4 CMakeFiles/OMNICLIMB.dir/C_/Users/Lab_PC_02/.pico-sdk/sdk/2.1.1/src/common/pico_sync/mutex.c.obj
                0x10006c38                __pre_init_runtime_init_mutex
 .preinit_array.10080
                0x10006c3c        0x4 CMakeFiles/OMNICLIMB.dir/C_/Users/Lab_PC_02/.pico-sdk/sdk/2.1.1/src/rp2_common/pico_runtime_init/runtime_init.c.obj
                0x10006c3c                __pre_init_runtime_init_install_ram_vector_table
 .preinit_array.11000
                0x10006c40        0x4 CMakeFiles/OMNICLIMB.dir/C_/Users/Lab_PC_02/.pico-sdk/sdk/2.1.1/src/common/pico_time/time.c.obj
                0x10006c40                __pre_init_runtime_init_default_alarm_pool
 .preinit_array.YYYYY
                0x10006c44        0x4 CMakeFiles/OMNICLIMB.dir/C_/Users/Lab_PC_02/.pico-sdk/sdk/2.1.1/src/rp2_common/pico_runtime/runtime.c.obj
                0x10006c44                __pre_init_first_per_core_initializer
 .preinit_array.ZZZZZ.01200
                0x10006c48        0x4 CMakeFiles/OMNICLIMB.dir/C_/Users/Lab_PC_02/.pico-sdk/sdk/2.1.1/src/rp2_common/hardware_irq/irq.c.obj
                0x10006c48                __pre_init_runtime_init_per_core_irq_priorities
 *(.preinit_array)
                0x10006c4c                        PROVIDE (__preinit_array_end = .)
                0x10006c4c                        . = ALIGN (0x4)
                0x10006c4c                        PROVIDE (__init_array_start = .)
 *(SORT_BY_NAME(.init_array.*))
 *(.init_array)
 .init_array    0x10006c4c        0x4 C:/Users/LABPC0~1/PICO-S~1/TOOLCH~1/14_2_R~1/bin/../lib/gcc/arm-none-eabi/14.2.1/thumb/v6-m/nofp/crtbegin.o
 .init_array    0x10006c50        0x4 CMakeFiles/OMNICLIMB.dir/single_ended.cpp.obj
 .init_array    0x10006c54        0x4 CMakeFiles/OMNICLIMB.dir/C_/Users/Lab_PC_02/.pico-sdk/sdk/2.1.1/src/rp2_common/pico_unique_id/unique_id.c.obj
                0x10006c58                        PROVIDE (__init_array_end = .)
                0x10006c58                        . = ALIGN (0x4)
                [!provide]                        PROVIDE (__fini_array_start = .)
 *(SORT_BY_NAME(.fini_array.*))
 *(.fini_array)
                [!provide]                        PROVIDE (__fini_array_end = .)
 *(.eh_frame*)
 .eh_frame      0x10006c58        0x0 C:/Users/LABPC0~1/PICO-S~1/TOOLCH~1/14_2_R~1/bin/../lib/gcc/arm-none-eabi/14.2.1/thumb/v6-m/nofp/crtbegin.o
                0x10006c58                        . = ALIGN (0x4)

.glue_7         0x10006c58        0x0
 .glue_7        0x10006c58        0x0 linker stubs

.glue_7t        0x10006c58        0x0
 .glue_7t       0x10006c58        0x0 linker stubs

.vfp11_veneer   0x10006c58        0x0
 .vfp11_veneer  0x10006c58        0x0 linker stubs

.v4_bx          0x10006c58        0x0
 .v4_bx         0x10006c58        0x0 linker stubs

.iplt           0x10006c58        0x0
 .iplt          0x10006c58        0x0 C:/Users/LABPC0~1/PICO-S~1/TOOLCH~1/14_2_R~1/bin/../lib/gcc/arm-none-eabi/14.2.1/thumb/v6-m/nofp/crtbegin.o

.rodata         0x10006c58     0x14e4
 *(EXCLUDE_FILE(*libm.a: *libc.a:*lib_a-mem*.o *libgcc.a:) .rodata*)
 .rodata.main.str1.4
                0x10006c58      0xcb5 CMakeFiles/OMNICLIMB.dir/adc_ads1115.c.obj
                                 0x45 (size before relaxing)
 .rodata.rp2040_chip_version.str1.4
                0x1000790d       0x81 CMakeFiles/OMNICLIMB.dir/C_/Users/Lab_PC_02/.pico-sdk/sdk/2.1.1/src/rp2040/pico_platform/platform.c.obj
 *fill*         0x1000790d        0x3 
 .rodata.__func__.0
                0x10007910       0x14 CMakeFiles/OMNICLIMB.dir/C_/Users/Lab_PC_02/.pico-sdk/sdk/2.1.1/src/rp2040/pico_platform/platform.c.obj
 .rodata.panic.str1.4
                0x10007924       0x12 CMakeFiles/OMNICLIMB.dir/C_/Users/Lab_PC_02/.pico-sdk/sdk/2.1.1/src/rp2_common/pico_platform_panic/panic.c.obj
 .rodata.spin_lock_claim_unused.str1.4
                0x10007924       0x1b CMakeFiles/OMNICLIMB.dir/C_/Users/Lab_PC_02/.pico-sdk/sdk/2.1.1/src/rp2_common/hardware_sync/sync.c.obj
 .rodata.resolve_j_16.str1.4
                0x10007924       0x61 CMakeFiles/OMNICLIMB.dir/C_/Users/Lab_PC_02/.pico-sdk/sdk/2.1.1/src/rp2_common/hardware_irq/irq.c.obj
 .rodata.make_j_16.str1.4
                0x10007924       0x30 CMakeFiles/OMNICLIMB.dir/C_/Users/Lab_PC_02/.pico-sdk/sdk/2.1.1/src/rp2_common/hardware_irq/irq.c.obj
 .rodata.irq_set_exclusive_handler.str1.4
                0x10007924       0x36 CMakeFiles/OMNICLIMB.dir/C_/Users/Lab_PC_02/.pico-sdk/sdk/2.1.1/src/rp2_common/hardware_irq/irq.c.obj
 .rodata.irq_add_shared_handler.str1.4
                0x10007924       0xd2 CMakeFiles/OMNICLIMB.dir/C_/Users/Lab_PC_02/.pico-sdk/sdk/2.1.1/src/rp2_common/hardware_irq/irq.c.obj
 .rodata.irq_add_tail_to_free_list.str1.4
                0x10007924       0x3a CMakeFiles/OMNICLIMB.dir/C_/Users/Lab_PC_02/.pico-sdk/sdk/2.1.1/src/rp2_common/hardware_irq/irq.c.obj
 .rodata.user_irq_claim_unused.str1.4
                0x10007924       0x1b CMakeFiles/OMNICLIMB.dir/C_/Users/Lab_PC_02/.pico-sdk/sdk/2.1.1/src/rp2_common/hardware_irq/irq.c.obj
 .rodata.__func__.0
                0x10007924       0x1a CMakeFiles/OMNICLIMB.dir/C_/Users/Lab_PC_02/.pico-sdk/sdk/2.1.1/src/rp2_common/hardware_irq/irq.c.obj
 *fill*         0x1000793e        0x2 
 .rodata.__func__.3
                0x10007940        0xa CMakeFiles/OMNICLIMB.dir/C_/Users/Lab_PC_02/.pico-sdk/sdk/2.1.1/src/rp2_common/hardware_irq/irq.c.obj
 *fill*         0x1000794a        0x2 
 .rodata.__func__.4
                0x1000794c        0xd CMakeFiles/OMNICLIMB.dir/C_/Users/Lab_PC_02/.pico-sdk/sdk/2.1.1/src/rp2_common/hardware_irq/irq.c.obj
 *fill*         0x10007959        0x3 
 .rodata.__func__.5
                0x1000795c       0x17 CMakeFiles/OMNICLIMB.dir/C_/Users/Lab_PC_02/.pico-sdk/sdk/2.1.1/src/rp2_common/hardware_irq/irq.c.obj
 *fill*         0x10007973        0x1 
 .rodata.__func__.6
                0x10007974       0x1a CMakeFiles/OMNICLIMB.dir/C_/Users/Lab_PC_02/.pico-sdk/sdk/2.1.1/src/rp2_common/hardware_irq/irq.c.obj
 .rodata.runtime_init_mutex.str1.4
                0x1000798e       0x64 CMakeFiles/OMNICLIMB.dir/C_/Users/Lab_PC_02/.pico-sdk/sdk/2.1.1/src/common/pico_sync/mutex.c.obj
 .rodata.str1.4
                0x1000798e       0x51 CMakeFiles/OMNICLIMB.dir/C_/Users/Lab_PC_02/.pico-sdk/sdk/2.1.1/src/common/pico_sync/mutex.c.obj
 *fill*         0x1000798e        0x2 
 .rodata.__func__.1
                0x10007990        0xb CMakeFiles/OMNICLIMB.dir/C_/Users/Lab_PC_02/.pico-sdk/sdk/2.1.1/src/common/pico_sync/mutex.c.obj
 *fill*         0x1000799b        0x1 
 .rodata.__func__.3
                0x1000799c       0x18 CMakeFiles/OMNICLIMB.dir/C_/Users/Lab_PC_02/.pico-sdk/sdk/2.1.1/src/common/pico_sync/mutex.c.obj
 .rodata.__func__.6
                0x100079b4       0x13 CMakeFiles/OMNICLIMB.dir/C_/Users/Lab_PC_02/.pico-sdk/sdk/2.1.1/src/common/pico_sync/mutex.c.obj
 .rodata.alarm_pool_irq_handler.str1.4
                0x100079c7       0x6f CMakeFiles/OMNICLIMB.dir/C_/Users/Lab_PC_02/.pico-sdk/sdk/2.1.1/src/common/pico_time/time.c.obj
 .rodata.alarm_pool_get_default.str1.4
                0x100079c7       0x21 CMakeFiles/OMNICLIMB.dir/C_/Users/Lab_PC_02/.pico-sdk/sdk/2.1.1/src/common/pico_time/time.c.obj
 .rodata.sleep_until.str1.4
                0x100079c7       0x4d CMakeFiles/OMNICLIMB.dir/C_/Users/Lab_PC_02/.pico-sdk/sdk/2.1.1/src/common/pico_time/time.c.obj
 *fill*         0x100079c7        0x1 
 .rodata.__func__.1
                0x100079c8       0x17 CMakeFiles/OMNICLIMB.dir/C_/Users/Lab_PC_02/.pico-sdk/sdk/2.1.1/src/common/pico_time/time.c.obj
 *fill*         0x100079df        0x1 
 .rodata.__func__.2
                0x100079e0       0x17 CMakeFiles/OMNICLIMB.dir/C_/Users/Lab_PC_02/.pico-sdk/sdk/2.1.1/src/common/pico_time/time.c.obj
 .rodata.timer_hardware_alarm_claim.str1.4
                0x100079f7       0x22 CMakeFiles/OMNICLIMB.dir/C_/Users/Lab_PC_02/.pico-sdk/sdk/2.1.1/src/rp2_common/hardware_timer/timer.c.obj
 .rodata.pll_init.str1.4
                0x100079f7      0x120 CMakeFiles/OMNICLIMB.dir/C_/Users/Lab_PC_02/.pico-sdk/sdk/2.1.1/src/rp2_common/hardware_pll/pll.c.obj
 *fill*         0x100079f7        0x1 
 .rodata.__func__.0
                0x100079f8        0x9 CMakeFiles/OMNICLIMB.dir/C_/Users/Lab_PC_02/.pico-sdk/sdk/2.1.1/src/rp2_common/hardware_pll/pll.c.obj
 .rodata.missing_double_func_shim.str1.4
                0x10007a01       0x18 CMakeFiles/OMNICLIMB.dir/C_/Users/Lab_PC_02/.pico-sdk/sdk/2.1.1/src/rp2_common/pico_double/double_init_rom_rp2040.c.obj
 .rodata.__aeabi_double_init.str1.4
                0x10007a01       0x9f CMakeFiles/OMNICLIMB.dir/C_/Users/Lab_PC_02/.pico-sdk/sdk/2.1.1/src/rp2_common/pico_double/double_init_rom_rp2040.c.obj
 *fill*         0x10007a01        0x3 
 .rodata.__func__.0
                0x10007a04       0x14 CMakeFiles/OMNICLIMB.dir/C_/Users/Lab_PC_02/.pico-sdk/sdk/2.1.1/src/rp2_common/pico_double/double_init_rom_rp2040.c.obj
 .rodata.missing_float_func_shim.str1.4
                0x10007a18        0x1 CMakeFiles/OMNICLIMB.dir/C_/Users/Lab_PC_02/.pico-sdk/sdk/2.1.1/src/rp2_common/pico_float/float_init_rom_rp2040.c.obj
 .rodata.__aeabi_float_init.str1.4
                0x10007a18       0x8d CMakeFiles/OMNICLIMB.dir/C_/Users/Lab_PC_02/.pico-sdk/sdk/2.1.1/src/rp2_common/pico_float/float_init_rom_rp2040.c.obj
 .rodata.__func__.0
                0x10007a18       0x13 CMakeFiles/OMNICLIMB.dir/C_/Users/Lab_PC_02/.pico-sdk/sdk/2.1.1/src/rp2_common/pico_float/float_init_rom_rp2040.c.obj
 .rodata.str1.4
                0x10007a2b       0x44 CMakeFiles/OMNICLIMB.dir/C_/Users/Lab_PC_02/.pico-sdk/sdk/2.1.1/src/rp2_common/pico_standard_binary_info/standard_binary_info.c.obj
 *fill*         0x10007a2b        0x1 
 .rodata.__bi_84
                0x10007a2c        0xc CMakeFiles/OMNICLIMB.dir/C_/Users/Lab_PC_02/.pico-sdk/sdk/2.1.1/src/rp2_common/pico_standard_binary_info/standard_binary_info.c.obj
 .rodata.__bi_78
                0x10007a38        0xc CMakeFiles/OMNICLIMB.dir/C_/Users/Lab_PC_02/.pico-sdk/sdk/2.1.1/src/rp2_common/pico_standard_binary_info/standard_binary_info.c.obj
 .rodata.__bi_60
                0x10007a44        0xc CMakeFiles/OMNICLIMB.dir/C_/Users/Lab_PC_02/.pico-sdk/sdk/2.1.1/src/rp2_common/pico_standard_binary_info/standard_binary_info.c.obj
 .rodata.__bi_54
                0x10007a50        0xc CMakeFiles/OMNICLIMB.dir/C_/Users/Lab_PC_02/.pico-sdk/sdk/2.1.1/src/rp2_common/pico_standard_binary_info/standard_binary_info.c.obj
 .rodata.__bi_48
                0x10007a5c        0xc CMakeFiles/OMNICLIMB.dir/C_/Users/Lab_PC_02/.pico-sdk/sdk/2.1.1/src/rp2_common/pico_standard_binary_info/standard_binary_info.c.obj
 .rodata.__bi_42
                0x10007a68        0xc CMakeFiles/OMNICLIMB.dir/C_/Users/Lab_PC_02/.pico-sdk/sdk/2.1.1/src/rp2_common/pico_standard_binary_info/standard_binary_info.c.obj
 .rodata.__bi_34
                0x10007a74        0xc CMakeFiles/OMNICLIMB.dir/C_/Users/Lab_PC_02/.pico-sdk/sdk/2.1.1/src/rp2_common/pico_standard_binary_info/standard_binary_info.c.obj
 .rodata.__bi_26
                0x10007a80        0xc CMakeFiles/OMNICLIMB.dir/C_/Users/Lab_PC_02/.pico-sdk/sdk/2.1.1/src/rp2_common/pico_standard_binary_info/standard_binary_info.c.obj
 .rodata._ftoa.str1.4
                0x10007a8c       0x15 CMakeFiles/OMNICLIMB.dir/C_/Users/Lab_PC_02/.pico-sdk/sdk/2.1.1/src/rp2_common/pico_printf/printf.c.obj
 .rodata._vsnprintf
                0x10007a8c      0x19c CMakeFiles/OMNICLIMB.dir/C_/Users/Lab_PC_02/.pico-sdk/sdk/2.1.1/src/rp2_common/pico_printf/printf.c.obj
 .rodata.pow10.0
                0x10007c28       0x50 CMakeFiles/OMNICLIMB.dir/C_/Users/Lab_PC_02/.pico-sdk/sdk/2.1.1/src/rp2_common/pico_printf/printf.c.obj
 .rodata.__assert_func.str1.4
                0x10007c78       0x43 CMakeFiles/OMNICLIMB.dir/C_/Users/Lab_PC_02/.pico-sdk/sdk/2.1.1/src/rp2_common/pico_clib_interface/newlib_interface.c.obj
 .rodata.crlf_str.0
                0x10007c78        0x2 CMakeFiles/OMNICLIMB.dir/C_/Users/Lab_PC_02/.pico-sdk/sdk/2.1.1/src/rp2_common/pico_stdio/stdio.c.obj
 *fill*         0x10007c7a        0x2 
 .rodata._resetd_driver
                0x10007c7c       0x20 CMakeFiles/OMNICLIMB.dir/C_/Users/Lab_PC_02/.pico-sdk/sdk/2.1.1/src/rp2_common/pico_stdio_usb/reset_interface.c.obj
 .rodata.desc_ms_os_20
                0x10007c9c       0xa6 CMakeFiles/OMNICLIMB.dir/C_/Users/Lab_PC_02/.pico-sdk/sdk/2.1.1/src/rp2_common/pico_stdio_usb/reset_interface.c.obj
 *fill*         0x10007d42        0x2 
 .rodata.desc_bos
                0x10007d44       0x21 CMakeFiles/OMNICLIMB.dir/C_/Users/Lab_PC_02/.pico-sdk/sdk/2.1.1/src/rp2_common/pico_stdio_usb/reset_interface.c.obj
                0x10007d44                desc_bos
 .rodata.stdio_usb_init.str1.4
                0x10007d65       0x59 CMakeFiles/OMNICLIMB.dir/C_/Users/Lab_PC_02/.pico-sdk/sdk/2.1.1/src/rp2_common/pico_stdio_usb/stdio_usb.c.obj
 .rodata.str1.4
                0x10007d65       0x13 CMakeFiles/OMNICLIMB.dir/C_/Users/Lab_PC_02/.pico-sdk/sdk/2.1.1/src/rp2_common/pico_stdio_usb/stdio_usb.c.obj
 *fill*         0x10007d65        0x3 
 .rodata.__bi_197.1
                0x10007d68        0xc CMakeFiles/OMNICLIMB.dir/C_/Users/Lab_PC_02/.pico-sdk/sdk/2.1.1/src/rp2_common/pico_stdio_usb/stdio_usb.c.obj
 .rodata.__func__.2
                0x10007d74        0xf CMakeFiles/OMNICLIMB.dir/C_/Users/Lab_PC_02/.pico-sdk/sdk/2.1.1/src/rp2_common/pico_stdio_usb/stdio_usb.c.obj
 .rodata.str1.4
                0x10007d83       0x2a CMakeFiles/OMNICLIMB.dir/C_/Users/Lab_PC_02/.pico-sdk/sdk/2.1.1/src/rp2_common/pico_stdio_usb/stdio_usb_descriptors.c.obj
 *fill*         0x10007d83        0x1 
 .rodata.usbd_desc_str
                0x10007d84       0x18 CMakeFiles/OMNICLIMB.dir/C_/Users/Lab_PC_02/.pico-sdk/sdk/2.1.1/src/rp2_common/pico_stdio_usb/stdio_usb_descriptors.c.obj
 .rodata.usbd_desc_cfg
                0x10007d9c       0x54 CMakeFiles/OMNICLIMB.dir/C_/Users/Lab_PC_02/.pico-sdk/sdk/2.1.1/src/rp2_common/pico_stdio_usb/stdio_usb_descriptors.c.obj
 .rodata.usbd_desc_device
                0x10007df0       0x12 CMakeFiles/OMNICLIMB.dir/C_/Users/Lab_PC_02/.pico-sdk/sdk/2.1.1/src/rp2_common/pico_stdio_usb/stdio_usb_descriptors.c.obj
 .rodata.pico_get_unique_board_id_string.str1.4
                0x10007e02       0x59 CMakeFiles/OMNICLIMB.dir/C_/Users/Lab_PC_02/.pico-sdk/sdk/2.1.1/src/rp2_common/pico_unique_id/unique_id.c.obj
 *fill*         0x10007e02        0x2 
 .rodata.__func__.0
                0x10007e04       0x20 CMakeFiles/OMNICLIMB.dir/C_/Users/Lab_PC_02/.pico-sdk/sdk/2.1.1/src/rp2_common/pico_unique_id/unique_id.c.obj
 .rodata.str1.4
                0x10007e24      0x19d CMakeFiles/OMNICLIMB.dir/C_/Users/Lab_PC_02/.pico-sdk/sdk/2.1.1/src/rp2_common/hardware_flash/flash.c.obj
 .rodata.__func__.0
                0x10007e24        0xd CMakeFiles/OMNICLIMB.dir/C_/Users/Lab_PC_02/.pico-sdk/sdk/2.1.1/src/rp2_common/hardware_flash/flash.c.obj
 .rodata.hw_endpoint_alloc.str1.4
                0x10007e31       0xa4 CMakeFiles/OMNICLIMB.dir/C_/Users/Lab_PC_02/.pico-sdk/sdk/2.1.1/lib/tinyusb/src/portable/raspberrypi/rp2040/dcd_rp2040.c.obj
 .rodata.str1.4
                0x10007e31       0x14 CMakeFiles/OMNICLIMB.dir/C_/Users/Lab_PC_02/.pico-sdk/sdk/2.1.1/lib/tinyusb/src/portable/raspberrypi/rp2040/dcd_rp2040.c.obj
 .rodata.dcd_int_enable.str1.4
                0x10007e31        0xc CMakeFiles/OMNICLIMB.dir/C_/Users/Lab_PC_02/.pico-sdk/sdk/2.1.1/lib/tinyusb/src/portable/raspberrypi/rp2040/dcd_rp2040.c.obj
 *fill*         0x10007e31        0x3 
 .rodata.__func__.0
                0x10007e34        0xe CMakeFiles/OMNICLIMB.dir/C_/Users/Lab_PC_02/.pico-sdk/sdk/2.1.1/lib/tinyusb/src/portable/raspberrypi/rp2040/dcd_rp2040.c.obj
 *fill*         0x10007e42        0x2 
 .rodata.__func__.3
                0x10007e44       0x10 CMakeFiles/OMNICLIMB.dir/C_/Users/Lab_PC_02/.pico-sdk/sdk/2.1.1/lib/tinyusb/src/portable/raspberrypi/rp2040/dcd_rp2040.c.obj
 .rodata.__func__.5
                0x10007e54        0xf CMakeFiles/OMNICLIMB.dir/C_/Users/Lab_PC_02/.pico-sdk/sdk/2.1.1/lib/tinyusb/src/portable/raspberrypi/rp2040/dcd_rp2040.c.obj
 *fill*         0x10007e63        0x1 
 .rodata.__func__.6
                0x10007e64       0x12 CMakeFiles/OMNICLIMB.dir/C_/Users/Lab_PC_02/.pico-sdk/sdk/2.1.1/lib/tinyusb/src/portable/raspberrypi/rp2040/dcd_rp2040.c.obj
 *fill*         0x10007e76        0x2 
 .rodata.__func__.7
                0x10007e78        0x9 CMakeFiles/OMNICLIMB.dir/C_/Users/Lab_PC_02/.pico-sdk/sdk/2.1.1/lib/tinyusb/src/portable/raspberrypi/rp2040/dcd_rp2040.c.obj
 .rodata.str1.4
                0x10007e81       0xe8 CMakeFiles/OMNICLIMB.dir/C_/Users/Lab_PC_02/.pico-sdk/sdk/2.1.1/lib/tinyusb/src/portable/raspberrypi/rp2040/rp2040_usb.c.obj
 .rodata.hw_endpoint_xfer_start.str1.4
                0x10007e81       0x38 CMakeFiles/OMNICLIMB.dir/C_/Users/Lab_PC_02/.pico-sdk/sdk/2.1.1/lib/tinyusb/src/portable/raspberrypi/rp2040/rp2040_usb.c.obj
 *fill*         0x10007e81        0x3 
 .rodata.__func__.0
                0x10007e84        0xf CMakeFiles/OMNICLIMB.dir/C_/Users/Lab_PC_02/.pico-sdk/sdk/2.1.1/lib/tinyusb/src/portable/raspberrypi/rp2040/rp2040_usb.c.obj
 .rodata.configuration_reset.str1.4
                0x10007e93       0x17 CMakeFiles/OMNICLIMB.dir/C_/Users/Lab_PC_02/.pico-sdk/sdk/2.1.1/lib/tinyusb/src/device/usbd.c.obj
 *fill*         0x10007e93        0x1 
 .rodata.process_get_descriptor
                0x10007e94       0x40 CMakeFiles/OMNICLIMB.dir/C_/Users/Lab_PC_02/.pico-sdk/sdk/2.1.1/lib/tinyusb/src/device/usbd.c.obj
 .rodata        0x10007ed4       0x1c CMakeFiles/OMNICLIMB.dir/C_/Users/Lab_PC_02/.pico-sdk/sdk/2.1.1/lib/tinyusb/src/device/usbd.c.obj
 .rodata.process_control_request
                0x10007ef0       0x28 CMakeFiles/OMNICLIMB.dir/C_/Users/Lab_PC_02/.pico-sdk/sdk/2.1.1/lib/tinyusb/src/device/usbd.c.obj
 .rodata.tud_task_ext
                0x10007f18       0x24 CMakeFiles/OMNICLIMB.dir/C_/Users/Lab_PC_02/.pico-sdk/sdk/2.1.1/lib/tinyusb/src/device/usbd.c.obj
 .rodata.__func__.3
                0x10007f3c        0xf CMakeFiles/OMNICLIMB.dir/C_/Users/Lab_PC_02/.pico-sdk/sdk/2.1.1/lib/tinyusb/src/device/usbd.c.obj
 *fill*         0x10007f4b        0x1 
 .rodata.__func__.4
                0x10007f4c        0xf CMakeFiles/OMNICLIMB.dir/C_/Users/Lab_PC_02/.pico-sdk/sdk/2.1.1/lib/tinyusb/src/device/usbd.c.obj
 *fill*         0x10007f5b        0x1 
 .rodata.__func__.5
                0x10007f5c       0x14 CMakeFiles/OMNICLIMB.dir/C_/Users/Lab_PC_02/.pico-sdk/sdk/2.1.1/lib/tinyusb/src/device/usbd.c.obj
 .rodata.__func__.6
                0x10007f70        0xc CMakeFiles/OMNICLIMB.dir/C_/Users/Lab_PC_02/.pico-sdk/sdk/2.1.1/lib/tinyusb/src/device/usbd.c.obj
 .rodata.__func__.7
                0x10007f7c       0x17 CMakeFiles/OMNICLIMB.dir/C_/Users/Lab_PC_02/.pico-sdk/sdk/2.1.1/lib/tinyusb/src/device/usbd.c.obj
 *fill*         0x10007f93        0x1 
 .rodata.__func__.8
                0x10007f94       0x13 CMakeFiles/OMNICLIMB.dir/C_/Users/Lab_PC_02/.pico-sdk/sdk/2.1.1/lib/tinyusb/src/device/usbd.c.obj
 *fill*         0x10007fa7        0x1 
 .rodata.__func__.9
                0x10007fa8       0x18 CMakeFiles/OMNICLIMB.dir/C_/Users/Lab_PC_02/.pico-sdk/sdk/2.1.1/lib/tinyusb/src/device/usbd.c.obj
 .rodata.__func__.10
                0x10007fc0       0x14 CMakeFiles/OMNICLIMB.dir/C_/Users/Lab_PC_02/.pico-sdk/sdk/2.1.1/lib/tinyusb/src/device/usbd.c.obj
 .rodata.__func__.11
                0x10007fd4        0xd CMakeFiles/OMNICLIMB.dir/C_/Users/Lab_PC_02/.pico-sdk/sdk/2.1.1/lib/tinyusb/src/device/usbd.c.obj
 *fill*         0x10007fe1        0x3 
 .rodata.__func__.12
                0x10007fe4       0x10 CMakeFiles/OMNICLIMB.dir/C_/Users/Lab_PC_02/.pico-sdk/sdk/2.1.1/lib/tinyusb/src/device/usbd.c.obj
 .rodata._usbd_driver
                0x10007ff4       0x40 CMakeFiles/OMNICLIMB.dir/C_/Users/Lab_PC_02/.pico-sdk/sdk/2.1.1/lib/tinyusb/src/device/usbd.c.obj
 .rodata.tud_control_xfer.str1.4
                0x10008034       0x17 CMakeFiles/OMNICLIMB.dir/C_/Users/Lab_PC_02/.pico-sdk/sdk/2.1.1/lib/tinyusb/src/device/usbd_control.c.obj
 .rodata.__func__.0
                0x10008034       0x15 CMakeFiles/OMNICLIMB.dir/C_/Users/Lab_PC_02/.pico-sdk/sdk/2.1.1/lib/tinyusb/src/device/usbd_control.c.obj
 *fill*         0x10008049        0x3 
 .rodata.__func__.1
                0x1000804c       0x11 CMakeFiles/OMNICLIMB.dir/C_/Users/Lab_PC_02/.pico-sdk/sdk/2.1.1/lib/tinyusb/src/device/usbd_control.c.obj
 .rodata.tud_cdc_n_write_flush.str1.4
                0x1000805d       0x17 CMakeFiles/OMNICLIMB.dir/C_/Users/Lab_PC_02/.pico-sdk/sdk/2.1.1/lib/tinyusb/src/class/cdc/cdc_device.c.obj
 *fill*         0x1000805d        0x3 
 .rodata.__func__.0
                0x10008060        0xd CMakeFiles/OMNICLIMB.dir/C_/Users/Lab_PC_02/.pico-sdk/sdk/2.1.1/lib/tinyusb/src/class/cdc/cdc_device.c.obj
 *fill*         0x1000806d        0x3 
 .rodata.__func__.1
                0x10008070        0xa CMakeFiles/OMNICLIMB.dir/C_/Users/Lab_PC_02/.pico-sdk/sdk/2.1.1/lib/tinyusb/src/class/cdc/cdc_device.c.obj
 *fill*         0x1000807a        0x2 
 .rodata.__func__.3
                0x1000807c       0x16 CMakeFiles/OMNICLIMB.dir/C_/Users/Lab_PC_02/.pico-sdk/sdk/2.1.1/lib/tinyusb/src/class/cdc/cdc_device.c.obj
 .rodata.vendord_open.str1.4
                0x10008092       0x17 CMakeFiles/OMNICLIMB.dir/C_/Users/Lab_PC_02/.pico-sdk/sdk/2.1.1/lib/tinyusb/src/class/vendor/vendor_device.c.obj
 *fill*         0x10008092        0x2 
 .rodata.__func__.0
                0x10008094        0xd CMakeFiles/OMNICLIMB.dir/C_/Users/Lab_PC_02/.pico-sdk/sdk/2.1.1/lib/tinyusb/src/class/vendor/vendor_device.c.obj
 .rodata.tusb_rhport_init.str1.4
                0x100080a1       0x17 CMakeFiles/OMNICLIMB.dir/C_/Users/Lab_PC_02/.pico-sdk/sdk/2.1.1/lib/tinyusb/src/tusb.c.obj
 *fill*         0x100080a1        0x3 
 .rodata.__func__.0
                0x100080a4       0x19 CMakeFiles/OMNICLIMB.dir/C_/Users/Lab_PC_02/.pico-sdk/sdk/2.1.1/lib/tinyusb/src/tusb.c.obj
 *fill*         0x100080bd        0x3 
 .rodata.__func__.2
                0x100080c0       0x1a CMakeFiles/OMNICLIMB.dir/C_/Users/Lab_PC_02/.pico-sdk/sdk/2.1.1/lib/tinyusb/src/tusb.c.obj
 *fill*         0x100080da        0x2 
 .rodata.__func__.3
                0x100080dc       0x23 CMakeFiles/OMNICLIMB.dir/C_/Users/Lab_PC_02/.pico-sdk/sdk/2.1.1/lib/tinyusb/src/tusb.c.obj
 *fill*         0x100080ff        0x1 
 .rodata.__func__.4
                0x10008100       0x11 CMakeFiles/OMNICLIMB.dir/C_/Users/Lab_PC_02/.pico-sdk/sdk/2.1.1/lib/tinyusb/src/tusb.c.obj
 *fill*         0x10008111        0x3 
 .rodata.__func__.5
                0x10008114       0x11 CMakeFiles/OMNICLIMB.dir/C_/Users/Lab_PC_02/.pico-sdk/sdk/2.1.1/lib/tinyusb/src/tusb.c.obj
 .rodata.i2c_set_baudrate.str1.4
                0x10008125       0x69 CMakeFiles/OMNICLIMB.dir/C_/Users/Lab_PC_02/.pico-sdk/sdk/2.1.1/src/rp2_common/hardware_i2c/i2c.c.obj